12-25 04:33:38.757 19146 19146 I WifiEnabler: [ WifiEnabler ] onCheckedChanged, WiFi State: 1, Switch State: true
12-25 04:33:38.757 19146 19146 I WifiEnabler: [ WifiEnabler ] onCheckedChanged, setWifiEnabled: true
12-25 04:33:38.757  1161  1925 D WifiService: setWifiEnabled: true pid=19146, uid=1000
12-25 04:33:38.757  1161  1925 E WifiService: Invoking mWifiStateMachine.setWifiEnabled
12-25 04:33:38.817 19146 19146 I WifiEnabler: onCheckedChanged, addChangValueAction
12-25 04:33:38.817  1161  1739 I WifiStateMachine: Wlan: enable...
12-25 04:33:38.817  1161  1739 I WifiStateMachine: perfLockAcquire return: 0
12-25 04:33:38.817  1161  1739 E WifiStateMachine: setting operational mode to 1
12-25 04:33:38.817 19146 19146 D RecentSettingsApi: addChangValueAction time = 5
12-25 04:33:38.827  1161  1738 E WifiStateMachine:  InitialState !CMD_START_SUPPLICANT 0 0
12-25 04:33:38.827  1161  1738 I WifiStateMachine: Wlan: loadDriver...
12-25 04:33:39.047  1161  2081 I WifiHAL : Poll result = 1
12-25 04:33:39.047  1161  2081 I WifiHAL : Found some events!!!
12-25 04:33:39.047  1161  2081 D WifiHAL : no_seq_check received
12-25 04:33:39.047  1161  2081 I WifiHAL : event received NL80211_CMD_REG_CHANGE
12-25 04:33:39.047  1161  2081 I WifiHAL : event received NL80211_CMD_REG_CHANGE, vendor_id = 0x0
12-25 04:33:39.047  1161  2081 I WifiHAL : event ignored!!
12-25 04:33:39.067  1161  2081 I WifiHAL : Poll result = 1
12-25 04:33:39.067  1161  2081 I WifiHAL : Found some events!!!
12-25 04:33:39.067  1161  2081 D WifiHAL : no_seq_check received
12-25 04:33:39.067  1161  2081 I WifiHAL : event received NL80211_CMD_VENDOR, vendor_id = 0x1374, subcmd = 0xa
12-25 04:33:39.067  1161  2081 I WifiHAL : event received NL80211_CMD_VENDOR, vendor_id = 0x1374
12-25 04:33:39.067  1161  2081 I WifiHAL : event ignored!!
12-25 04:33:39.067  1161  1244 V ActivityManager: Broadcast sticky: Intent { act=android.net.conn.TETHER_STATE_CHANGED flg=0x24000010 (has extras) } ordered=false userid=-1
12-25 04:33:39.067  1161  1244 D Tethering: sendTetherStateChangedBroadcast 1, 0, 0
12-25 04:33:39.067  1161  1735 D NtpTrustedTime: forceRefresh() from cache miss
12-25 04:33:39.077  1161  1735 D NtpTrustedTime: client.requestTime mServer is false
12-25 04:33:39.087  1161  2081 I WifiHAL : Poll result = 1
12-25 04:33:39.087  1161  2081 I WifiHAL : Found some events!!!
12-25 04:33:39.087  1161  1244 D Tethering: InitialState.processMessage what=4
12-25 04:33:39.087  1161  2081 D WifiHAL : no_seq_check received
12-25 04:33:39.087  1161  2081 I WifiHAL : event received NL80211_CMD_VENDOR, vendor_id = 0x1374, subcmd = 0xa
12-25 04:33:39.087  1161  2081 I WifiHAL : event received NL80211_CMD_VENDOR, vendor_id = 0x1374
12-25 04:33:39.087  1161  2081 I WifiHAL : event ignored!!
12-25 04:33:39.087  1161  1244 V ActivityManager: Broadcast sticky: Intent { act=android.net.conn.TETHER_STATE_CHANGED flg=0x24000010 (has extras) } ordered=false userid=-1
12-25 04:33:39.097  1161  1244 D Tethering: sendTetherStateChangedBroadcast 0, 0, 0
12-25 04:33:39.097  1161  1738 I WifiStateMachine: Wlan: loadDriver_success...
12-25 04:33:39.107   288   849 D QsoftapCmd: Got softap fwreload command we are passing on
12-25 04:33:39.107   288   849 D SoftapController: Softap fwReload - Ok
12-25 04:33:39.107  1161  1735 D NtpTrustedTime: can not getNtpTime
12-25 04:33:39.117   288   849 D CommandListener: Setting iface cfg
12-25 04:33:39.117   288   849 D CommandListener: Trying to bring down wlan0
12-25 04:33:39.117   288   849 D CommandListener: Clearing all IP addresses on wlan0
12-25 04:33:39.117  1161  1735 V ActivityManager: Broadcast: Intent { act=com.android.server.action.NETWORK_STATS_UPDATED flg=0x40000010 } ordered=false userid=-1
12-25 04:33:39.117  1161  1735 D NtpTrustedTime: forceRefresh() from cache miss
12-25 04:33:39.117  1161  1735 D NtpTrustedTime: client.requestTime mServer is false
12-25 04:33:39.127  1161  1735 D NtpTrustedTime: can not getNtpTime
12-25 04:33:39.127  1161  1738 I WifiStateMachine: Wlan: start Supplicant...
12-25 04:33:39.127  1161  1738 E WifiStateMachine: setWifiState: enabling
12-25 04:33:39.127  1161  1738 V ActivityManager: Broadcast sticky: Intent { act=android.net.wifi.WIFI_STATE_CHANGED flg=0x4000010 (has extras) } ordered=false userid=-1
12-25 04:33:39.127  1161  1738 I WifiStateMachine: Wlan: supplicant start successful...
12-25 04:33:39.127  1161  1738 D WifiMonitor: startMonitoring(wlan0) with mConnected = false
12-25 04:33:39.127  1161  1738 E WifiHW  : Unable to open connection to supplicant on "@android:wpa_wlan0": No such file or directory
12-25 04:33:39.137  1872  1872 D StatusBar.NetworkControllerQualImpl: onReceive action : android.net.wifi.WIFI_STATE_CHANGED
12-25 04:33:39.137  2435  2435 D WifiSwitchManager: [ WifiSwitchManager ] :: getCurrentWifiSwitchState, currentState: 1
12-25 04:33:39.137  2435  2435 D WifiSwitchService: [ WifiSwitchService ] :: Handle WIFI_STATE_CHANGED_ACTION, WiFi State: 2, Current State: 1
12-25 04:33:39.137  2435  2435 D WifiSwitchService: [ WifiSwitchService ] :: Handle WIFI_STATE_CHANGED_ACTION, EnableByWifiSwitch: false, DisableByWifiSwtich: false
12-25 04:33:39.137  1872  1872 D StatusBar.NetworkControllerQualImpl: updateWifiState, mWifiEnabled: false, mWifiConnected: false
12-25 04:33:39.137  1161  2503 D LBSSystemMonitorService: handleMessage what - 9
12-25 04:33:39.137  2283  2283 D WifiApcService: Handle WIFI_STATE_CHANGED_ACTION, WiFi State: 2
12-25 04:33:39.137  1161  2503 D Wiper_jni: Send Wifi Status info
12-25 04:33:39.137  1161  2503 E LocSvc_utils_q: D/msg_q_snd: Sending message with handle = 0xAB1A2A50
12-25 04:33:39.137  1161  2503 E LocSvc_utils_ll: D/linked_list_add: Adding to list data_obj = 0xAB1A2A50
12-25 04:33:39.137  1161  2503 E LocSvc_utils_q: D/msg_q_snd: Finished Sending message with handle = 0xAB1A2A50
12-25 04:33:39.137  1161  2076 E LocSvc_utils_ll: D/linked_list_remove: Removing from list
12-25 04:33:39.137  1161  2076 E LocSvc_utils_q: D/msg_q_rcv: Received message 0xAB1A2A50 rv = 0
12-25 04:33:39.137  1161  2076 E LocSvc_LBSApiV02: V/virtual int lbs_core::LBSApiV02::wifiEnabledStatusInject(int):702] informing wifi enabled with status 0...
12-25 04:33:39.137  1161  2076 E LocSvc_api_v02: V/loc_alloc_slot:271]: returning slot 0
12-25 04:33:39.137  1161  2076 E LocSvc_api_v02: V/loc_sync_select_ind:356]: client handle 0x55aa4b39c0, ind_id 127, req_id 127 
12-25 04:33:39.137  1161  2076 E LocSvc_api_v02: V/validateRequest:1582]: reqId = 127
12-25 04:33:39.137  1161  2076 E LocSvc_api_v02: V/validateRequest:1972]: reqId=127, len = 4
12-25 04:33:39.137  1161  2076 E LocSvc_api_v02: V/locClientSendReq:2430] sending reqId= 127, len = 4
12-25 04:33:39.137  1161  2076 E LocSvc_api_v02: I/---> locClientSendReq line 2436 QMI_LOC_NOTIFY_WIFI_ENABLED_STATUS_REQ_V02
12-25 04:33:39.137  1872  1872 D StatusBar.NetworkControllerQualImpl: refreshViews getMobileLabelIndex return : 0
12-25 04:33:39.137 19146 19146 D WifiSettings: handleEvent(), action = android.net.wifi.WIFI_STATE_CHANGED
12-25 04:33:39.137  1161  2076 E LocSvc_api_v02: V/locClientSendReq:2447] qmi_client_send_msg_sync returned 0
12-25 04:33:39.137  1161  2076 E LocSvc_api_v02: V/convertQmiResponseToLocStatus:713]: result = 1, error = 0, status = 11
12-25 04:33:39.137  1161  2076 E LocSvc_api_v02: V/loc_sync_send_req:512]: select_id = 0,locClientSendReq returned 11
12-25 04:33:39.137  1161  2076 E LocSvc_api_v02: D/loc_free_slot:299]: freeing slot 0
12-25 04:33:39.137  1161  2076 E LocSvc_LBSApiV02: E/virtual int lbs_core::LBSApiV02::wifiEnabledStatusInject(int):705]: Error : st = 11, ind.status = -2067662064
12-25 04:33:39.137  1161  2076 E LocSvc_LBSApiV02: V/Exiting virtual int lbs_core::LBSApiV02::wifiEnabledStatusInject(int) line 707 0
12-25 04:33:39.137  1161  2076 E LocSvc_MsgTask: D/MsgTask::loop() 1578 listening ...
12-25 04:33:39.137  1161  2076 E LocSvc_utils_q: D/msg_q_rcv: Waiting on message
12-25 04:33:39.137 19146 19146 I WifiEnabler: [ WifiEnabler ] handleWifiStateChanged, state: 2, Switch State: true
12-25 04:33:39.137  1161  1735 V ActivityManager: Broadcast: Intent { act=com.android.server.action.NETWORK_STATS_UPDATED flg=0x40000010 } ordered=false userid=-1
12-25 04:33:39.147 22675 22675 D wpa_supplicant: wpa_supplicant v2.3-5.1
12-25 04:33:39.147 22675 22675 D wpa_supplicant: random: Added entropy from /data/misc/wifi/entropy.bin (own_pool_ready=2)
12-25 04:33:39.147 22675 22675 D wpa_supplicant: random: Trying to read entropy from /dev/random
12-25 04:33:39.147 22675 22675 D wpa_supplicant: Get randomness: len=20 entropy=1
12-25 04:33:39.147 22675 22675 D wpa_supplicant: random: Updated entropy file /data/misc/wifi/entropy.bin (own_pool_ready=2)
12-25 04:33:39.147 22675 22675 D wpa_supplicant: Global control interface '@android:wpa_wlan0'
12-25 04:33:39.147 22675 22675 D wpa_supplicant: Using Android control socket 'wpa_wlan0'
12-25 04:33:39.147 22675 22675 I wpa_supplicant: Successfully initialized wpa_supplicant
12-25 04:33:39.147 22675 22675 D wpa_supplicant: Override interface parameter: ctrl_interface ('(null)' -> '/data/misc/wifi/sockets')
12-25 04:33:39.147 22675 22675 D wpa_supplicant: Initializing interface 'p2p0' conf '/data/misc/wifi/p2p_supplicant.conf' driver 'nl80211' ctrl_interface '/data/misc/wifi/sockets' bridge 'N/A'
12-25 04:33:39.147 22675 22675 D wpa_supplicant: Configuration file '/data/misc/wifi/p2p_supplicant.conf' -> '/data/misc/wifi/p2p_supplicant.conf'
12-25 04:33:39.147 22675 22675 D wpa_supplicant: Reading configuration file '/data/misc/wifi/p2p_supplicant.conf'
12-25 04:33:39.147 22675 22675 D wpa_supplicant: ctrl_interface='/data/misc/wifi/sockets'
12-25 04:33:39.147 22675 22675 D wpa_supplicant: disable_scan_offload=1
12-25 04:33:39.147 22675 22675 D wpa_supplicant: update_config=1
12-25 04:33:39.147 22675 22675 D wpa_supplicant: device_name='VIBE X2Pt5_1214'
12-25 04:33:39.147 22675 22675 D wpa_supplicant: config_methods='virtual_push_button physical_display keypad'
12-25 04:33:39.147 22675 22675 D wpa_supplicant: p2p_ssid_postfix='-VIBE X2Pt5_1214'
12-25 04:33:39.147 22675 22675 D wpa_supplicant: persistent_reconnect=1
12-25 04:33:39.147 22675 22675 D wpa_supplicant: p2p_no_group_iface=1
12-25 04:33:39.147 22675 22675 D wpa_supplicant: pmf=1
12-25 04:33:39.147 22675 22675 D wpa_supplicant: key_mgmt_offload=1
12-25 04:33:39.147 22675 22675 D wpa_supplicant: Reading configuration file '/system/etc/wifi/p2p_supplicant_overlay.conf'
12-25 04:33:39.147 22675 22675 D wpa_supplicant: disable_scan_offload=1
12-25 04:33:39.147 22675 22675 I wpa_supplicant: rfkill: Cannot open RFKILL control device
12-25 04:33:39.147 22675 22675 D wpa_supplicant: nl80211: RFKILL status not available
12-25 04:33:39.147 22675 22675 D wpa_supplicant: nl80211: Using driver-based roaming
12-25 04:33:39.147 22675 22675 D wpa_supplicant: nl80211: TDLS supported
12-25 04:33:39.147 22675 22675 D wpa_supplicant: nl80211: TDLS external setup
12-25 04:33:39.147 22675 22675 D wpa_supplicant: nl80211: Supported key managment offloads 0x0
12-25 04:33:39.147 22675 22675 D wpa_supplicant: nl80211: Supported key derivation offloads 0x0
12-25 04:33:39.147 22675 22675 D wpa_supplicant: nl80211: Supported cipher 00-0f-ac:1
12-25 04:33:39.147 22675 22675 D wpa_supplicant: nl80211: Supported cipher 00-0f-ac:5
12-25 04:33:39.147 22675 22675 D wpa_supplicant: nl80211: Supported cipher 00-0f-ac:2
12-25 04:33:39.147 22675 22675 D wpa_supplicant: nl80211: Supported cipher 00-0f-ac:4
12-25 04:33:39.147 22675 22675 D wpa_supplicant: nl80211: Supported cipher 00-14-72:1
12-25 04:33:39.147 22675 22675 D wpa_supplicant: nl80211: Supported cipher 00-0f-ac:6
12-25 04:33:39.147 22675 22675 D wpa_supplicant: nl80211: Supports Probe Response offload in AP mode
12-25 04:33:39.147 22675 22675 D wpa_supplicant: nl80211: Supported key managment offloads 0x0
12-25 04:33:39.147 22675 22675 D wpa_supplicant: nl80211: Supported key derivation offloads 0x0
12-25 04:33:39.147 22675 22675 D wpa_supplicant: nl80211: Supported key managment offloads 0x0
12-25 04:33:39.147 22675 22675 D wpa_supplicant: nl80211: Supported key derivation offloads 0x0
12-25 04:33:39.147 22675 22675 D wpa_supplicant: nl80211: Supported key managment offloads 0x0
12-25 04:33:39.147 22675 22675 D wpa_supplicant: nl80211: Supported key derivation offloads 0x0
12-25 04:33:39.147 22675 22675 D wpa_supplicant: nl80211: Supported key managment offloads 0x0
12-25 04:33:39.147 22675 22675 D wpa_supplicant: nl80211: Supported key derivation offloads 0x0
12-25 04:33:39.147 22675 22675 D wpa_supplicant: nl80211: Supported key managment offloads 0x0
12-25 04:33:39.147 22675 22675 D wpa_supplicant: nl80211: Supported key derivation offloads 0x0
12-25 04:33:39.147 22675 22675 D wpa_supplicant: nl80211: Supported key managment offloads 0x0
12-25 04:33:39.147 22675 22675 D wpa_supplicant: nl80211: Supported key derivation offloads 0x0
12-25 04:33:39.147 22675 22675 D wpa_supplicant: nl80211: Supported key managment offloads 0x0
12-25 04:33:39.147 22675 22675 D wpa_supplicant: nl80211: Supported key derivation offloads 0x0
12-25 04:33:39.147 22675 22675 D wpa_supplicant: nl80211: Supported key managment offloads 0x0
12-25 04:33:39.147 22675 22675 D wpa_supplicant: nl80211: Supported key derivation offloads 0x0
12-25 04:33:39.147 22675 22675 D wpa_supplicant: nl80211: Supported key managment offloads 0x0
12-25 04:33:39.147 22675 22675 D wpa_supplicant: nl80211: Supported key derivation offloads 0x0
12-25 04:33:39.147 22675 22675 D wpa_supplicant: nl80211: Supported key managment offloads 0x0
12-25 04:33:39.147 22675 22675 D wpa_supplicant: nl80211: Supported key derivation offloads 0x0
12-25 04:33:39.147 22675 22675 D wpa_supplicant: nl80211: Supported key managment offloads 0x0
12-25 04:33:39.147 22675 22675 D wpa_supplicant: nl80211: Supported key derivation offloads 0x0
12-25 04:33:39.147 22675 22675 D wpa_supplicant: nl80211: Supported key managment offloads 0x0
12-25 04:33:39.147 22675 22675 D wpa_supplicant: nl80211: Supported key derivation offloads 0x0
12-25 04:33:39.147 22675 22675 D wpa_supplicant: nl80211: Supported key managment offloads 0x0
12-25 04:33:39.147 22675 22675 D wpa_supplicant: nl80211: Supported key derivation offloads 0x0
12-25 04:33:39.147 22675 22675 D wpa_supplicant: nl80211: Supported key managment offloads 0x0
12-25 04:33:39.147 22675 22675 D wpa_supplicant: nl80211: Supported key derivation offloads 0x0
12-25 04:33:39.147 22675 22675 D wpa_supplicant: nl80211: Supported key managment offloads 0x0
12-25 04:33:39.147 22675 22675 D wpa_supplicant: nl80211: Supported key derivation offloads 0x0
12-25 04:33:39.147 22675 22675 D wpa_supplicant: nl80211: Supported key managment offloads 0x0
12-25 04:33:39.147 22675 22675 D wpa_supplicant: nl80211: Supported key derivation offloads 0x0
12-25 04:33:39.147 22675 22675 D wpa_supplicant: nl80211: Supported key managment offloads 0x0
12-25 04:33:39.147 22675 22675 D wpa_supplicant: nl80211: Supported key derivation offloads 0x0
12-25 04:33:39.147 22675 22675 D wpa_supplicant: nl80211: Supported key managment offloads 0x0
12-25 04:33:39.147 22675 22675 D wpa_supplicant: nl80211: Supported key derivation offloads 0x0
12-25 04:33:39.147 22675 22675 D wpa_supplicant: nl80211: Supported key managment offloads 0x0
12-25 04:33:39.147 22675 22675 D wpa_supplicant: nl80211: Supported key derivation offloads 0x0
12-25 04:33:39.147 22675 22675 D wpa_supplicant: nl80211: Supported key managment offloads 0x0
12-25 04:33:39.147 22675 22675 D wpa_supplicant: nl80211: Supported key derivation offloads 0x0
12-25 04:33:39.147 22675 22675 D wpa_supplicant: nl80211: Supported key managment offloads 0x0
12-25 04:33:39.147 22675 22675 D wpa_supplicant: nl80211: Supported key derivation offloads 0x0
12-25 04:33:39.147 22675 22675 D wpa_supplicant: nl80211: Supported key managment offloads 0x0
12-25 04:33:39.147 22675 22675 D wpa_supplicant: nl80211: Supported key derivation offloads 0x0
12-25 04:33:39.147 22675 22675 D wpa_supplicant: nl80211: Supported key managment offloads 0x0
12-25 04:33:39.147 22675 22675 D wpa_supplicant: nl80211: Supported key derivation offloads 0x0
12-25 04:33:39.147 22675 22675 D wpa_supplicant: nl80211: Supported key managment offloads 0x0
12-25 04:33:39.147 22675 22675 D wpa_supplicant: nl80211: Supported key derivation offloads 0x0
12-25 04:33:39.147 22675 22675 D wpa_supplicant: nl80211: Supported key managment offloads 0x0
12-25 04:33:39.147 22675 22675 D wpa_supplicant: nl80211: Supported key derivation offloads 0x0
12-25 04:33:39.147 22675 22675 D wpa_supplicant: nl80211: Supported key managment offloads 0x0
12-25 04:33:39.147 22675 22675 D wpa_supplicant: nl80211: Supported key derivation offloads 0x0
12-25 04:33:39.147 22675 22675 D wpa_supplicant: nl80211: Supported key managment offloads 0x0
12-25 04:33:39.147 22675 22675 D wpa_supplicant: nl80211: Supported key derivation offloads 0x0
12-25 04:33:39.147 22675 22675 D wpa_supplicant: nl80211: Supported key managment offloads 0x0
12-25 04:33:39.147 22675 22675 D wpa_supplicant: nl80211: Supported key derivation offloads 0x0
12-25 04:33:39.147 22675 22675 D wpa_supplicant: nl80211: Supported key managment offloads 0x0
12-25 04:33:39.147 22675 22675 D wpa_supplicant: nl80211: Supported key derivation offloads 0x0
12-25 04:33:39.147 22675 22675 D wpa_supplicant: nl80211: Supported key managment offloads 0x0
12-25 04:33:39.147 22675 22675 D wpa_supplicant: nl80211: Supported key derivation offloads 0x0
12-25 04:33:39.147 22675 22675 D wpa_supplicant: nl80211: Supported key managment offloads 0x0
12-25 04:33:39.147 22675 22675 D wpa_supplicant: nl80211: Supported key derivation offloads 0x0
12-25 04:33:39.147 22675 22675 D wpa_supplicant: nl80211: Supported key managment offloads 0x0
12-25 04:33:39.147 22675 22675 D wpa_supplicant: nl80211: Supported key derivation offloads 0x0
12-25 04:33:39.147 22675 22675 D wpa_supplicant: nl80211: Supported key managment offloads 0x0
12-25 04:33:39.147 22675 22675 D wpa_supplicant: nl80211: Supported key derivation offloads 0x0
12-25 04:33:39.147 22675 22675 D wpa_supplicant: nl80211: Supported key managment offloads 0x0
12-25 04:33:39.147 22675 22675 D wpa_supplicant: nl80211: Supported key derivation offloads 0x0
12-25 04:33:39.147 22675 22675 D wpa_supplicant: nl80211: Supported key managment offloads 0x0
12-25 04:33:39.147 22675 22675 D wpa_supplicant: nl80211: Supported key derivation offloads 0x0
12-25 04:33:39.147 22675 22675 D wpa_supplicant: nl80211: Supported key managment offloads 0x0
12-25 04:33:39.147 22675 22675 D wpa_supplicant: nl80211: Supported key derivation offloads 0x0
12-25 04:33:39.147 22675 22675 D wpa_supplicant: nl80211: Supported key managment offloads 0x0
12-25 04:33:39.147 22675 22675 D wpa_supplicant: nl80211: Supported key derivation offloads 0x0
12-25 04:33:39.147 22675 22675 D wpa_supplicant: nl80211: Supported key managment offloads 0x0
12-25 04:33:39.147 22675 22675 D wpa_supplicant: nl80211: Supported key derivation offloads 0x0
12-25 04:33:39.147 22675 22675 D wpa_supplicant: nl80211: Supported key managment offloads 0x0
12-25 04:33:39.147 22675 22675 D wpa_supplicant: nl80211: Supported key derivation offloads 0x0
12-25 04:33:39.147 22675 22675 D wpa_supplicant: nl80211: Supported key managment offloads 0x0
12-25 04:33:39.147 22675 22675 D wpa_supplicant: nl80211: Supported key derivation offloads 0x0
12-25 04:33:39.147 22675 22675 D wpa_supplicant: nl80211: Supported key managment offloads 0x0
12-25 04:33:39.147 22675 22675 D wpa_supplicant: nl80211: Supported key derivation offloads 0x0
12-25 04:33:39.147 22675 22675 D wpa_supplicant: nl80211: Supported key managment offloads 0x0
12-25 04:33:39.147 22675 22675 D wpa_supplicant: nl80211: Supported key derivation offloads 0x0
12-25 04:33:39.147 22675 22675 D wpa_supplicant: nl80211: Supported key managment offloads 0x0
12-25 04:33:39.147 22675 22675 D wpa_supplicant: nl80211: Supported key derivation offloads 0x0
12-25 04:33:39.147 22675 22675 D wpa_supplicant: nl80211: Supported key managment offloads 0x0
12-25 04:33:39.147 22675 22675 D wpa_supplicant: nl80211: Supported key derivation offloads 0x0
12-25 04:33:39.147 22675 22675 D wpa_supplicant: nl80211: Supported key managment offloads 0x0
12-25 04:33:39.147 22675 22675 D wpa_supplicant: nl80211: Supported key derivation offloads 0x0
12-25 04:33:39.147 22675 22675 D wpa_supplicant: nl80211: Supported key managment offloads 0x0
12-25 04:33:39.147 22675 22675 D wpa_supplicant: nl80211: Supported key derivation offloads 0x0
12-25 04:33:39.147 22675 22675 D wpa_supplicant: nl80211: Supported key managment offloads 0x0
12-25 04:33:39.147 22675 22675 D wpa_supplicant: nl80211: Supported key derivation offloads 0x0
12-25 04:33:39.147 22675 22675 D wpa_supplicant: nl80211: Supported key managment offloads 0x0
12-25 04:33:39.147 22675 22675 D wpa_supplicant: nl80211: Supported key derivation offloads 0x0
12-25 04:33:39.147 22675 22675 D wpa_supplicant: nl80211: Supported key managment offloads 0x0
12-25 04:33:39.147 22675 22675 D wpa_supplicant: nl80211: Supported key derivation offloads 0x0
12-25 04:33:39.147 22675 22675 D wpa_supplicant: nl80211: Supported key managment offloads 0x0
12-25 04:33:39.147 22675 22675 D wpa_supplicant: nl80211: Supported key derivation offloads 0x0
12-25 04:33:39.147 22675 22675 D wpa_supplicant: nl80211: Supported key managment offloads 0x0
12-25 04:33:39.147 22675 22675 D wpa_supplicant: nl80211: Supported key derivation offloads 0x0
12-25 04:33:39.147 22675 22675 D wpa_supplicant: nl80211: Supported key managment offloads 0x0
12-25 04:33:39.147 22675 22675 D wpa_supplicant: nl80211: Supported key derivation offloads 0x0
12-25 04:33:39.147 22675 22675 D wpa_supplicant: nl80211: Supported key managment offloads 0x0
12-25 04:33:39.147 22675 22675 D wpa_supplicant: nl80211: Supported key derivation offloads 0x0
12-25 04:33:39.147 22675 22675 D wpa_supplicant: nl80211: Supported key managment offloads 0x0
12-25 04:33:39.147 22675 22675 D wpa_supplicant: nl80211: Supported key derivation offloads 0x0
12-25 04:33:39.147 22675 22675 D wpa_supplicant: nl80211: Using driver-based off-channel TX
12-25 04:33:39.147 22675 22675 D wpa_supplicant: nl80211: Supported key managment offloads 0x0
12-25 04:33:39.147 22675 22675 D wpa_supplicant: nl80211: Supported key derivation offloads 0x0
12-25 04:33:39.147 22675 22675 D wpa_supplicant: nl80211: Supported key managment offloads 0x0
12-25 04:33:39.147 22675 22675 D wpa_supplicant: nl80211: Supported key derivation offloads 0x0
12-25 04:33:39.147 22675 22675 D wpa_supplicant: nl80211: Supported key managment offloads 0x0
12-25 04:33:39.147 22675 22675 D wpa_supplicant: nl80211: Supported key derivation offloads 0x0
12-25 04:33:39.147 22675 22675 D wpa_supplicant: nl80211: Supported vendor command: vendor_id=0x1374 subcmd=9
12-25 04:33:39.147 22675 22675 D wpa_supplicant: nl80211: Supported vendor command: vendor_id=0x1374 subcmd=16
12-25 04:33:39.147 22675 22675 D wpa_supplicant: nl80211: Supported vendor command: vendor_id=0x1374 subcmd=14
12-25 04:33:39.147 22675 22675 D wpa_supplicant: nl80211: Supported vendor command: vendor_id=0x1374 subcmd=15
12-25 04:33:39.147 22675 22675 D wpa_supplicant: nl80211: Supported vendor command: vendor_id=0x1374 subcmd=20
12-25 04:33:39.147 22675 22675 D wpa_supplicant: nl80211: Supported vendor command: vendor_id=0x1374 subcmd=21
12-25 04:33:39.147 22675 22675 D wpa_supplicant: nl80211: Supported vendor command: vendor_id=0x1374 subcmd=22
12-25 04:33:39.147 22675 22675 D wpa_supplicant: nl80211: Supported vendor command: vendor_id=0x1374 subcmd=23
12-25 04:33:39.147 22675 22675 D wpa_supplicant: nl80211: Supported vendor command: vendor_id=0x1374 subcmd=24
12-25 04:33:39.147 22675 22675 D wpa_supplicant: nl80211: Supported vendor command: vendor_id=0x1374 subcmd=29
12-25 04:33:39.147 22675 22675 D wpa_supplicant: nl80211: Supported vendor command: vendor_id=0x1374 subcmd=30
12-25 04:33:39.147 22675 22675 D wpa_supplicant: nl80211: Supported vendor command: vendor_id=0x1374 subcmd=32
12-25 04:33:39.147 22675 22675 D wpa_supplicant: nl80211: Supported vendor command: vendor_id=0x1374 subcmd=33
12-25 04:33:39.147 22675 22675 D wpa_supplicant: nl80211: Supported vendor command: vendor_id=0x1374 subcmd=34
12-25 04:33:39.147 22675 22675 D wpa_supplicant: nl80211: Supported vendor command: vendor_id=0x1374 subcmd=35
12-25 04:33:39.147 22675 22675 D wpa_supplicant: nl80211: Supported vendor command: vendor_id=0x1374 subcmd=36
12-25 04:33:39.147 22675 22675 D wpa_supplicant: nl80211: Supported vendor command: vendor_id=0x1374 subcmd=38
12-25 04:33:39.147 22675 22675 D wpa_supplicant: nl80211: Supported vendor command: vendor_id=0x1374 subcmd=40
12-25 04:33:39.147 22675 22675 D wpa_supplicant: nl80211: Supported vendor command: vendor_id=0x1374 subcmd=39
12-25 04:33:39.147 22675 22675 D wpa_supplicant: nl80211: Supported vendor command: vendor_id=0x1374 subcmd=42
12-25 04:33:39.147 22675 22675 D wpa_supplicant: nl80211: Supported vendor event: vendor_id=0x1374 subcmd=10
12-25 04:33:39.147 22675 22675 D wpa_supplicant: nl80211: Supported vendor event: vendor_id=0x1374 subcmd=14
12-25 04:33:39.147 22675 22675 D wpa_supplicant: nl80211: Supported vendor event: vendor_id=0x1374 subcmd=15
12-25 04:33:39.147 22675 22675 D wpa_supplicant: nl80211: Supported vendor event: vendor_id=0x1374 subcmd=16
12-25 04:33:39.147 22675 22675 D wpa_supplicant: nl80211: Supported vendor event: vendor_id=0x1374 subcmd=17
12-25 04:33:39.147 22675 22675 D wpa_supplicant: nl80211: Supported vendor event: vendor_id=0x1374 subcmd=18
12-25 04:33:39.147 22675 22675 D wpa_supplicant: nl80211: Supported vendor event: vendor_id=0x1374 subcmd=19
12-25 04:33:39.147 22675 22675 D wpa_supplicant: nl80211: Supported vendor event: vendor_id=0x1374 subcmd=20
12-25 04:33:39.147 22675 22675 D wpa_supplicant: nl80211: Supported vendor event: vendor_id=0x1374 subcmd=21
12-25 04:33:39.147 22675 22675 D wpa_supplicant: nl80211: Supported vendor event: vendor_id=0x1374 subcmd=23
12-25 04:33:39.147 22675 22675 D wpa_supplicant: nl80211: Supported vendor event: vendor_id=0x1374 subcmd=24
12-25 04:33:39.147 22675 22675 D wpa_supplicant: nl80211: Supported vendor event: vendor_id=0x1374 subcmd=25
12-25 04:33:39.147 22675 22675 D wpa_supplicant: nl80211: Supported vendor event: vendor_id=0x1374 subcmd=26
12-25 04:33:39.147 22675 22675 D wpa_supplicant: nl80211: Supported vendor event: vendor_id=0x1374 subcmd=27
12-25 04:33:39.147 22675 22675 D wpa_supplicant: nl80211: Supported vendor event: vendor_id=0x1374 subcmd=28
12-25 04:33:39.147 22675 22675 D wpa_supplicant: nl80211: Supported vendor event: vendor_id=0x1374 subcmd=29
12-25 04:33:39.147 22675 22675 D wpa_supplicant: nl80211: Supported vendor event: vendor_id=0x1374 subcmd=30
12-25 04:33:39.147 22675 22675 D wpa_supplicant: nl80211: Supported vendor event: vendor_id=0x1374 subcmd=31
12-25 04:33:39.147 22675 22675 D wpa_supplicant: nl80211: Supported vendor event: vendor_id=0x1374 subcmd=32
12-25 04:33:39.147 22675 22675 D wpa_supplicant: nl80211: Supported vendor event: vendor_id=0x1374 subcmd=33
12-25 04:33:39.147 22675 22675 D wpa_supplicant: nl80211: Supported vendor event: vendor_id=0x1374 subcmd=37
12-25 04:33:39.147 22675 22675 D wpa_supplicant: nl80211: Supported key managment offloads 0x0
12-25 04:33:39.147 22675 22675 D wpa_supplicant: nl80211: Supported key derivation offloads 0x0
12-25 04:33:39.147 22675 22675 D wpa_supplicant: nl80211: Supported key managment offloads 0x0
12-25 04:33:39.147 22675 22675 D wpa_supplicant: nl80211: Supported key derivation offloads 0x0
12-25 04:33:39.147 22675 22675 D wpa_supplicant: nl80211: Use separate P2P group interface (driver advertised support)
12-25 04:33:39.147 22675 22675 D wpa_supplicant: nl80211: Enable multi-channel concurrent (driver advertised support)
12-25 04:33:39.147 22675 22675 D wpa_supplicant: nl80211: Disable use_monitor with device_ap_sme since no monitor mode support detected
12-25 04:33:39.147 22675 22675 D wpa_supplicant: nl80211: interface p2p0 in phy phy13
12-25 04:33:39.147 22675 22675 D wpa_supplicant: nl80211: Set mode ifindex 43 iftype 2 (STATION)
12-25 04:33:39.147 22675 22675 D wpa_supplicant: nl80211: Subscribe to mgmt frames with non-AP handle 0x5585ed6f50
12-25 04:33:39.147 22675 22675 D wpa_supplicant: nl80211: Register frame type=0xd0 (WLAN_FC_STYPE_ACTION) nl_handle=0x5585ed6f50 match=0104
12-25 04:33:39.147 22675 22675 D wpa_supplicant: nl80211: Register frame type=0xd0 (WLAN_FC_STYPE_ACTION) nl_handle=0x5585ed6f50 match=040a
12-25 04:33:39.147 22675 22675 D wpa_supplicant: nl80211: Register frame type=0xd0 (WLAN_FC_STYPE_ACTION) nl_handle=0x5585ed6f50 match=040b
12-25 04:33:39.147 22675 22675 D wpa_supplicant: nl80211: Register frame type=0xd0 (WLAN_FC_STYPE_ACTION) nl_handle=0x5585ed6f50 match=040c
12-25 04:33:39.147 22675 22675 D wpa_supplicant: nl80211: Register frame type=0xd0 (WLAN_FC_STYPE_ACTION) nl_handle=0x5585ed6f50 match=040d
12-25 04:33:39.147 22675 22675 D wpa_supplicant: nl80211: Register frame type=0xd0 (WLAN_FC_STYPE_ACTION) nl_handle=0x5585ed6f50 match=090a
12-25 04:33:39.147 22675 22675 D wpa_supplicant: nl80211: Register frame type=0xd0 (WLAN_FC_STYPE_ACTION) nl_handle=0x5585ed6f50 match=090b
12-25 04:33:39.147 22675 22675 D wpa_supplicant: nl80211: Register frame type=0xd0 (WLAN_FC_STYPE_ACTION) nl_handle=0x5585ed6f50 match=090c
12-25 04:33:39.147 22675 22675 D wpa_supplicant: nl80211: Register frame type=0xd0 (WLAN_FC_STYPE_ACTION) nl_handle=0x5585ed6f50 match=090d
12-25 04:33:39.147 22675 22675 D wpa_supplicant: nl80211: Register frame type=0xd0 (WLAN_FC_STYPE_ACTION) nl_handle=0x5585ed6f50 match=0409506f9a09
12-25 04:33:39.147 22675 22675 D wpa_supplicant: nl80211: Register frame type=0xd0 (WLAN_FC_STYPE_ACTION) nl_handle=0x5585ed6f50 match=7f506f9a09
12-25 04:33:39.147 22675 22675 D wpa_supplicant: nl80211: Register frame type=0xd0 (WLAN_FC_STYPE_ACTION) nl_handle=0x5585ed6f50 match=0801
12-25 04:33:39.147 22675 22675 D wpa_supplicant: nl80211: Register frame type=0xd0 (WLAN_FC_STYPE_ACTION) nl_handle=0x5585ed6f50 match=040e
12-25 04:33:39.147 22675 22675 D wpa_supplicant: nl80211: Register frame type=0xd0 (WLAN_FC_STYPE_ACTION) nl_handle=0x5585ed6f50 match=06
12-25 04:33:39.147 22675 22675 D wpa_supplicant: nl80211: Register frame type=0xd0 (WLAN_FC_STYPE_ACTION) nl_handle=0x5585ed6f50 match=0a07
12-25 04:33:39.147 22675 22675 D wpa_supplicant: nl80211: Register frame type=0xd0 (WLAN_FC_STYPE_ACTION) nl_handle=0x5585ed6f50 match=0a11
12-25 04:33:39.147 22675 22675 D wpa_supplicant: nl80211: Register frame type=0xd0 (WLAN_FC_STYPE_ACTION) nl_handle=0x5585ed6f50 match=0a1a
12-25 04:33:39.147 22675 22675 D wpa_supplicant: netlink: Operstate: ifindex=43 linkmode=1 (userspace-control), operstate=5 (IF_OPER_DORMANT)
12-25 04:33:39.147 22675 22675 D wpa_supplicant: nl80211: driver param='(null)'
12-25 04:33:39.147 22675 22675 D wpa_supplicant: Add interface p2p0 to a new radio phy13
12-25 04:33:39.147 22675 22675 D wpa_supplicant: nl80211: Regulatory information - country=98
12-25 04:33:39.147 22675 22675 D wpa_supplicant: nl80211: 2402-2472 @ 40 MHz 20 mBm
12-25 04:33:39.147 22675 22675 D wpa_supplicant: nl80211: 2457-2482 @ 25 MHz 20 mBm (no IR)
12-25 04:33:39.147 22675 22675 D wpa_supplicant: nl80211: 2474-2482 @ 8 MHz 20 mBm (no OFDM) (no IR)
12-25 04:33:39.147 22675 22675 D wpa_supplicant: nl80211: 5170-5250 @ 80 MHz 20 mBm (no IR)
12-25 04:33:39.147 22675 22675 D wpa_supplicant: nl80211: 5250-5330 @ 80 MHz 20 mBm (DFS) (no IR)
12-25 04:33:39.147 22675 22675 D wpa_supplicant: nl80211: 5735-5835 @ 80 MHz 20 mBm (no IR)
12-25 04:33:39.147 22675 22675 D wpa_supplicant: nl80211: 57240-59400 @ 2160 MHz 0 mBm
12-25 04:33:39.147 22675 22675 D wpa_supplicant: nl80211: 59400-63720 @ 2160 MHz 0 mBm
12-25 04:33:39.147 22675 22675 D wpa_supplicant: nl80211: Added 802.11b mode based on 802.11g information
12-25 04:33:39.237  1161  1738 E WifiHW  : Unable to open connection to supplicant on "@android:wpa_wlan0": No such file or directory
12-25 04:33:39.247 22675 22675 D wpa_supplicant: p2p0: Own MAC address: ae:38:70:f7:00:69
12-25 04:33:39.247 22675 22675 D wpa_supplicant: wpa_driver_nl80211_set_key: ifindex=43 (p2p0) alg=0 addr=0x0 key_idx=0 set_tx=0 seq_len=0 key_len=0
12-25 04:33:39.247 22675 22675 D wpa_supplicant: wpa_driver_nl80211_set_key: ifindex=43 (p2p0) alg=0 addr=0x0 key_idx=1 set_tx=0 seq_len=0 key_len=0
12-25 04:33:39.247 22675 22675 D wpa_supplicant: wpa_driver_nl80211_set_key: ifindex=43 (p2p0) alg=0 addr=0x0 key_idx=2 set_tx=0 seq_len=0 key_len=0
12-25 04:33:39.247 22675 22675 D wpa_supplicant: wpa_driver_nl80211_set_key: ifindex=43 (p2p0) alg=0 addr=0x0 key_idx=3 set_tx=0 seq_len=0 key_len=0
12-25 04:33:39.247 22675 22675 D wpa_supplicant: wpa_driver_nl80211_set_key: ifindex=43 (p2p0) alg=0 addr=0x0 key_idx=4 set_tx=0 seq_len=0 key_len=0
12-25 04:33:39.247 22675 22675 D wpa_supplicant: wpa_driver_nl80211_set_key: ifindex=43 (p2p0) alg=0 addr=0x0 key_idx=5 set_tx=0 seq_len=0 key_len=0
12-25 04:33:39.247 22675 22675 D wpa_supplicant: p2p0: RSN: flushing PMKID list in the driver
12-25 04:33:39.247 22675 22675 D wpa_supplicant: nl80211: Flush PMKIDs
12-25 04:33:39.247 22675 22675 D wpa_supplicant: p2p0: State: DISCONNECTED -> INACTIVE
12-25 04:33:39.327 22675 22675 D wpa_supplicant: TDLS: TDLS operation supported by driver
12-25 04:33:39.327 22675 22675 D wpa_supplicant: TDLS: Driver uses external link setup
12-25 04:33:39.327 22675 22675 D wpa_supplicant: p2p0: WPS: UUID based on MAC address: 7b033967-4dc5-5cab-867c-c077f47f039f
12-25 04:33:39.327 22675 22675 I libmdmdetect: ESOC framework not supported
12-25 04:33:39.327 22675 22675 I libmdmdetect: Found internal modem: modem
12-25 04:33:39.327 22675 22675 D wpa_supplicant: eap_proxy: num_modems = 1
12-25 04:33:39.327 22675 22675 E wpa_supplicant: eap_proxy Initializing for DUAL SIM build 2 
12-25 04:33:39.327 22675 22675 I libmdmdetect: ESOC framework not supported
12-25 04:33:39.327 22675 22675 I libmdmdetect: Found internal modem: modem
12-25 04:33:39.327 22675 22675 E Diag_Lib:  Diag_LSM_Init: Failed to open handle to diag driver, error = 2
12-25 04:33:39.327 22675 22675 E wpa_supplicant: baseband property is set to [msm]
12-25 04:33:39.327 22675 22675 I libmdmdetect: ESOC framework not supported
12-25 04:33:39.337 22675 22675 I libmdmdetect: Found internal modem: modem
12-25 04:33:39.337 22675 22675 I wpa_supplicant: eap_proxy: Initializing the QMI EAP Services for client 1
12-25 04:33:39.337  1161  1738 E WifiHW  : Unable to open connection to supplicant on "@android:wpa_wlan0": No such file or directory
12-25 04:33:39.337 22675 22675 E wpa_supplicant: eap_proxy: eap_proxy_init: qmihandle[0] = 67328
12-25 04:33:39.337 22675 22675 E wpa_supplicant: Could not register with QMI UIM Service,qmi_uim_svc_client_ptr: 0x0,qmi_err_code: -47
12-25 04:33:39.337 22675 22675 E wpa_supplicant: baseband property is set to [msm]
12-25 04:33:39.337 22675 22675 I libmdmdetect: ESOC framework not supported
12-25 04:33:39.337 22675 22675 I libmdmdetect: Found internal modem: modem
12-25 04:33:39.337 22675 22675 I wpa_supplicant: eap_proxy: Initializing the QMI EAP Services for client 2
12-25 04:33:39.337 22675 22675 E wpa_supplicant: eap_proxy: eap_proxy_init: qmihandle[1] = 132864
12-25 04:33:39.337 22675 22675 E wpa_supplicant: Could not register with QMI UIM Service,qmi_uim_svc_client_ptr: 0x0,qmi_err_code: -47
12-25 04:33:39.337 22675 22675 E wpa_supplicant: eap_proxy: flag = 0 proxy init failed
12-25 04:33:39.337 22675 22675 E wpa_supplicant: Unable to initialize EAP Proxy
12-25 04:33:39.337 22675 22675 D wpa_supplicant: EAPOL: SUPP_PAE entering state DISCONNECTED
12-25 04:33:39.337 22675 22675 D wpa_supplicant: EAPOL: Supplicant port status: Unauthorized
12-25 04:33:39.337 22675 22675 D wpa_supplicant: nl80211: Skip set_supp_port(unauthorized) while not associated
12-25 04:33:39.337 22675 22675 D wpa_supplicant: EAPOL: KEY_RX entering state NO_KEY_RECEIVE
12-25 04:33:39.337 22675 22675 D wpa_supplicant: EAPOL: SUPP_BE entering state INITIALIZE
12-25 04:33:39.337 22675 22675 D wpa_supplicant: EAP: EAP entering state DISABLED
12-25 04:33:39.347 22675 22675 D wpa_supplicant: P2P: Add operating class 81
12-25 04:33:39.347 22675 22675 D wpa_supplicant: P2P: Channels - hexdump(len=13): 01 02 03 04 05 06 07 08 09 0a 0b 0c 0d
12-25 04:33:39.347 22675 22675 D wpa_supplicant: P2P: Add operating class 115
12-25 04:33:39.347 22675 22675 D wpa_supplicant: P2P: Channels - hexdump(len=4): 24 28 2c 30
12-25 04:33:39.347 22675 22675 D wpa_supplicant: P2P: Add operating class 124
12-25 04:33:39.347 22675 22675 D wpa_supplicant: P2P: Channels - hexdump(len=4): 95 99 9d a1
12-25 04:33:39.347 22675 22675 D wpa_supplicant: P2P: Add operating class 116
12-25 04:33:39.347 22675 22675 D wpa_supplicant: P2P: Channels - hexdump(len=2): 24 2c
12-25 04:33:39.347 22675 22675 D wpa_supplicant: P2P: Add operating class 117
12-25 04:33:39.347 22675 22675 D wpa_supplicant: P2P: Channels - hexdump(len=2): 28 30
12-25 04:33:39.347 22675 22675 D wpa_supplicant: P2P: Add operating class 126
12-25 04:33:39.347 22675 22675 D wpa_supplicant: P2P: Channels - hexdump(len=2): 95 9d
12-25 04:33:39.347 22675 22675 D wpa_supplicant: P2P: Add operating class 127
12-25 04:33:39.347 22675 22675 D wpa_supplicant: P2P: Channels - hexdump(len=2): 99 a1
12-25 04:33:39.347 22675 22675 D wpa_supplicant: P2P: Own listen channel: 81:6
12-25 04:33:39.347 22675 22675 D wpa_supplicant: P2P: Random operating channel: 81:1
12-25 04:33:39.347 22675 22675 D wpa_supplicant: P2P: initialized
12-25 04:33:39.347 22675 22675 D wpa_supplicant: P2P: channels: 81:1,2,3,4,5,6,7,8,9,10,11,12,13 115:36,40,44,48 124:149,153,157,161 116:36,44 117:40,48 126:149,157 127:153,161
12-25 04:33:39.347 22675 22675 D wpa_supplicant: P2P: cli_channels:
12-25 04:33:39.347 22675 22675 D wpa_supplicant: eap_proxy: IMSI not available
12-25 04:33:39.347 22675 22675 D wpa_supplicant: p2p0: Added interface p2p0
12-25 04:33:39.347 22675 22675 D wpa_supplicant: p2p0: State: INACTIVE -> DISCONNECTED
12-25 04:33:39.347 22675 22675 D wpa_supplicant: nl80211: Set p2p0 operstate 0->0 (DORMANT)
12-25 04:33:39.347 22675 22675 D wpa_supplicant: netlink: Operstate: ifindex=43 linkmode=-1 (no change), operstate=5 (IF_OPER_DORMANT)
12-25 04:33:39.347 22675 22675 D wpa_supplicant: Override interface parameter: ctrl_interface ('(null)' -> '/data/misc/wifi/sockets')
12-25 04:33:39.347 22675 22675 D wpa_supplicant: Initializing interface 'wlan0' conf '/data/misc/wifi/wpa_supplicant.conf' driver 'nl80211' ctrl_interface '/data/misc/wifi/sockets' bridge 'N/A'
12-25 04:33:39.347 22675 22675 D wpa_supplicant: Configuration file '/data/misc/wifi/wpa_supplicant.conf' -> '/data/misc/wifi/wpa_supplicant.conf'
12-25 04:33:39.347 22675 22675 D wpa_supplicant: Reading configuration file '/data/misc/wifi/wpa_supplicant.conf'
12-25 04:33:39.347 22675 22675 D wpa_supplicant: ctrl_interface='/data/misc/wifi/sockets'
12-25 04:33:39.347 22675 22675 D wpa_supplicant: disable_scan_offload=1
12-25 04:33:39.347 22675 22675 D wpa_supplicant: driver_param='use_p2p_group_interface=1'
12-25 04:33:39.347 22675 22675 D wpa_supplicant: update_config=1
12-25 04:33:39.347 22675 22675 D wpa_supplicant: device_name='s7'
12-25 04:33:39.347 22675 22675 D wpa_supplicant: manufacturer='LENOVO'
12-25 04:33:39.347 22675 22675 D wpa_supplicant: model_name='Lenovo X2Pt5'
12-25 04:33:39.347 22675 22675 D wpa_supplicant: model_number='Lenovo X2Pt5'
12-25 04:33:39.347 22675 22675 D wpa_supplicant: serial_number='1e60e4c3'
12-25 04:33:39.347 22675 22675 D wpa_supplicant: config_methods='physical_display virtual_push_button'
12-25 04:33:39.347 22675 22675 D wpa_supplicant: p2p_disabled=1
12-25 04:33:39.347 22675 22675 D wpa_supplicant: p2p_no_group_iface=1
12-25 04:33:39.347 22675 22675 D wpa_supplicant: pmf=1
12-25 04:33:39.347 22675 22675 D wpa_supplicant: external_sim=1
12-25 04:33:39.347 22675 22675 D wpa_supplicant: key_mgmt_offload=1
12-25 04:33:39.347 22675 22675 D wpa_supplicant: Line: 18 - start of a new network block
12-25 04:33:39.347 22675 22675 D wpa_supplicant: ssid - hexdump(len=11): 56 49 42 45 20 5a 32 20 50 72 6f
12-25 04:33:39.347 22675 22675 D wpa_supplicant: key_mgmt: 0x4
12-25 04:33:39.347 22675 22675 D wpa_supplicant: sim_num=1 (0x1)
12-25 04:33:39.347 22675 22675 D wpa_supplicant: priority=10 (0xa)
12-25 04:33:39.347 22675 22675 D wpa_supplicant: Line: 25 - start of a new network block
12-25 04:33:39.347 22675 22675 D wpa_supplicant: ssid - hexdump(len=8): 7a 6f 6f 6d 74 65 73 74
12-25 04:33:39.347 22675 22675 D wpa_supplicant: key_mgmt: 0x4
12-25 04:33:39.347 22675 22675 D wpa_supplicant: sim_num=1 (0x1)
12-25 04:33:39.347 22675 22675 D wpa_supplicant: priority=26 (0x1a)
12-25 04:33:39.347 22675 22675 D wpa_supplicant: Line: 32 - start of a new network block
12-25 04:33:39.347 22675 22675 D wpa_supplicant: ssid - hexdump(len=10): 63 69 73 63 6f 2d 38 43 35 36
12-25 04:33:39.347 22675 22675 D wpa_supplicant: key_mgmt: 0x4
12-25 04:33:39.347 22675 22675 D wpa_supplicant: sim_num=1 (0x1)
12-25 04:33:39.347 22675 22675 D wpa_supplicant: priority=6 (0x6)
12-25 04:33:39.347 22675 22675 D wpa_supplicant: Line: 39 - start of a new network block
12-25 04:33:39.347 22675 22675 D wpa_supplicant: ssid - hexdump(len=3): 31 32 33
12-25 04:33:39.347 22675 22675 D wpa_supplicant: PSK (ASCII passphrase) - hexdump(len=8): [REMOVED]
12-25 04:33:39.347 22675 22675 D wpa_supplicant: key_mgmt: 0x2
12-25 04:33:39.347 22675 22675 D wpa_supplicant: sim_num=1 (0x1)
12-25 04:33:39.347 22675 22675 D wpa_supplicant: priority=25 (0x19)
12-25 04:33:39.377 22675 22675 D wpa_supplicant: PSK (from passphrase) - hexdump(len=32): [REMOVED]
12-25 04:33:39.377 22675 22675 D wpa_supplicant: Line: 47 - start of a new network block
12-25 04:33:39.377 22675 22675 D wpa_supplicant: ssid - hexdump(len=8): 7a 6f 6f 6d 74 65 73 74
12-25 04:33:39.377 22675 22675 D wpa_supplicant: PSK (ASCII passphrase) - hexdump(len=9): [REMOVED]
12-25 04:33:39.377 22675 22675 D wpa_supplicant: key_mgmt: 0x2
12-25 04:33:39.377 22675 22675 D wpa_supplicant: sim_num=1 (0x1)
12-25 04:33:39.377 22675 22675 D wpa_supplicant: priority=28 (0x1c)
12-25 04:33:39.397  1872  1872 D BatteryController: refresh battery with level 94, mCharging true, quick_chargefalse, mBatteryStyle0
12-25 04:33:39.407 22675 22675 D wpa_supplicant: PSK (from passphrase) - hexdump(len=32): [REMOVED]
12-25 04:33:39.407 22675 22675 D wpa_supplicant: Line: 55 - start of a new network block
12-25 04:33:39.407 22675 22675 D wpa_supplicant: ssid - hexdump(len=15): 6c 65 6e 6f 76 6f 2d 69 6e 74 65 72 6e 65 74
12-25 04:33:39.407 22675 22675 D wpa_supplicant: key_mgmt: 0x4
12-25 04:33:39.407 22675 22675 D wpa_supplicant: sim_num=1 (0x1)
12-25 04:33:39.407 22675 22675 D wpa_supplicant: priority=36 (0x24)
12-25 04:33:39.407 22675 22675 D wpa_supplicant: Priority group 36
12-25 04:33:39.407 22675 22675 D wpa_supplicant:    id=5 ssid='lenovo-internet'
12-25 04:33:39.407 22675 22675 D wpa_supplicant: Priority group 28
12-25 04:33:39.407 22675 22675 D wpa_supplicant:    id=4 ssid='zoomtest'
12-25 04:33:39.407 22675 22675 D wpa_supplicant: Priority group 26
12-25 04:33:39.407 22675 22675 D wpa_supplicant:    id=1 ssid='zoomtest'
12-25 04:33:39.407 22675 22675 D wpa_supplicant: Priority group 25
12-25 04:33:39.407 22675 22675 D wpa_supplicant:    id=3 ssid='123'
12-25 04:33:39.407 22675 22675 D wpa_supplicant: Priority group 10
12-25 04:33:39.407 22675 22675 D wpa_supplicant:    id=0 ssid='VIBE Z2 Pro'
12-25 04:33:39.407 22675 22675 D wpa_supplicant: Priority group 6
12-25 04:33:39.407 22675 22675 D wpa_supplicant:    id=2 ssid='cisco-8C56'
12-25 04:33:39.407 22675 22675 D wpa_supplicant: Reading configuration file '/system/etc/wifi/wpa_supplicant_overlay.conf'
12-25 04:33:39.407 22675 22675 D wpa_supplicant: disable_scan_offload=1
12-25 04:33:39.407 22675 22675 D wpa_supplicant: p2p_disabled=1
12-25 04:33:39.407 22675 22675 D wpa_supplicant: Priority group 36
12-25 04:33:39.407 22675 22675 D wpa_supplicant:    id=5 ssid='lenovo-internet'
12-25 04:33:39.407 22675 22675 D wpa_supplicant: Priority group 28
12-25 04:33:39.407 22675 22675 D wpa_supplicant:    id=4 ssid='zoomtest'
12-25 04:33:39.407 22675 22675 D wpa_supplicant: Priority group 26
12-25 04:33:39.407 22675 22675 D wpa_supplicant:    id=1 ssid='zoomtest'
12-25 04:33:39.407 22675 22675 D wpa_supplicant: Priority group 25
12-25 04:33:39.407 22675 22675 D wpa_supplicant:    id=3 ssid='123'
12-25 04:33:39.407 22675 22675 D wpa_supplicant: Priority group 10
12-25 04:33:39.407 22675 22675 D wpa_supplicant:    id=0 ssid='VIBE Z2 Pro'
12-25 04:33:39.407 22675 22675 D wpa_supplicant: Priority group 6
12-25 04:33:39.407 22675 22675 D wpa_supplicant:    id=2 ssid='cisco-8C56'
12-25 04:33:39.407 22675 22675 I wpa_supplicant: rfkill: Cannot open RFKILL control device
12-25 04:33:39.407 22675 22675 D wpa_supplicant: nl80211: RFKILL status not available
12-25 04:33:39.407 22675 22675 D wpa_supplicant: nl80211: Using driver-based roaming
12-25 04:33:39.407 22675 22675 D wpa_supplicant: nl80211: TDLS supported
12-25 04:33:39.407 22675 22675 D wpa_supplicant: nl80211: TDLS external setup
12-25 04:33:39.407 22675 22675 D wpa_supplicant: nl80211: Supported key managment offloads 0x0
12-25 04:33:39.407 22675 22675 D wpa_supplicant: nl80211: Supported key derivation offloads 0x0
12-25 04:33:39.407 22675 22675 D wpa_supplicant: nl80211: Supported cipher 00-0f-ac:1
12-25 04:33:39.407 22675 22675 D wpa_supplicant: nl80211: Supported cipher 00-0f-ac:5
12-25 04:33:39.407 22675 22675 D wpa_supplicant: nl80211: Supported cipher 00-0f-ac:2
12-25 04:33:39.407 22675 22675 D wpa_supplicant: nl80211: Supported cipher 00-0f-ac:4
12-25 04:33:39.407 22675 22675 D wpa_supplicant: nl80211: Supported cipher 00-14-72:1
12-25 04:33:39.407 22675 22675 D wpa_supplicant: nl80211: Supported cipher 00-0f-ac:6
12-25 04:33:39.407 22675 22675 D wpa_supplicant: nl80211: Supports Probe Response offload in AP mode
12-25 04:33:39.407 22675 22675 D wpa_supplicant: nl80211: Supported key managment offloads 0x0
12-25 04:33:39.407 22675 22675 D wpa_supplicant: nl80211: Supported key derivation offloads 0x0
12-25 04:33:39.407 22675 22675 D wpa_supplicant: nl80211: Supported key managment offloads 0x0
12-25 04:33:39.407 22675 22675 D wpa_supplicant: nl80211: Supported key derivation offloads 0x0
12-25 04:33:39.407 22675 22675 D wpa_supplicant: nl80211: Supported key managment offloads 0x0
12-25 04:33:39.407 22675 22675 D wpa_supplicant: nl80211: Supported key derivation offloads 0x0
12-25 04:33:39.407 22675 22675 D wpa_supplicant: nl80211: Supported key managment offloads 0x0
12-25 04:33:39.407 22675 22675 D wpa_supplicant: nl80211: Supported key derivation offloads 0x0
12-25 04:33:39.407 22675 22675 D wpa_supplicant: nl80211: Supported key managment offloads 0x0
12-25 04:33:39.407 22675 22675 D wpa_supplicant: nl80211: Supported key derivation offloads 0x0
12-25 04:33:39.407 22675 22675 D wpa_supplicant: nl80211: Supported key managment offloads 0x0
12-25 04:33:39.407 22675 22675 D wpa_supplicant: nl80211: Supported key derivation offloads 0x0
12-25 04:33:39.407 22675 22675 D wpa_supplicant: nl80211: Supported key managment offloads 0x0
12-25 04:33:39.407 22675 22675 D wpa_supplicant: nl80211: Supported key derivation offloads 0x0
12-25 04:33:39.407 22675 22675 D wpa_supplicant: nl80211: Supported key managment offloads 0x0
12-25 04:33:39.407 22675 22675 D wpa_supplicant: nl80211: Supported key derivation offloads 0x0
12-25 04:33:39.407 22675 22675 D wpa_supplicant: nl80211: Supported key managment offloads 0x0
12-25 04:33:39.407 22675 22675 D wpa_supplicant: nl80211: Supported key derivation offloads 0x0
12-25 04:33:39.407 22675 22675 D wpa_supplicant: nl80211: Supported key managment offloads 0x0
12-25 04:33:39.407 22675 22675 D wpa_supplicant: nl80211: Supported key derivation offloads 0x0
12-25 04:33:39.407 22675 22675 D wpa_supplicant: nl80211: Supported key managment offloads 0x0
12-25 04:33:39.407 22675 22675 D wpa_supplicant: nl80211: Supported key derivation offloads 0x0
12-25 04:33:39.407 22675 22675 D wpa_supplicant: nl80211: Supported key managment offloads 0x0
12-25 04:33:39.407 22675 22675 D wpa_supplicant: nl80211: Supported key derivation offloads 0x0
12-25 04:33:39.407 22675 22675 D wpa_supplicant: nl80211: Supported key managment offloads 0x0
12-25 04:33:39.407 22675 22675 D wpa_supplicant: nl80211: Supported key derivation offloads 0x0
12-25 04:33:39.407 22675 22675 D wpa_supplicant: nl80211: Supported key managment offloads 0x0
12-25 04:33:39.407 22675 22675 D wpa_supplicant: nl80211: Supported key derivation offloads 0x0
12-25 04:33:39.407 22675 22675 D wpa_supplicant: nl80211: Supported key managment offloads 0x0
12-25 04:33:39.407 22675 22675 D wpa_supplicant: nl80211: Supported key derivation offloads 0x0
12-25 04:33:39.407 22675 22675 D wpa_supplicant: nl80211: Supported key managment offloads 0x0
12-25 04:33:39.407 22675 22675 D wpa_supplicant: nl80211: Supported key derivation offloads 0x0
12-25 04:33:39.407 22675 22675 D wpa_supplicant: nl80211: Supported key managment offloads 0x0
12-25 04:33:39.407 22675 22675 D wpa_supplicant: nl80211: Supported key derivation offloads 0x0
12-25 04:33:39.407 22675 22675 D wpa_supplicant: nl80211: Supported key managment offloads 0x0
12-25 04:33:39.407 22675 22675 D wpa_supplicant: nl80211: Supported key derivation offloads 0x0
12-25 04:33:39.407 22675 22675 D wpa_supplicant: nl80211: Supported key managment offloads 0x0
12-25 04:33:39.407 22675 22675 D wpa_supplicant: nl80211: Supported key derivation offloads 0x0
12-25 04:33:39.407 22675 22675 D wpa_supplicant: nl80211: Supported key managment offloads 0x0
12-25 04:33:39.407 22675 22675 D wpa_supplicant: nl80211: Supported key derivation offloads 0x0
12-25 04:33:39.407 22675 22675 D wpa_supplicant: nl80211: Supported key managment offloads 0x0
