12-25 04:33:40.697  1161  1738 D wifi_gbk2utf: parseScanResults, line=ssid=lenovo-RD
12-25 04:33:40.697  1161  1738 D wifi_gbk2utf:  
12-25 04:33:40.697  1161  1738 D wifi_gbk2utf: parseScanResults, ssid = lenovo-RD, buf = lenovo-RD,isUTF8= 0, isCh = 0
12-25 04:33:40.697  1161  1738 D wifi_gbk2utf: parseScanResults, line=====
12-25 04:33:40.697  1161  1738 D wifi_gbk2utf:  
12-25 04:33:40.697  1161  1738 D wifi_gbk2utf: After sscanf,ssid:lenovo-RD, isCh:0
12-25 04:33:40.697  1161  1738 D wifi_gbk2utf: parseScanResults, line=id=12
12-25 04:33:40.697  1161  1738 D wifi_gbk2utf:  
12-25 04:33:40.697  1161  1738 D wifi_gbk2utf: parseScanResults, line=bssid=d4:ee:07:0b:6d:20
12-25 04:33:40.697  1161  1738 D wifi_gbk2utf:  
12-25 04:33:40.697  1161  1738 D wifi_gbk2utf: parseScanResults, line=freq=2437
12-25 04:33:40.697  1161  1738 D wifi_gbk2utf:  
12-25 04:33:40.697  1161  1738 D wifi_gbk2utf: parseScanResults, line=level=-78
12-25 04:33:40.697  1161  1738 D wifi_gbk2utf:  
12-25 04:33:40.697  1161  1738 D wifi_gbk2utf: parseScanResults, line=tsf=0000094711944275
12-25 04:33:40.697  1161  1738 D wifi_gbk2utf:  
12-25 04:33:40.697  1161  1738 D wifi_gbk2utf: parseScanResults, line=flags=[WPA-PSK-CCMP][WPA2-PSK-CCMP][ESS]
12-25 04:33:40.697  1161  1738 D wifi_gbk2utf:  
12-25 04:33:40.697  1161  1738 D wifi_gbk2utf: parseScanResults, line=ssid=star
12-25 04:33:40.697  1161  1738 D wifi_gbk2utf:  
12-25 04:33:40.697  1161  1738 D wifi_gbk2utf: parseScanResults, ssid = star, buf = star,isUTF8= 0, isCh = 0
12-25 04:33:40.697  1161  1738 D wifi_gbk2utf: parseScanResults, line=====
12-25 04:33:40.697  1161  1738 D wifi_gbk2utf:  
12-25 04:33:40.697  1161  1738 D wifi_gbk2utf: After sscanf,ssid:star, isCh:0
12-25 04:33:40.697  1161  1738 D wifi_gbk2utf: parseScanResults, line=id=13
12-25 04:33:40.697  1161  1738 D wifi_gbk2utf:  
12-25 04:33:40.697  1161  1738 D wifi_gbk2utf: parseScanResults, line=bssid=00:27:1a:1a:00:25
12-25 04:33:40.697  1161  1738 D wifi_gbk2utf:  
12-25 04:33:40.697  1161  1738 D wifi_gbk2utf: parseScanResults, line=freq=2437
12-25 04:33:40.697  1161  1738 D wifi_gbk2utf:  
12-25 04:33:40.697  1161  1738 D wifi_gbk2utf: parseScanResults, line=level=-82
12-25 04:33:40.697  1161  1738 D wifi_gbk2utf:  
12-25 04:33:40.697  1161  1738 D wifi_gbk2utf: parseScanResults, line=tsf=0000094711944279
12-25 04:33:40.697  1161  1738 D wifi_gbk2utf:  
12-25 04:33:40.697  1161  1738 D wifi_gbk2utf: parseScanResults, line=flags=[WPA2-EAP-CCMP][ESS]
12-25 04:33:40.697  1161  1738 D wifi_gbk2utf:  
12-25 04:33:40.697  1161  1738 D wifi_gbk2utf: parseScanResults, line=ssid=CMCC
12-25 04:33:40.697  1161  1738 D wifi_gbk2utf:  
12-25 04:33:40.697  1161  1738 D wifi_gbk2utf: parseScanResults, ssid = CMCC, buf = CMCC,isUTF8= 0, isCh = 0
12-25 04:33:40.697  1161  1738 D wifi_gbk2utf: parseScanResults, line=====
12-25 04:33:40.697  1161  1738 D wifi_gbk2utf:  
12-25 04:33:40.697  1161  1738 D wifi_gbk2utf: After sscanf,ssid:CMCC, isCh:0
12-25 04:33:40.697  1161  1738 D wifi_gbk2utf: parseScanResults, line=id=14
12-25 04:33:40.697  1161  1738 D wifi_gbk2utf:  
12-25 04:33:40.697  1161  1738 D wifi_gbk2utf: parseScanResults, line=bssid=00:1b:11:fd:03:68
12-25 04:33:40.697  1161  1738 D wifi_gbk2utf:  
12-25 04:33:40.697  1161  1738 D wifi_gbk2utf: parseScanResults, line=freq=2437
12-25 04:33:40.697  1161  1738 D wifi_gbk2utf:  
12-25 04:33:40.697  1161  1738 D wifi_gbk2utf: parseScanResults, line=level=-59
12-25 04:33:40.697  1161  1738 D wifi_gbk2utf:  
12-25 04:33:40.697  1161  1738 D wifi_gbk2utf: parseScanResults, line=tsf=0000094711944209
12-25 04:33:40.697  1161  1738 D wifi_gbk2utf:  
12-25 04:33:40.697  1161  1738 D wifi_gbk2utf: parseScanResults, line=flags=[WEP][ESS]
12-25 04:33:40.697  1161  1738 D wifi_gbk2utf:  
12-25 04:33:40.697  1161  1738 D wifi_gbk2utf: parseScanResults, line=ssid=dlink
12-25 04:33:40.697  1161  1738 D wifi_gbk2utf:  
12-25 04:33:40.697  1161  1738 D wifi_gbk2utf: parseScanResults, ssid = dlink, buf = dlink,isUTF8= 0, isCh = 0
12-25 04:33:40.697  1161  1738 D wifi_gbk2utf: parseScanResults, line=====
12-25 04:33:40.697  1161  1738 D wifi_gbk2utf:  
12-25 04:33:40.697  1161  1738 D wifi_gbk2utf: After sscanf,ssid:dlink, isCh:0
12-25 04:33:40.697  1161  1738 D wifi_gbk2utf: parseScanResults, line=id=15
12-25 04:33:40.697  1161  1738 D wifi_gbk2utf:  
12-25 04:33:40.697  1161  1738 D wifi_gbk2utf: parseScanResults, line=bssid=18:64:72:ea:10:11
12-25 04:33:40.697  1161  1738 D wifi_gbk2utf:  
12-25 04:33:40.697  1161  1738 D wifi_gbk2utf: parseScanResults, line=freq=5805
12-25 04:33:40.697  1161  1738 D wifi_gbk2utf:  
12-25 04:33:40.697  1161  1738 D wifi_gbk2utf: parseScanResults, line=level=-62
12-25 04:33:40.697  1161  1738 D wifi_gbk2utf:  
12-25 04:33:40.697  1161  1738 D wifi_gbk2utf: parseScanResults, line=tsf=0000094711944218
12-25 04:33:40.697  1161  1738 D wifi_gbk2utf:  
12-25 04:33:40.697  1161  1738 D wifi_gbk2utf: parseScanResults, line=flags=[ESS]
12-25 04:33:40.697  1161  1738 D wifi_gbk2utf:  
12-25 04:33:40.697  1161  1738 D wifi_gbk2utf: parseScanResults, line=ssid=lenovo-internet
12-25 04:33:40.697  1161  1738 D wifi_gbk2utf:  
12-25 04:33:40.697  1161  1738 D wifi_gbk2utf: parseScanResults, ssid = lenovo-internet, buf = lenovo-internet,isUTF8= 0, isCh = 0
12-25 04:33:40.697  1161  1738 D wifi_gbk2utf: parseScanResults, line=====
12-25 04:33:40.697  1161  1738 D wifi_gbk2utf:  
12-25 04:33:40.697  1161  1738 D wifi_gbk2utf: After sscanf,ssid:lenovo-internet, isCh:0
12-25 04:33:40.697  1161  1738 D wifi_gbk2utf: parseScanResults, line=id=16
12-25 04:33:40.697  1161  1738 D wifi_gbk2utf:  
12-25 04:33:40.697  1161  1738 D wifi_gbk2utf: parseScanResults, line=bssid=18:64:72:ea:0f:c1
12-25 04:33:40.697  1161  1738 D wifi_gbk2utf:  
12-25 04:33:40.697  1161  1738 D wifi_gbk2utf: parseScanResults, line=freq=2462
12-25 04:33:40.697  1161  1738 D wifi_gbk2utf:  
12-25 04:33:40.697  1161  1738 D wifi_gbk2utf: parseScanResults, line=level=-60
12-25 04:33:40.697  1161  1738 D wifi_gbk2utf:  
12-25 04:33:40.697  1161  1738 D wifi_gbk2utf: parseScanResults, line=tsf=0000094711944201
12-25 04:33:40.697  1161  1738 D wifi_gbk2utf:  
12-25 04:33:40.697  1161  1738 D wifi_gbk2utf: parseScanResults, line=flags=[ESS]
12-25 04:33:40.697  1161  1738 D wifi_gbk2utf:  
12-25 04:33:40.697  1161  1738 D wifi_gbk2utf: parseScanResults, line=ssid=lenovo-internet
12-25 04:33:40.697  1161  1738 D wifi_gbk2utf:  
12-25 04:33:40.697  1161  1738 D wifi_gbk2utf: parseScanResults, ssid = lenovo-internet, buf = lenovo-internet,isUTF8= 0, isCh = 0
12-25 04:33:40.697  1161  1738 D wifi_gbk2utf: parseScanResults, line=====
12-25 04:33:40.697  1161  1738 D wifi_gbk2utf:  
12-25 04:33:40.697  1161  1738 D wifi_gbk2utf: After sscanf,ssid:lenovo-internet, isCh:0
12-25 04:33:40.697  1161  1738 D wifi_gbk2utf: parseScanResults, line=id=17
12-25 04:33:40.697  1161  1738 D wifi_gbk2utf:  
12-25 04:33:40.697  1161  1738 D wifi_gbk2utf: parseScanResults, line=bssid=18:64:72:e9:75:11
12-25 04:33:40.697  1161  1738 D wifi_gbk2utf:  
12-25 04:33:40.697  1161  1738 D wifi_gbk2utf: parseScanResults, line=freq=5240
12-25 04:33:40.697  1161  1738 D wifi_gbk2utf:  
12-25 04:33:40.697  1161  1738 D wifi_gbk2utf: parseScanResults, line=level=-69
12-25 04:33:40.697  1161  1738 D wifi_gbk2utf:  
12-25 04:33:40.697  1161  1738 D wifi_gbk2utf: parseScanResults, line=tsf=0000094711944232
12-25 04:33:40.697  1161  1738 D wifi_gbk2utf:  
12-25 04:33:40.697  1161  1738 D wifi_gbk2utf: parseScanResults, line=flags=[ESS]
12-25 04:33:40.697  1161  1738 D wifi_gbk2utf:  
12-25 04:33:40.697  1161  1738 D wifi_gbk2utf: parseScanResults, line=ssid=lenovo-internet
12-25 04:33:40.697  1161  1738 D wifi_gbk2utf:  
12-25 04:33:40.697  1161  1738 D wifi_gbk2utf: parseScanResults, ssid = lenovo-internet, buf = lenovo-internet,isUTF8= 0, isCh = 0
12-25 04:33:40.697  1161  1738 D wifi_gbk2utf: parseScanResults, line=====
12-25 04:33:40.697  1161  1738 D wifi_gbk2utf:  
12-25 04:33:40.697  1161  1738 D wifi_gbk2utf: After sscanf,ssid:lenovo-internet, isCh:0
12-25 04:33:40.697  1161  1738 D wifi_gbk2utf: parseScanResults, line=id=18
12-25 04:33:40.697  1161  1738 D wifi_gbk2utf:  
12-25 04:33:40.697  1161  1738 D wifi_gbk2utf: parseScanResults, line=bssid=18:64:72:ea:10:01
12-25 04:33:40.697  1161  1738 D wifi_gbk2utf:  
12-25 04:33:40.697  1161  1738 D wifi_gbk2utf: parseScanResults, line=freq=2437
12-25 04:33:40.697  1161  1738 D wifi_gbk2utf:  
12-25 04:33:40.697  1161  1738 D wifi_gbk2utf: parseScanResults, line=level=-70
12-25 04:33:40.697  1161  1738 D wifi_gbk2utf:  
12-25 04:33:40.697  1161  1738 D wifi_gbk2utf: parseScanResults, line=tsf=0000094711944240
12-25 04:33:40.697  1161  1738 D wifi_gbk2utf:  
12-25 04:33:40.697  1161  1738 D wifi_gbk2utf: parseScanResults, line=flags=[ESS]
12-25 04:33:40.697  1161  1738 D wifi_gbk2utf:  
12-25 04:33:40.697  1161  1738 D wifi_gbk2utf: parseScanResults, line=ssid=lenovo-internet
12-25 04:33:40.697  1161  1738 D wifi_gbk2utf:  
12-25 04:33:40.697  1161  1738 D wifi_gbk2utf: parseScanResults, ssid = lenovo-internet, buf = lenovo-internet,isUTF8= 0, isCh = 0
12-25 04:33:40.697  1161  1738 D wifi_gbk2utf: parseScanResults, line=====
12-25 04:33:40.697  1161  1738 D wifi_gbk2utf:  
12-25 04:33:40.697  1161  1738 D wifi_gbk2utf: After sscanf,ssid:lenovo-internet, isCh:0
12-25 04:33:40.697  1161  1738 D wifi_gbk2utf: parseScanResults, line=id=19
12-25 04:33:40.697  1161  1738 D wifi_gbk2utf:  
12-25 04:33:40.697  1161  1738 D wifi_gbk2utf: parseScanResults, line=bssid=18:64:72:ea:0f:91
12-25 04:33:40.697  1161  1738 D wifi_gbk2utf:  
12-25 04:33:40.697  1161  1738 D wifi_gbk2utf: parseScanResults, line=freq=5785
12-25 04:33:40.697  1161  1738 D wifi_gbk2utf:  
12-25 04:33:40.697  1161  1738 D wifi_gbk2utf: parseScanResults, line=level=-79
12-25 04:33:40.697  1161  1738 D wifi_gbk2utf:  
12-25 04:33:40.697  1161  1738 D wifi_gbk2utf: parseScanResults, line=tsf=0000094711944266
12-25 04:33:40.697  1161  1738 D wifi_gbk2utf:  
12-25 04:33:40.697  1161  1738 D wifi_gbk2utf: parseScanResults, line=flags=[ESS]
12-25 04:33:40.697  1161  1738 D wifi_gbk2utf:  
12-25 04:33:40.697  1161  1738 D wifi_gbk2utf: parseScanResults, line=ssid=lenovo-internet
12-25 04:33:40.697  1161  1738 D wifi_gbk2utf:  
12-25 04:33:40.697  1161  1738 D wifi_gbk2utf: parseScanResults, ssid = lenovo-internet, buf = lenovo-internet,isUTF8= 0, isCh = 0
12-25 04:33:40.697  1161  1738 D wifi_gbk2utf: parseScanResults, line=#### 
12-25 04:33:40.717  1161  2209 I ActivityManager: Start proc com.lenovo.browser for broadcast com.lenovo.browser/.download.DownloadReceiver: pid=22695 uid=10013 gids={50013, 9997, 3003, 1028, 1015, 1023} abi=armeabi-v7a
12-25 04:33:40.717  1161  1738 E WifiStateMachine: wifi setScanResults statecom.android.server.wifi.WifiStateMachine$DisconnectedState@381f87b sup_state=SCANNING debouncing=false
12-25 04:33:40.727  1161  2146 V ActivityManager: Broadcast: Intent { act=com.lenovo.lsf.device.ACTION_STARTUP flg=0x30 } ordered=false userid=0
12-25 04:33:40.727  1161  1926 W ActivityManager: Unable to start service Intent { cmp=com.lenovo.euservice/.ErService } U=0: not found
12-25 04:33:40.737 22695 22695 V appproc : App process: starting thread pool.
12-25 04:33:40.737 22675 22675 D wpa_supplicant: wlan0: Control interface command 'STATUS-NO_EVENTS'
12-25 04:33:40.737  1161  1738 E WifiStateMachine: WifiStateMachine shouldSwitchNetwork  txSuccessRate=0.00 rxSuccessRate=0.00 delta 1000 -> 1000
12-25 04:33:40.747  1161  1738 V ActivityManager: Broadcast: Intent { act=android.net.wifi.SCAN_RESULTS flg=0x4000010 } ordered=false userid=-1
12-25 04:33:40.747  1161  1161 I WifiStateMachine: Wlan: scanResultsList...
12-25 04:33:40.747 19146 19146 D WifiSettings: handleEvent(), action = android.net.wifi.SCAN_RESULTS
12-25 04:33:40.747  2435  2435 D WifiSwitchManager: [ WifiSwitchManager ] :: getCurrentWifiSwitchState, currentState: 1
12-25 04:33:40.747  2435  2435 D WifiSwitchService: [ WifiSwitchService ] :: Handle SCAN_RESULTS_AVAILABLE_ACTION, isScanning: false, ScreenOn: true
12-25 04:33:40.747  1161  1161 I WifiStateMachine: Wlan: scanResultsList...
12-25 04:33:40.747  1161  1194 I WifiStateMachine: Wlan: scanResultsList...
12-25 04:33:40.757  1161  1161 D LocSvc_java: onReceive
12-25 04:33:40.757  1161  2503 D LBSSystemMonitorService: handleMessage what - 4
12-25 04:33:40.757  1161  2503 D Wiper_jni: Send Network Location.
12-25 04:33:40.757  1161  2503 E Wiper_jni: V/ssid_len is 50
12-25 04:33:40.757  1161  2503 E LocSvc_utils_q: D/msg_q_snd: Sending message with handle = 0xAAAC5190
12-25 04:33:40.757  1161  2503 E LocSvc_utils_ll: D/linked_list_add: Adding to list data_obj = 0xAAAC5190
12-25 04:33:40.757  1161  2503 E LocSvc_utils_q: D/msg_q_snd: Finished Sending message with handle = 0xAAAC5190
12-25 04:33:40.757  1161  1738 E WifiStateMachine:  DisconnectedState !CMD_STOP_SUPPLICANT_FAILED 13 0
12-25 04:33:40.757  1161  2076 E LocSvc_utils_ll: D/linked_list_remove: Removing from list
12-25 04:33:40.757  1161  2076 E LocSvc_utils_q: D/msg_q_rcv: Received message 0xAAAC5190 rv = 0
12-25 04:33:40.757  1161  2076 E LocSvc_LBSApiV02: D/virtual int lbs_core::LBSApiV02::injectWifiPosition(const WifiLocation&):374]: Hepe=1000 rawHepe=0
12-25 04:33:40.757  1161  2076 E LocSvc_LBSApiV02: V/virtual int lbs_core::LBSApiV02::injectWifiPosition(const WifiLocation&):390] wifiInfo.apInfoValid = 1,wifiInfo.numApsUsed = 20 ...
12-25 04:33:40.757  1161  2076 E LocSvc_LBSApiV02: V/virtual int lbs_core::LBSApiV02::injectWifiPosition(const WifiLocation&):397] wifiInfo.apInfo.apLen = 20, ...
12-25 04:33:40.757  1161  2076 E LocSvc_LBSApiV02: V/virtual int lbs_core::LBSApiV02::injectWifiPosition(const WifiLocation&):417] mac address 0 is  18:64:72:EA:10:15 rssi[0] = -62 and channel[0] = 5805 ...
12-25 04:33:40.757  1161  2076 E LocSvc_LBSApiV02: V/virtual int lbs_core::LBSApiV02::injectWifiPosition(const WifiLocation&):425] ssid[0] is lenovo-RD
12-25 04:33:40.757  1161  2076 E LocSvc_LBSApiV02: V/virtual int lbs_core::LBSApiV02::injectWifiPosition(const WifiLocation&):417] mac address 1 is  18:64:72:EA:10:10 rssi[1] = -62 and channel[1] = 5805 ...
12-25 04:33:40.757  1161  2076 E LocSvc_LBSApiV02: V/virtual int lbs_core::LBSApiV02::injectWifiPosition(const WifiLocation&):425] ssid[1] is lenovo
12-25 04:33:40.757  1161  2076 E LocSvc_LBSApiV02: V/virtual int lbs_core::LBSApiV02::injectWifiPosition(const WifiLocation&):417] mac address 2 is  18:64:72:EA:F:C5 rssi[2] = -60 and channel[2] = 2462 ...
12-25 04:33:40.757  1161  2076 E LocSvc_LBSApiV02: V/virtual int lbs_core::LBSApiV02::injectWifiPosition(const WifiLocation&):425] ssid[2] is lenovo-RD
12-25 04:33:40.757  1161  2076 E LocSvc_LBSApiV02: V/virtual int lbs_core::LBSApiV02::injectWifiPosition(const WifiLocation&):417] mac address 3 is  18:64:72:EA:F:C0 rssi[3] = -60 and channel[3] = 2462 ...
12-25 04:33:40.757  1161  2076 E LocSvc_LBSApiV02: V/virtual int lbs_core::LBSApiV02::injectWifiPosition(const WifiLocation&):425] ssid[3] is lenovo
12-25 04:33:40.757  1161  2076 E LocSvc_LBSApiV02: V/virtual int lbs_core::LBSApiV02::injectWifiPosition(const WifiLocation&):417] mac address 4 is  18:64:72:E9:75:15 rssi[4] = -69 and channel[4] = 5240 ...
12-25 04:33:40.757  1161  2076 E LocSvc_LBSApiV02: V/virtual int lbs_core::LBSApiV02::injectWifiPosition(const WifiLocation&):425] ssid[4] is lenovo-RD
12-25 04:33:40.757  1161  2076 E LocSvc_LBSApiV02: V/virtual int lbs_core::LBSApiV02::injectWifiPosition(const WifiLocation&):417] mac address 5 is  18:64:72:E9:75:10 rssi[5] = -69 and channel[5] = 5240 ...
12-25 04:33:40.757  1161  2076 E LocSvc_LBSApiV02: V/virtual int lbs_core::LBSApiV02::injectWifiPosition(const WifiLocation&):425] ssid[5] is lenovo
12-25 04:33:40.757  1161  2076 E LocSvc_LBSApiV02: V/virtual int lbs_core::LBSApiV02::injectWifiPosition(const WifiLocation&):417] mac address 6 is  60:D9:A0:9A:1:A4 rssi[6] = -69 and channel[6] = 2447 ...
12-25 04:33:40.757  1161  2076 E LocSvc_LBSApiV02: V/virtual int lbs_core::LBSApiV02::injectWifiPosition(const WifiLocation&):425] ssid[6] is dd
12-25 04:33:40.757  1161  2076 E LocSvc_LBSApiV02: V/virtual int lbs_core::LBSApiV02::injectWifiPosition(const WifiLocation&):417] mac address 7 is  18:64:72:EA:10:5 rssi[7] = -71 and channel[7] = 2437 ...
12-25 04:33:40.757  1161  2076 E LocSvc_LBSApiV02: V/virtual int lbs_core::LBSApiV02::injectWifiPosition(const WifiLocation&):425] ssid[7] is lenovo-RD
12-25 04:33:40.757  1161  2076 E LocSvc_LBSApiV02: V/virtual int lbs_core::LBSApiV02::injectWifiPosition(const WifiLocation&):417] mac address 8 is  18:64:72:EA:10:0 rssi[8] = -71 and channel[8] = 2437 ...
12-25 04:33:40.757  1161  2076 E LocSvc_LBSApiV02: V/virtual int lbs_core::LBSApiV02::injectWifiPosition(const WifiLocation&):425] ssid[8] is lenovo
12-25 04:33:40.757  1161  2076 E LocSvc_LBSApiV02: V/virtual int lbs_core::LBSApiV02::injectWifiPosition(const WifiLocation&):417] mac address 9 is  A4:17:31:F7:B3:77 rssi[9] = -73 and channel[9] = 2462 ...
12-25 04:33:40.757  1161  2076 E LocSvc_LBSApiV02: V/virtual int lbs_core::LBSApiV02::injectWifiPosition(const WifiLocation&):425] ssid[9] is ccmm
12-25 04:33:40.757  1161  2076 E LocSvc_LBSApiV02: V/virtual int lbs_core::LBSApiV02::injectWifiPosition(const WifiLocation&):417] mac address 10 is  18:64:72:EA:F:90 rssi[10] = -79 and channel[10] = 5785 ...
12-25 04:33:40.757  1161  2076 E LocSvc_LBSApiV02: V/virtual int lbs_core::LBSApiV02::injectWifiPosition(const WifiLocation&):425] ssid[10] is lenovo
12-25 04:33:40.757  1161  2076 E LocSvc_LBSApiV02: V/virtual int lbs_core::LBSApiV02::injectWifiPosition(const WifiLocation&):417] mac address 11 is  18:64:72:EA:F:95 rssi[11] = -79 and channel[11] = 5785 ...
12-25 04:33:40.757  1161  2076 E LocSvc_LBSApiV02: V/virtual int lbs_core::LBSApiV02::injectWifiPosition(const WifiLocation&):425] ssid[11] is lenovo-RD
12-25 04:33:40.757  1161  2076 E LocSvc_LBSApiV02: V/virtual int lbs_core::LBSApiV02::injectWifiPosition(const WifiLocation&):417] mac address 12 is  D4:EE:7:B:6D:20 rssi[12] = -78 and channel[12] = 2437 ...
12-25 04:33:40.757  1161  2076 E LocSvc_LBSApiV02: V/virtual int lbs_core::LBSApiV02::injectWifiPosition(const WifiLocation&):425] ssid[12] is star
12-25 04:33:40.757  1161  2076 E LocSvc_LBSApiV02: V/virtual int lbs_core::LBSApiV02::injectWifiPosition(const WifiLocation&):417] mac address 13 is  0:27:1A:1A:0:25 rssi[13] = -82 and channel[13] = 2437 ...
12-25 04:33:40.757  1161  2076 E LocSvc_LBSApiV02: V/virtual int lbs_core::LBSApiV02::injectWifiPosition(const WifiLocation&):425] ssid[13] is CMCC
12-25 04:33:40.757  1161  2076 E LocSvc_LBSApiV02: V/virtual int lbs_core::LBSApiV02::injectWifiPosition(const WifiLocation&):417] mac address 14 is  0:1B:11:FD:3:68 rssi[14] = -59 and channel[14] = 2437 ...
12-25 04:33:40.757  1161  2076 E LocSvc_LBSApiV02: V/virtual int lbs_core::LBSApiV02::injectWifiPosition(const WifiLocation&):425] ssid[14] is dlink
12-25 04:33:40.757  1161  2076 E LocSvc_LBSApiV02: V/virtual int lbs_core::LBSApiV02::injectWifiPosition(const WifiLocation&):417] mac address 15 is  18:64:72:EA:10:11 rssi[15] = -62 and channel[15] = 5805 ...
12-25 04:33:40.757  1161  2076 E LocSvc_LBSApiV02: V/virtual int lbs_core::LBSApiV02::injectWifiPosition(const WifiLocation&):425] ssid[15] is lenovo-internet
12-25 04:33:40.757  1161  2076 E LocSvc_LBSApiV02: V/virtual int lbs_core::LBSApiV02::injectWifiPosition(const WifiLocation&):417] mac address 16 is  18:64:72:EA:F:C1 rssi[16] = -60 and channel[16] = 2462 ...
12-25 04:33:40.757  1161  2076 E LocSvc_LBSApiV02: V/virtual int lbs_core::LBSApiV02::injectWifiPosition(const WifiLocation&):425] ssid[16] is lenovo-internet
12-25 04:33:40.757  1161  2076 E LocSvc_LBSApiV02: V/virtual int lbs_core::LBSApiV02::injectWifiPosition(const WifiLocation&):417] mac address 17 is  18:64:72:E9:75:11 rssi[17] = -69 and channel[17] = 5240 ...
12-25 04:33:40.757  1161  2076 E LocSvc_LBSApiV02: V/virtual int lbs_core::LBSApiV02::injectWifiPosition(const WifiLocation&):425] ssid[17] is lenovo-internet
12-25 04:33:40.757  1161  2076 E LocSvc_LBSApiV02: V/virtual int lbs_core::LBSApiV02::injectWifiPosition(const WifiLocation&):417] mac address 18 is  18:64:72:EA:10:1 rssi[18] = -70 and channel[18] = 2437 ...
12-25 04:33:40.757  1161  2076 E LocSvc_LBSApiV02: V/virtual int lbs_core::LBSApiV02::injectWifiPosition(const WifiLocation&):425] ssid[18] is lenovo-internet
12-25 04:33:40.757  1161  2076 E LocSvc_LBSApiV02: V/virtual int lbs_core::LBSApiV02::injectWifiPosition(const WifiLocation&):417] mac address 19 is  18:64:72:EA:F:91 rssi[19] = -79 and channel[19] = 5785 ...
12-25 04:33:40.757  1161  2076 E LocSvc_LBSApiV02: V/virtual int lbs_core::LBSApiV02::injectWifiPosition(const WifiLocation&):425] ssid[19] is lenovo-internet
12-25 04:33:40.757  1161  2076 E LocSvc_LBSApiV02: V/virtual int lbs_core::LBSApiV02::injectWifiPosition(const WifiLocation&):417] mac address 20 is  0:0:0:0:0:0 rssi[20] = 0 and channel[20] = 0 ...
12-25 04:33:40.757  1161  2076 E LocSvc_LBSApiV02: V/virtual int lbs_core::LBSApiV02::injectWifiPosition(const WifiLocation&):425] ssid[20] is 
12-25 04:33:40.757  1161  2076 E LocSvc_LBSApiV02: V/virtual int lbs_core::LBSApiV02::injectWifiPosition(const WifiLocation&):417] mac address 21 is  0:0:0:0:0:0 rssi[21] = 0 and channel[21] = 0 ...
12-25 04:33:40.757  1161  2076 E LocSvc_LBSApiV02: V/virtual int lbs_core::LBSApiV02::injectWifiPosition(const WifiLocation&):425] ssid[21] is 
12-25 04:33:40.757  1161  2076 E LocSvc_LBSApiV02: V/virtual int lbs_core::LBSApiV02::injectWifiPosition(const WifiLocation&):417] mac address 22 is  0:0:0:0:0:0 rssi[22] = 0 and channel[22] = 0 ...
12-25 04:33:40.757  1161  2076 E LocSvc_LBSApiV02: V/virtual int lbs_core::LBSApiV02::injectWifiPosition(const WifiLocation&):425] ssid[22] is 
12-25 04:33:40.757  1161  2076 E LocSvc_LBSApiV02: V/virtual int lbs_core::LBSApiV02::injectWifiPosition(const WifiLocation&):417] mac address 23 is  0:0:0:0:0:0 rssi[23] = 0 and channel[23] = 0 ...
12-25 04:33:40.757  1161  2076 E LocSvc_LBSApiV02: V/virtual int lbs_core::LBSApiV02::injectWifiPosition(const WifiLocation&):425] ssid[23] is 
12-25 04:33:40.757  1161  2076 E LocSvc_LBSApiV02: V/virtual int lbs_core::LBSApiV02::injectWifiPosition(const WifiLocation&):417] mac address 24 is  0:0:0:0:0:0 rssi[24] = 0 and channel[24] = 0 ...
12-25 04:33:40.757  1161  2076 E LocSvc_LBSApiV02: V/virtual int lbs_core::LBSApiV02::injectWifiPosition(const WifiLocation&):425] ssid[24] is 
12-25 04:33:40.757  1161  2076 E LocSvc_LBSApiV02: V/virtual int lbs_core::LBSApiV02::injectWifiPosition(const WifiLocation&):417] mac address 25 is  0:0:0:0:0:0 rssi[25] = 0 and channel[25] = 0 ...
12-25 04:33:40.757  1161  2076 E LocSvc_LBSApiV02: V/virtual int lbs_core::LBSApiV02::injectWifiPosition(const WifiLocation&):425] ssid[25] is 
12-25 04:33:40.757  1161  2076 E LocSvc_LBSApiV02: V/virtual int lbs_core::LBSApiV02::injectWifiPosition(const WifiLocation&):417] mac address 26 is  0:0:0:0:0:0 rssi[26] = 0 and channel[26] = 0 ...
12-25 04:33:40.757  1161  2076 E LocSvc_LBSApiV02: V/virtual int lbs_core::LBSApiV02::injectWifiPosition(const WifiLocation&):425] ssid[26] is 
12-25 04:33:40.757  1161  2076 E LocSvc_LBSApiV02: V/virtual int lbs_core::LBSApiV02::injectWifiPosition(const WifiLocation&):417] mac address 27 is  0:0:0:0:0:0 rssi[27] = 0 and channel[27] = 0 ...
12-25 04:33:40.757  1161  2076 E LocSvc_LBSApiV02: V/virtual int lbs_core::LBSApiV02::injectWifiPosition(const WifiLocation&):425] ssid[27] is 
12-25 04:33:40.757  1161  2076 E LocSvc_LBSApiV02: V/virtual int lbs_core::LBSApiV02::injectWifiPosition(const WifiLocation&):417] mac address 28 is  0:0:0:0:0:0 rssi[28] = 0 and channel[28] = 0 ...
12-25 04:33:40.757  1161  2076 E LocSvc_LBSApiV02: V/virtual int lbs_core::LBSApiV02::injectWifiPosition(const WifiLocation&):425] ssid[28] is 
12-25 04:33:40.757  1161  2076 E LocSvc_LBSApiV02: V/virtual int lbs_core::LBSApiV02::injectWifiPosition(const WifiLocation&):417] mac address 29 is  0:0:0:0:0:0 rssi[29] = 0 and channel[29] = 0 ...
12-25 04:33:40.757  1161  2076 E LocSvc_LBSApiV02: V/virtual int lbs_core::LBSApiV02::injectWifiPosition(const WifiLocation&):425] ssid[29] is 
12-25 04:33:40.757  1161  2076 E LocSvc_LBSApiV02: V/virtual int lbs_core::LBSApiV02::injectWifiPosition(const WifiLocation&):417] mac address 30 is  0:0:0:0:0:0 rssi[30] = 0 and channel[30] = 0 ...
12-25 04:33:40.757  1161  2076 E LocSvc_LBSApiV02: V/virtual int lbs_core::LBSApiV02::injectWifiPosition(const WifiLocation&):425] ssid[30] is 
12-25 04:33:40.757  1161  2076 E LocSvc_LBSApiV02: V/virtual int lbs_core::LBSApiV02::injectWifiPosition(const WifiLocation&):417] mac address 31 is  0:0:0:0:0:0 rssi[31] = 0 and channel[31] = 0 ...
12-25 04:33:40.757  1161  2076 E LocSvc_LBSApiV02: V/virtual int lbs_core::LBSApiV02::injectWifiPosition(const WifiLocation&):425] ssid[31] is 
12-25 04:33:40.757  1161  2076 E LocSvc_LBSApiV02: V/virtual int lbs_core::LBSApiV02::injectWifiPosition(const WifiLocation&):417] mac address 32 is  0:0:0:0:0:0 rssi[32] = 0 and channel[32] = 0 ...
12-25 04:33:40.757  1161  2076 E LocSvc_LBSApiV02: V/virtual int lbs_core::LBSApiV02::injectWifiPosition(const WifiLocation&):425] ssid[32] is 
12-25 04:33:40.757  1161  2076 E LocSvc_LBSApiV02: V/virtual int lbs_core::LBSApiV02::injectWifiPosition(const WifiLocation&):417] mac address 33 is  0:0:0:0:0:0 rssi[33] = 0 and channel[33] = 0 ...
12-25 04:33:40.757  1161  2076 E LocSvc_LBSApiV02: V/virtual int lbs_core::LBSApiV02::injectWifiPosition(const WifiLocation&):425] ssid[33] is 
12-25 04:33:40.757  1161  2076 E LocSvc_LBSApiV02: V/virtual int lbs_core::LBSApiV02::injectWifiPosition(const WifiLocation&):417] mac address 34 is  0:0:0:0:0:0 rssi[34] = 0 and channel[34] = 0 ...
12-25 04:33:40.757  1161  2076 E LocSvc_LBSApiV02: V/virtual int lbs_core::LBSApiV02::injectWifiPosition(const WifiLocation&):425] ssid[34] is 
12-25 04:33:40.757  1161  2076 E LocSvc_LBSApiV02: V/virtual int lbs_core::LBSApiV02::injectWifiPosition(const WifiLocation&):417] mac address 35 is  0:0:0:0:0:0 rssi[35] = 0 and channel[35] = 0 ...
12-25 04:33:40.757  1161  2076 E LocSvc_LBSApiV02: V/virtual int lbs_core::LBSApiV02::injectWifiPosition(const WifiLocation&):425] ssid[35] is 
12-25 04:33:40.757  1161  2076 E LocSvc_LBSApiV02: V/virtual int lbs_core::LBSApiV02::injectWifiPosition(const WifiLocation&):417] mac address 36 is  0:0:0:0:0:0 rssi[36] = 0 and channel[36] = 0 ...
12-25 04:33:40.757  1161  2076 E LocSvc_LBSApiV02: V/virtual int lbs_core::LBSApiV02::injectWifiPosition(const WifiLocation&):425] ssid[36] is 
12-25 04:33:40.757  1161  2076 E LocSvc_LBSApiV02: V/virtual int lbs_core::LBSApiV02::injectWifiPosition(const WifiLocation&):417] mac address 37 is  0:0:0:0:0:0 rssi[37] = 0 and channel[37] = 0 ...
12-25 04:33:40.757  1161  2076 E LocSvc_LBSApiV02: V/virtual int lbs_core::LBSApiV02::injectWifiPosition(const WifiLocation&):425] ssid[37] is 
12-25 04:33:40.757  1161  2076 E LocSvc_LBSApiV02: V/virtual int lbs_core::LBSApiV02::injectWifiPosition(const WifiLocation&):417] mac address 38 is  0:0:0:0:0:0 rssi[38] = 0 and channel[38] = 0 ...
12-25 04:33:40.757  1161  2076 E LocSvc_LBSApiV02: V/virtual int lbs_core::LBSApiV02::injectWifiPosition(const WifiLocation&):425] ssid[38] is 
12-25 04:33:40.757  1161  2076 E LocSvc_LBSApiV02: V/virtual int lbs_core::LBSApiV02::injectWifiPosition(const WifiLocation&):417] mac address 39 is  0:0:0:0:0:0 rssi[39] = 0 and channel[39] = 0 ...
12-25 04:33:40.757  1161  2076 E LocSvc_LBSApiV02: V/virtual int lbs_core::LBSApiV02::injectWifiPosition(const WifiLocation&):425] ssid[39] is 
12-25 04:33:40.757  1161  2076 E LocSvc_LBSApiV02: V/virtual int lbs_core::LBSApiV02::injectWifiPosition(const WifiLocation&):417] mac address 40 is  0:0:0:0:0:0 rssi[40] = 0 and channel[40] = 0 ...
12-25 04:33:40.757  1161  2076 E LocSvc_LBSApiV02: V/virtual int lbs_core::LBSApiV02::injectWifiPosition(const WifiLocation&):425] ssid[40] is 
12-25 04:33:40.757  1161  2076 E LocSvc_LBSApiV02: V/virtual int lbs_core::LBSApiV02::injectWifiPosition(const WifiLocation&):417] mac address 41 is  0:0:0:0:0:0 rssi[41] = 0 and channel[41] = 0 ...
12-25 04:33:40.757  1161  2076 E LocSvc_LBSApiV02: V/virtual int lbs_core::LBSApiV02::injectWifiPosition(const WifiLocation&):425] ssid[41] is 
12-25 04:33:40.757  1161  2076 E LocSvc_LBSApiV02: V/virtual int lbs_core::LBSApiV02::injectWifiPosition(const WifiLocation&):417] mac address 42 is  0:0:0:0:0:0 rssi[42] = 0 and channel[42] = 0 ...
12-25 04:33:40.757  1161  2076 E LocSvc_LBSApiV02: V/virtual int lbs_core::LBSApiV02::injectWifiPosition(const WifiLocation&):425] ssid[42] is 
12-25 04:33:40.757  1161  2076 E LocSvc_LBSApiV02: V/virtual int lbs_core::LBSApiV02::injectWifiPosition(const WifiLocation&):417] mac address 43 is  0:0:0:0:0:0 rssi[43] = 0 and channel[43] = 0 ...
12-25 04:33:40.757  1161  2076 E LocSvc_LBSApiV02: V/virtual int lbs_core::LBSApiV02::injectWifiPosition(const WifiLocation&):425] ssid[43] is 
12-25 04:33:40.757  1161  2076 E LocSvc_LBSApiV02: V/virtual int lbs_core::LBSApiV02::injectWifiPosition(const WifiLocation&):417] mac address 44 is  0:0:0:0:0:0 rssi[44] = 0 and channel[44] = 0 ...
12-25 04:33:40.757  1161  2076 E LocSvc_LBSApiV02: V/virtual int lbs_core::LBSApiV02::injectWifiPosition(const WifiLocation&):425] ssid[44] is 
12-25 04:33:40.757  1161  2076 E LocSvc_LBSApiV02: V/virtual int lbs_core::LBSApiV02::injectWifiPosition(const WifiLocation&):417] mac address 45 is  0:0:0:0:0:0 rssi[45] = 0 and channel[45] = 0 ...
12-25 04:33:40.757  1161  2076 E LocSvc_LBSApiV02: V/virtual int lbs_core::LBSApiV02::injectWifiPosition(const WifiLocation&):425] ssid[45] is 
12-25 04:33:40.757  1161  2076 E LocSvc_LBSApiV02: V/virtual int lbs_core::LBSApiV02::injectWifiPosition(const WifiLocation&):417] mac address 46 is  0:0:0:0:0:0 rssi[46] = 0 and channel[46] = 0 ...
12-25 04:33:40.757  1161  2076 E LocSvc_LBSApiV02: V/virtual int lbs_core::LBSApiV02::injectWifiPosition(const WifiLocation&):425] ssid[46] is 
12-25 04:33:40.757  1161  2076 E LocSvc_LBSApiV02: V/virtual int lbs_core::LBSApiV02::injectWifiPosition(const WifiLocation&):417] mac address 47 is  0:0:0:0:0:0 rssi[47] = 0 and channel[47] = 0 ...
12-25 04:33:40.757  1161  2076 E LocSvc_LBSApiV02: V/virtual int lbs_core::LBSApiV02::injectWifiPosition(const WifiLocation&):425] ssid[47] is 
12-25 04:33:40.757  1161  2076 E LocSvc_LBSApiV02: V/virtual int lbs_core::LBSApiV02::injectWifiPosition(const WifiLocation&):417] mac address 48 is  0:0:0:0:0:0 rssi[48] = 0 and channel[48] = 0 ...
12-25 04:33:40.757  1161  2076 E LocSvc_LBSApiV02: V/virtual int lbs_core::LBSApiV02::injectWifiPosition(const WifiLocation&):425] ssid[48] is 
12-25 04:33:40.757  1161  2076 E LocSvc_LBSApiV02: V/virtual int lbs_core::LBSApiV02::injectWifiPosition(const WifiLocation&):417] mac address 49 is  0:0:0:0:0:0 rssi[49] = 0 and channel[49] = 0 ...
12-25 04:33:40.757  1161  2076 E LocSvc_LBSApiV02: V/virtual int lbs_core::LBSApiV02::injectWifiPosition(const WifiLocation&):425] ssid[49] is 
12-25 04:33:40.757  1161  2076 E LocSvc_LBSApiV02: V/virtual int lbs_core::LBSApiV02::injectWifiPosition(const WifiLocation&):429] injecting wifi position ...
12-25 04:33:40.757  1161  2076 E LocSvc_api_v02: V/loc_alloc_slot:271]: returning slot 0
12-25 04:33:40.757  1161  2076 E LocSvc_api_v02: V/loc_sync_select_ind:356]: client handle 0x55aa4b39c0, ind_id 71, req_id 71 
12-25 04:33:40.757  1161  2076 E LocSvc_api_v02: V/validateRequest:1582]: reqId = 71
12-25 04:33:40.757  1161  2076 E LocSvc_api_v02: V/validateRequest:1972]: reqId=71, len = 2520
12-25 04:33:40.757  1161  2076 E LocSvc_api_v02: V/locClientSendReq:2430] sending reqId= 71, len = 2520
12-25 04:33:40.757  1161  2076 E LocSvc_api_v02: I/---> locClientSendReq line 2436 QMI_LOC_INJECT_WIFI_POSITION_REQ_V02
12-25 04:33:40.757  1161  2076 E LocSvc_api_v02: V/locClientSendReq:2447] qmi_client_send_msg_sync returned 0
12-25 04:33:40.757  1161  2094 E LocSvc_api_v02: V/locClientIndCb:1386]: Indication: msg_id=71 buf_len=7 pCallbackData = 0x55aa4b39c0
12-25 04:33:40.757  1161  2094 E LocSvc_api_v02: V/locClientGetSizeByRespIndId:2609]: resp ind Id 71 size = 4
12-25 04:33:40.757  1161  2094 E LocSvc_api_v02: V/locClientGetSizeAndTypeByIndId:579]: indId 71 is a resp size = 4
12-25 04:33:40.757  1161  2094 E LocSvc_ApiV02: I/<--- void globalRespCb(locClientHandleType, uint32_t, locClientRespIndUnionType, void*) line 106 QMI_LOC_INJECT_WIFI_POSITION_REQ_V02
12-25 04:33:40.757  1161  2094 E LocSvc_ApiV02: V/void globalRespCb(locClientHandleType, uint32_t, locClientRespIndUnionType, void*):112] client = 0x55aa4b39c0, resp id = 71, client cookie ptr = 0x55aa42fb40
12-25 04:33:40.757  1161  2094 E LocSvc_api_v02: V/loc_sync_process_ind:165]: received indication, handle = 0x55aa4b39c0 ind_id = 71 
12-25 04:33:40.757  1161  2094 E LocSvc_api_v02: V/loc_sync_process_ind:195]: found slot 0 selected for ind 71 
12-25 04:33:40.757  1161  2094 E LocSvc_api_v02: V/locClientGetSizeByRespIndId:2609]: resp ind Id 71 size = 4
12-25 04:33:40.757  1161  2094 E LocSvc_api_v02: V/loc_sync_process_ind:201]: copying ind payload size = 4 
12-25 04:33:40.757  1161  2094 E LocSvc_api_v02: V/loc_sync_process_ind:219]: ind 71 arrived before wait was called 
12-25 04:33:40.767  1161  2076 E LocSvc_api_v02: V/convertQmiResponseToLocStatus:713]: result = 0, error = 0, status = 0
12-25 04:33:40.767  1161  2076 E LocSvc_api_v02: V/loc_sync_send_req:512]: select_id = 0,locClientSendReq returned 0
12-25 04:33:40.767  1161  2076 E LocSvc_api_v02: D/loc_free_slot:299]: freeing slot 0
12-25 04:33:40.767  1161  2076 E LocSvc_api_v02: V/loc_sync_send_req:539]: success (select id 0)
12-25 04:33:40.767  1161  2076 E LocSvc_LBSApiV02: V/Exiting virtual int lbs_core::LBSApiV02::injectWifiPosition(const WifiLocation&) line 434 1
12-25 04:33:40.767  1161  2076 E LocSvc_MsgTask: D/MsgTask::loop() 1580 listening ...
12-25 04:33:40.767  1161  2076 E LocSvc_utils_q: D/msg_q_rcv: Waiting on message
12-25 04:33:40.767  2435  2435 D WifiSwitchService: [ WifiSwitchService ] :: isMultiSimSupported, bSupport: true
12-25 04:33:40.767  1161  1738 E WifiStateMachine:  ConnectModeState !CMD_STOP_SUPPLICANT_FAILED 13 0
12-25 04:33:40.767  2435  2435 D WifiSwitchService: [ WifiSwitchService ] :: isSavedAPInRange, SIM 1 is not ready
12-25 04:33:40.777  1161  1738 E WifiStateMachine:  DriverStartedState !CMD_STOP_SUPPLICANT_FAILED 13 0
12-25 04:33:40.777  2435  2435 D WifiSwitchService: [ WifiSwitchService ] :: isMultiSimSupported, bSupport: true
12-25 04:33:40.777  2435  2435 D WifiSwitchService: [ WifiSwitchService ] :: isSavedAPInRange, SIM 2 is not ready
12-25 04:33:40.777  2435  2435 D WifiSwitchService: [ WifiSwitchService ] :: Handle SCAN_RESULTS_AVAILABLE_ACTION, Saved AP Not Found, Delay 10 min then check again
12-25 04:33:40.777  1161  1738 E WifiStateMachine:  SupplicantStartedState !CMD_STOP_SUPPLICANT_FAILED 13 0
12-25 04:33:40.787  1161  1738 E WifiStateMachine:  DefaultState !CMD_STOP_SUPPLICANT_FAILED 13 0
12-25 04:33:40.797  1161  1738 E WifiStateMachine:  DisconnectedState !CMD_AUTO_CONNECT 5 3 "lenovo-internet"-NONE [2 ,-60 ;3 ,-62] any roam=0 rt=94712088
12-25 04:33:40.797 22695 22695 I Configuration: Configuration getConfigurationFromSysProp name= persist.sys.font_scale value=
12-25 04:33:40.797 22695 22695 I Configuration: Configuration getConfigurationFromSysProp name= persist.sys.font_scale value=
12-25 04:33:40.797 22695 22695 E Parcel  : Reading a NULL string not supported here.
12-25 04:33:40.807  1161  1738 E WifiStateMachine:  ConnectModeState !CMD_AUTO_CONNECT 5 3 "lenovo-internet"-NONE [2 ,-60 ;3 ,-62] any roam=0 rt=94712097
12-25 04:33:40.807  1161  1738 E WifiStateMachine: CMD_AUTO_CONNECT sup state ScanState my state DisconnectedState nid=5 roam=3
12-25 04:33:40.807  1161  1738 E WifiConfigStore: saveWifiConfigBSSID Setting BSSID for "lenovo-internet"-NONE to any
12-25 04:33:40.807  1161  1738 D wifi_gbk2utf: parse SET_NETWORK command success, netId = 5, name = bssid, value =any, length=3
12-25 04:33:40.807  1161  1738 E wifi_gbk2utf: g_pItemList is NULL
12-25 04:33:40.807 22675 22675 D wpa_supplicant: wlan0: Control interface command 'SET_NETWORK [REMOVED]'
12-25 04:33:40.807 22675 22675 D wpa_supplicant: CTRL_IFACE: SET_NETWORK id=5 name='bssid'
12-25 04:33:40.807 22675 22675 D wpa_supplicant: CTRL_IFACE: value - hexdump(len=3): [REMOVED]
12-25 04:33:40.807 22675 22675 D wpa_supplicant: BSSID any
12-25 04:33:40.807 22675 22675 D wpa_supplicant: wlan0: Control interface command 'SAVE_CONFIG'
12-25 04:33:40.807 22675 22675 D wpa_supplicant: Writing configuration file '/data/misc/wifi/wpa_supplicant.conf.tmp'
12-25 04:33:40.807 22675 22675 D wpa_supplicant: Configuration file '/data/misc/wifi/wpa_supplicant.conf' written successfully
12-25 04:33:40.807 22675 22675 D wpa_supplicant: CTRL_IFACE: SAVE_CONFIG - Configuration updated
12-25 04:33:40.807  1161  1738 E WifiStateMachine: CMD_AUTO_CONNECT will save config -> "lenovo-internet" nid=5
12-25 04:33:40.817  1161  1738 D wifi_gbk2utf: parse SET_NETWORK command success, netId = 5, name = ssid, value =6c656e6f766f2d696e7465726e6574, length=30
12-25 04:33:40.817  1161  1738 E wifi_gbk2utf: g_pItemList is NULL
12-25 04:33:40.817 22675 22675 D wpa_supplicant: wlan0: Control interface command 'SET_NETWORK [REMOVED]'
12-25 04:33:40.817 22675 22675 D wpa_supplicant: CTRL_IFACE: SET_NETWORK id=5 name='ssid'
12-25 04:33:40.817 22675 22675 D wpa_supplicant: CTRL_IFACE: value - hexdump(len=30): [REMOVED]
12-25 04:33:40.817 22675 22675 D wpa_supplicant: ssid - hexdump(len=15): 6c 65 6e 6f 76 6f 2d 69 6e 74 65 72 6e 65 74
12-25 04:33:40.817  1161  1738 D wifi_gbk2utf: parse SET_NETWORK command success, netId = 5, name = key_mgmt, value =NONE, length=4
12-25 04:33:40.817  1161  1738 E wifi_gbk2utf: g_pItemList is NULL
12-25 04:33:40.817 22675 22675 D wpa_supplicant: wlan0: Control interface command 'SET_NETWORK [REMOVED]'
12-25 04:33:40.817 22675 22675 D wpa_supplicant: CTRL_IFACE: SET_NETWORK id=5 name='key_mgmt'
12-25 04:33:40.817 22675 22675 D wpa_supplicant: CTRL_IFACE: value - hexdump(len=4): [REMOVED]
12-25 04:33:40.817 22675 22675 D wpa_supplicant: key_mgmt: 0x4
12-25 04:33:40.817  1161  1738 D wifi_gbk2utf: parse SET_NETWORK command success, netId = 5, name = proto, value =WPA, length=3
12-25 04:33:40.817  1161  1738 E wifi_gbk2utf: g_pItemList is NULL
12-25 04:33:40.817 22675 22675 D wpa_supplicant: wlan0: Control interface command 'SET_NETWORK [REMOVED]'
12-25 04:33:40.817 22675 22675 D wpa_supplicant: CTRL_IFACE: SET_NETWORK id=5 name='proto'
12-25 04:33:40.817 22675 22675 D wpa_supplicant: CTRL_IFACE: value - hexdump(len=7): [REMOVED]
12-25 04:33:40.817 22675 22675 D wpa_supplicant: proto: 0x3
12-25 04:33:40.817  1161  1738 D wifi_gbk2utf: parse SET_NETWORK command success, netId = 5, name = pairwise, value =TKIP, length=4
12-25 04:33:40.817  1161  1738 E wifi_gbk2utf: g_pItemList is NULL
12-25 04:33:40.817 22675 22675 D wpa_supplicant: wlan0: Control interface command 'SET_NETWORK [REMOVED]'
12-25 04:33:40.817 22675 22675 D wpa_supplicant: CTRL_IFACE: SET_NETWORK id=5 name='pairwise'
12-25 04:33:40.817 22675 22675 D wpa_supplicant: CTRL_IFACE: value - hexdump(len=9): [REMOVED]
12-25 04:33:40.817 22675 22675 D wpa_supplicant: pairwise: 0x18
12-25 04:33:40.817 22695 22695 I Configuration: Configuration getConfigurationFromSysProp name= persist.sys.font_scale value=
12-25 04:33:40.827  1161  1738 D wifi_gbk2utf: parse SET_NETWORK command success, netId = 5, name = group, value =WEP40, length=5
12-25 04:33:40.827  1161  1738 E wifi_gbk2utf: g_pItemList is NULL
12-25 04:33:40.827 22675 22675 D wpa_supplicant: wlan0: Control interface command 'SET_NETWORK [REMOVED]'
12-25 04:33:40.827 22675 22675 D wpa_supplicant: CTRL_IFACE: SET_NETWORK id=5 name='group'
12-25 04:33:40.827 22675 22675 D wpa_supplicant: CTRL_IFACE: value - hexdump(len=22): [REMOVED]
12-25 04:33:40.827 22675 22675 D wpa_supplicant: group: 0x1e
12-25 04:33:40.827  1161  1738 D wifi_gbk2utf: parse SET_NETWORK command success, netId = 5, name = priority, value =36, length=2
12-25 04:33:40.827  1161  1738 E wifi_gbk2utf: g_pItemList is NULL
12-25 04:33:40.827 22675 22675 D wpa_supplicant: wlan0: Control interface command 'SET_NETWORK [REMOVED]'
12-25 04:33:40.827 22675 22675 D wpa_supplicant: CTRL_IFACE: SET_NETWORK id=5 name='priority'
12-25 04:33:40.827 22675 22675 D wpa_supplicant: CTRL_IFACE: value - hexdump(len=2): [REMOVED]
12-25 04:33:40.827 22675 22675 D wpa_supplicant: priority=36 (0x24)
12-25 04:33:40.827 22695 22695 I Configuration: Configuration getConfigurationFromSysProp name= persist.sys.font_scale value=
12-25 04:33:40.827  1161  1738 E WifiConfigStore: will read network variables netId=5
12-25 04:33:40.827 22675 22675 D wpa_supplicant: wlan0: Control interface command 'GET_NETWORK 5 ssid'
12-25 04:33:40.827 22675 22675 D wpa_supplicant: CTRL_IFACE: GET_NETWORK id=5 name='ssid'
12-25 04:33:40.827  1161  1738 D wifi_gbk2utf: constructSsid, ssid = "lenovo-internet"
12-25 04:33:40.827 22695 22695 I Configuration: Configuration getConfigurationFromSysProp name= persist.sys.font_scale value=
12-25 04:33:40.827 22675 22675 D wpa_supplicant: wlan0: Control interface command 'GET_NETWORK 5 bssid'
12-25 04:33:40.827 22675 22675 D wpa_supplicant: CTRL_IFACE: GET_NETWORK id=5 name='bssid'
12-25 04:33:40.827 22675 22675 D wpa_supplicant: CTRL_IFACE: Failed to get network variable 'bssid'
12-25 04:33:40.827 22675 22675 D wpa_supplicant: wlan0: Control interface command 'GET_NETWORK 5 priority'
12-25 04:33:40.827 22695 22695 I Configuration: Configuration getConfigurationFromSysProp name= persist.sys.font_scale value=
12-25 04:33:40.827 22675 22675 D wpa_supplicant: CTRL_IFACE: GET_NETWORK id=5 name='priority'
12-25 04:33:40.827 22675 22675 D wpa_supplicant: wlan0: Control interface command 'GET_NETWORK 5 scan_ssid'
12-25 04:33:40.827 22675 22675 D wpa_supplicant: CTRL_IFACE: GET_NETWORK id=5 name='scan_ssid'
12-25 04:33:40.827 22675 22675 D wpa_supplicant: wlan0: Control interface command 'GET_NETWORK 5 wep_tx_keyidx'
12-25 04:33:40.827 22675 22675 D wpa_supplicant: CTRL_IFACE: GET_NETWORK id=5 name='wep_tx_keyidx'
12-25 04:33:40.827 22675 22675 D wpa_supplicant: wlan0: Control interface command 'GET_NETWORK 5 wep_key0'
12-25 04:33:40.827 22675 22675 D wpa_supplicant: CTRL_IFACE: GET_NETWORK id=5 name='wep_key0'
12-25 04:33:40.827 22675 22675 D wpa_supplicant: CTRL_IFACE: Failed to get network variable 'wep_key0'
12-25 04:33:40.827 22675 22675 D wpa_supplicant: wlan0: Control interface command 'GET_NETWORK 5 wep_key1'
12-25 04:33:40.827 22675 22675 D wpa_supplicant: CTRL_IFACE: GET_NETWORK id=5 name='wep_key1'
12-25 04:33:40.827 22675 22675 D wpa_supplicant: CTRL_IFACE: Failed to get network variable 'wep_key1'
12-25 04:33:40.827 22675 22675 D wpa_supplicant: wlan0: Control interface command 'GET_NETWORK 5 wep_key2'
12-25 04:33:40.827 22675 22675 D wpa_supplicant: CTRL_IFACE: GET_NETWORK id=5 name='wep_key2'
12-25 04:33:40.827 22675 22675 D wpa_supplicant: CTRL_IFACE: Failed to get network variable 'wep_key2'
12-25 04:33:40.827 22675 22675 D wpa_supplicant: wlan0: Control interface command 'GET_NETWORK 5 wep_key3'
12-25 04:33:40.827 22675 22675 D wpa_supplicant: CTRL_IFACE: GET_NETWORK id=5 name='wep_key3'
12-25 04:33:40.827 22675 22675 D wpa_supplicant: CTRL_IFACE: Failed to get network variable 'wep_key3'
12-25 04:33:40.827 22675 22675 D wpa_supplicant: wlan0: Control interface command 'GET_NETWORK 5 as_cert_file'
12-25 04:33:40.827 22675 22675 D wpa_supplicant: CTRL_IFACE: GET_NETWORK id=5 name='as_cert_file'
12-25 04:33:40.827 22675 22675 D wpa_supplicant: CTRL_IFACE: Failed to get network variable 'as_cert_file'
12-25 04:33:40.827 22675 22675 D wpa_supplicant: wlan0: Control interface command 'GET_NETWORK 5 user_cert_file'
12-25 04:33:40.827 22675 22675 D wpa_supplicant: CTRL_IFACE: GET_NETWORK id=5 name='user_cert_file'
12-25 04:33:40.827 22675 22675 D wpa_supplicant: CTRL_IFACE: Failed to get network variable 'user_cert_file'
12-25 04:33:40.827 22675 22675 D wpa_supplicant: wlan0: Control interface command 'GET_NETWORK 5 wapi_key_type'
12-25 04:33:40.827 22675 22675 D wpa_supplicant: CTRL_IFACE: GET_NETWORK id=5 name='wapi_key_type'
12-25 04:33:40.827 22675 22675 D wpa_supplicant: CTRL_IFACE: Failed to get network variable 'wapi_key_type'
12-25 04:33:40.827 22675 22675 D wpa_supplicant: wlan0: Control interface command 'GET_NETWORK 5 wapi_psk'
12-25 04:33:40.827 22675 22675 D wpa_supplicant: CTRL_IFACE: GET_NETWORK id=5 name='wapi_psk'
12-25 04:33:40.827 22675 22675 D wpa_supplicant: CTRL_IFACE: Failed to get network variable 'wapi_psk'
12-25 04:33:40.827 22675 22675 D wpa_supplicant: wlan0: Control interface command 'GET_NETWORK 5 psk'
12-25 04:33:40.827 22675 22675 D wpa_supplicant: CTRL_IFACE: GET_NETWORK id=5 name='psk'
12-25 04:33:40.827 22675 22675 D wpa_supplicant: CTRL_IFACE: Failed to get network variable 'psk'
12-25 04:33:40.827 22675 22675 D wpa_supplicant: wlan0: Control interface command 'GET_NETWORK 5 proto'
12-25 04:33:40.827 22675 22675 D wpa_supplicant: CTRL_IFACE: GET_NETWORK id=5 name='proto'
12-25 04:33:40.837 22675 22675 D wpa_supplicant: wlan0: Control interface command 'GET_NETWORK 5 key_mgmt'
12-25 04:33:40.837 22675 22675 D wpa_supplicant: CTRL_IFACE: GET_NETWORK id=5 name='key_mgmt'
12-25 04:33:40.837 22675 22675 D wpa_supplicant: wlan0: Control interface command 'GET_NETWORK 5 auth_alg'
12-25 04:33:40.837 22675 22675 D wpa_supplicant: CTRL_IFACE: GET_NETWORK id=5 name='auth_alg'
12-25 04:33:40.837 22675 22675 D wpa_supplicant: CTRL_IFACE: Failed to get network variable 'auth_alg'
12-25 04:33:40.837 22675 22675 D wpa_supplicant: wlan0: Control interface command 'GET_NETWORK 5 pairwise'
12-25 04:33:40.837 22675 22675 D wpa_supplicant: CTRL_IFACE: GET_NETWORK id=5 name='pairwise'
12-25 04:33:40.837 22675 22675 D wpa_supplicant: wlan0: Control interface command 'GET_NETWORK 5 group'
12-25 04:33:40.837 22675 22675 D wpa_supplicant: CTRL_IFACE: GET_NETWORK id=5 name='group'
12-25 04:33:40.837 22675 22675 D wpa_supplicant: wlan0: Control interface command 'GET_NETWORK 5 eap'
12-25 04:33:40.837 22675 22675 D wpa_supplicant: CTRL_IFACE: GET_NETWORK id=5 name='eap'
12-25 04:33:40.837 22675 22675 D wpa_supplicant: CTRL_IFACE: Failed to get network variable 'eap'
12-25 04:33:40.837 22675 22675 D wpa_supplicant: wlan0: Control interface command 'GET_NETWORK 5 phase2'
12-25 04:33:40.837 22675 22675 D wpa_supplicant: CTRL_IFACE: GET_NETWORK id=5 name='phase2'
12-25 04:33:40.837 22675 22675 D wpa_supplicant: CTRL_IFACE: Failed to get network variable 'phase2'
12-25 04:33:40.837 22675 22675 D wpa_supplicant: wlan0: Control interface command 'GET_NETWORK 5 identity'
12-25 04:33:40.837 22675 22675 D wpa_supplicant: CTRL_IFACE: GET_NETWORK id=5 name='identity'
12-25 04:33:40.837 22675 22675 D wpa_supplicant: CTRL_IFACE: Failed to get network variable 'identity'
12-25 04:33:40.837 22675 22675 D wpa_supplicant: wlan0: Control interface command 'GET_NETWORK 5 anonymous_identity'
12-25 04:33:40.837 22675 22675 D wpa_supplicant: CTRL_IFACE: GET_NETWORK id=5 name='anonymous_identity'
12-25 04:33:40.837 22675 22675 D wpa_supplicant: CTRL_IFACE: Failed to get network variable 'anonymous_identity'
12-25 04:33:40.837 22675 22675 D wpa_supplicant: wlan0: Control interface command 'GET_NETWORK 5 password'
12-25 04:33:40.837 22675 22675 D wpa_supplicant: CTRL_IFACE: GET_NETWORK id=5 name='password'
12-25 04:33:40.837 22675 22675 D wpa_supplicant: CTRL_IFACE: Failed to get network variable 'password'
12-25 04:33:40.837 22675 22675 D wpa_supplicant: wlan0: Control interface command 'GET_NETWORK 5 client_cert'
12-25 04:33:40.837 22675 22675 D wpa_supplicant: CTRL_IFACE: GET_NETWORK id=5 name='client_cert'
12-25 04:33:40.837 22675 22675 D wpa_supplicant: CTRL_IFACE: Failed to get network variable 'client_cert'
12-25 04:33:40.837 22675 22675 D wpa_supplicant: wlan0: Control interface command 'GET_NETWORK 5 ca_cert'
12-25 04:33:40.837 22675 22675 D wpa_supplicant: CTRL_IFACE: GET_NETWORK id=5 name='ca_cert'
12-25 04:33:40.837 22675 22675 D wpa_supplicant: CTRL_IFACE: Failed to get network variable 'ca_cert'
12-25 04:33:40.837 22675 22675 D wpa_supplicant: wlan0: Control interface command 'GET_NETWORK 5 subject_match'
12-25 04:33:40.837 22675 22675 D wpa_supplicant: CTRL_IFACE: GET_NETWORK id=5 name='subject_match'
12-25 04:33:40.837 22675 22675 D wpa_supplicant: CTRL_IFACE: Failed to get network variable 'subject_match'
12-25 04:33:40.837 22675 22675 D wpa_supplicant: wlan0: Control interface command 'GET_NETWORK 5 engine'
12-25 04:33:40.837 22675 22675 D wpa_supplicant: CTRL_IFACE: GET_NETWORK id=5 name='engine'
12-25 04:33:40.837 22675 22675 D wpa_supplicant: wlan0: Control interface command 'GET_NETWORK 5 engine_id'
12-25 04:33:40.837 22675 22675 D wpa_supplicant: CTRL_IFACE: GET_NETWORK id=5 name='engine_id'
12-25 04:33:40.837 22675 22675 D wpa_supplicant: CTRL_IFACE: Failed to get network variable 'engine_id'
12-25 04:33:40.837 22675 22675 D wpa_supplicant: wlan0: Control interface command 'GET_NETWORK 5 key_id'
12-25 04:33:40.837 22675 22675 D wpa_supplicant: CTRL_IFACE: GET_NETWORK id=5 name='key_id'
12-25 04:33:40.837 22675 22675 D wpa_supplicant: CTRL_IFACE: Failed to get network variable 'key_id'
12-25 04:33:40.837 22675 22675 D wpa_supplicant: wlan0: Control interface command 'GET_NETWORK 5 private_key'
12-25 04:33:40.837 22675 22675 D wpa_supplicant: CTRL_IFACE: GET_NETWORK id=5 name='private_key'
12-25 04:33:40.837 22675 22675 D wpa_supplicant: CTRL_IFACE: Failed to get network variable 'private_key'
12-25 04:33:40.837 22675 22675 D wpa_supplicant: wlan0: Control interface command 'SAVE_CONFIG'
12-25 04:33:40.837 22675 22675 D wpa_supplicant: Writing configuration file '/data/misc/wifi/wpa_supplicant.conf.tmp'
