12-25 04:33:40.837 22675 22675 D wpa_supplicant: Configuration file '/data/misc/wifi/wpa_supplicant.conf' written successfully
12-25 04:33:40.837 22675 22675 D wpa_supplicant: CTRL_IFACE: SAVE_CONFIG - Configuration updated
12-25 04:33:40.847  1161  1738 V ActivityManager: Broadcast: Intent { act=android.net.wifi.CONFIGURED_NETWORKS_CHANGE flg=0x4000010 (has extras) } ordered=false userid=-1
12-25 04:33:40.847  1161  1738 E WifiStateMachine: CMD_AUTO_CONNECT did save config ->  nid=5
12-25 04:33:40.847 22675 22675 D wpa_supplicant: wlan0: Control interface command 'ENABLE_NETWORK 5'
12-25 04:33:40.847 22675 22675 D wpa_supplicant: CTRL_IFACE: ENABLE_NETWORK id=5
12-25 04:33:40.847  1161  1738 D wifi_gbk2utf: parse SET_NETWORK command success, netId = 5, name = priority, value =37, length=2
12-25 04:33:40.847  1161  1738 E wifi_gbk2utf: g_pItemList is NULL
12-25 04:33:40.847 22675 22675 D wpa_supplicant: wlan0: Control interface command 'SET_NETWORK [REMOVED]'
12-25 04:33:40.847 22675 22675 D wpa_supplicant: CTRL_IFACE: SET_NETWORK id=5 name='priority'
12-25 04:33:40.847 22675 22675 D wpa_supplicant: CTRL_IFACE: value - hexdump(len=2): [REMOVED]
12-25 04:33:40.847 22675 22675 D wpa_supplicant: priority=37 (0x25)
12-25 04:33:40.847  1161  1738 E WifiConfigStore: will read network variables netId=5
12-25 04:33:40.847 22675 22675 D wpa_supplicant: wlan0: Control interface command 'GET_NETWORK 5 ssid'
12-25 04:33:40.847 22675 22675 D wpa_supplicant: CTRL_IFACE: GET_NETWORK id=5 name='ssid'
12-25 04:33:40.847  1161  1738 D wifi_gbk2utf: constructSsid, ssid = "lenovo-internet"
12-25 04:33:40.847  2435  2435 D WifiSwitchManager: [ WifiSwitchManager ] :: getCurrentWifiSwitchState, currentState: 1
12-25 04:33:40.847 22675 22675 D wpa_supplicant: wlan0: Control interface command 'GET_NETWORK 5 bssid'
12-25 04:33:40.847 22675 22675 D wpa_supplicant: CTRL_IFACE: GET_NETWORK id=5 name='bssid'
12-25 04:33:40.847 22675 22675 D wpa_supplicant: CTRL_IFACE: Failed to get network variable 'bssid'
12-25 04:33:40.847 22675 22675 D wpa_supplicant: wlan0: Control interface command 'GET_NETWORK 5 priority'
12-25 04:33:40.847 22675 22675 D wpa_supplicant: CTRL_IFACE: GET_NETWORK id=5 name='priority'
12-25 04:33:40.847 22675 22675 D wpa_supplicant: wlan0: Control interface command 'GET_NETWORK 5 scan_ssid'
12-25 04:33:40.847 22675 22675 D wpa_supplicant: CTRL_IFACE: GET_NETWORK id=5 name='scan_ssid'
12-25 04:33:40.847 22675 22675 D wpa_supplicant: wlan0: Control interface command 'GET_NETWORK 5 wep_tx_keyidx'
12-25 04:33:40.847  2435  2435 D WifiSwitchService: [ WifiSwitchService ] :: Handle CONFIGURED_NETWORKS_CHANGED_ACTION, ssid: "lenovo-internet", reason: 2
12-25 04:33:40.847 22675 22675 D wpa_supplicant: CTRL_IFACE: GET_NETWORK id=5 name='wep_tx_keyidx'
12-25 04:33:40.857 22675 22675 D wpa_supplicant: wlan0: Control interface command 'GET_NETWORK 5 wep_key0'
12-25 04:33:40.857 22675 22675 D wpa_supplicant: CTRL_IFACE: GET_NETWORK id=5 name='wep_key0'
12-25 04:33:40.857 22675 22675 D wpa_supplicant: CTRL_IFACE: Failed to get network variable 'wep_key0'
12-25 04:33:40.857 22675 22675 D wpa_supplicant: wlan0: Control interface command 'GET_NETWORK 5 wep_key1'
12-25 04:33:40.857 22675 22675 D wpa_supplicant: CTRL_IFACE: GET_NETWORK id=5 name='wep_key1'
12-25 04:33:40.857 22675 22675 D wpa_supplicant: CTRL_IFACE: Failed to get network variable 'wep_key1'
12-25 04:33:40.857 22675 22675 D wpa_supplicant: wlan0: Control interface command 'GET_NETWORK 5 wep_key2'
12-25 04:33:40.857 22675 22675 D wpa_supplicant: CTRL_IFACE: GET_NETWORK id=5 name='wep_key2'
12-25 04:33:40.857 22675 22675 D wpa_supplicant: CTRL_IFACE: Failed to get network variable 'wep_key2'
12-25 04:33:40.857 22675 22675 D wpa_supplicant: wlan0: Control interface command 'GET_NETWORK 5 wep_key3'
12-25 04:33:40.857 22675 22675 D wpa_supplicant: CTRL_IFACE: GET_NETWORK id=5 name='wep_key3'
12-25 04:33:40.857 22675 22675 D wpa_supplicant: CTRL_IFACE: Failed to get network variable 'wep_key3'
12-25 04:33:40.857 22675 22675 D wpa_supplicant: wlan0: Control interface command 'GET_NETWORK 5 as_cert_file'
12-25 04:33:40.857 22675 22675 D wpa_supplicant: CTRL_IFACE: GET_NETWORK id=5 name='as_cert_file'
12-25 04:33:40.857 22675 22675 D wpa_supplicant: CTRL_IFACE: Failed to get network variable 'as_cert_file'
12-25 04:33:40.857 22675 22675 D wpa_supplicant: wlan0: Control interface command 'GET_NETWORK 5 user_cert_file'
12-25 04:33:40.857 22675 22675 D wpa_supplicant: CTRL_IFACE: GET_NETWORK id=5 name='user_cert_file'
12-25 04:33:40.857 22675 22675 D wpa_supplicant: CTRL_IFACE: Failed to get network variable 'user_cert_file'
12-25 04:33:40.857 22675 22675 D wpa_supplicant: wlan0: Control interface command 'GET_NETWORK 5 wapi_key_type'
12-25 04:33:40.857 22675 22675 D wpa_supplicant: CTRL_IFACE: GET_NETWORK id=5 name='wapi_key_type'
12-25 04:33:40.857 22675 22675 D wpa_supplicant: CTRL_IFACE: Failed to get network variable 'wapi_key_type'
12-25 04:33:40.857 22675 22675 D wpa_supplicant: wlan0: Control interface command 'GET_NETWORK 5 wapi_psk'
12-25 04:33:40.857 22675 22675 D wpa_supplicant: CTRL_IFACE: GET_NETWORK id=5 name='wapi_psk'
12-25 04:33:40.857 22675 22675 D wpa_supplicant: CTRL_IFACE: Failed to get network variable 'wapi_psk'
12-25 04:33:40.857 22675 22675 D wpa_supplicant: wlan0: Control interface command 'GET_NETWORK 5 psk'
12-25 04:33:40.857 22675 22675 D wpa_supplicant: CTRL_IFACE: GET_NETWORK id=5 name='psk'
12-25 04:33:40.857 22675 22675 D wpa_supplicant: CTRL_IFACE: Failed to get network variable 'psk'
12-25 04:33:40.857 22675 22675 D wpa_supplicant: wlan0: Control interface command 'GET_NETWORK 5 proto'
12-25 04:33:40.857 22675 22675 D wpa_supplicant: CTRL_IFACE: GET_NETWORK id=5 name='proto'
12-25 04:33:40.857 22675 22675 D wpa_supplicant: wlan0: Control interface command 'GET_NETWORK 5 key_mgmt'
12-25 04:33:40.857 22675 22675 D wpa_supplicant: CTRL_IFACE: GET_NETWORK id=5 name='key_mgmt'
12-25 04:33:40.857 22675 22675 D wpa_supplicant: wlan0: Control interface command 'GET_NETWORK 5 auth_alg'
12-25 04:33:40.857 22675 22675 D wpa_supplicant: CTRL_IFACE: GET_NETWORK id=5 name='auth_alg'
12-25 04:33:40.857 22675 22675 D wpa_supplicant: CTRL_IFACE: Failed to get network variable 'auth_alg'
12-25 04:33:40.857 22675 22675 D wpa_supplicant: wlan0: Control interface command 'GET_NETWORK 5 pairwise'
12-25 04:33:40.857 22675 22675 D wpa_supplicant: CTRL_IFACE: GET_NETWORK id=5 name='pairwise'
12-25 04:33:40.857 22675 22675 D wpa_supplicant: wlan0: Control interface command 'GET_NETWORK 5 group'
12-25 04:33:40.857 22675 22675 D wpa_supplicant: CTRL_IFACE: GET_NETWORK id=5 name='group'
12-25 04:33:40.857 22675 22675 D wpa_supplicant: wlan0: Control interface command 'GET_NETWORK 5 eap'
12-25 04:33:40.857 22675 22675 D wpa_supplicant: CTRL_IFACE: GET_NETWORK id=5 name='eap'
12-25 04:33:40.857 22675 22675 D wpa_supplicant: CTRL_IFACE: Failed to get network variable 'eap'
12-25 04:33:40.857 22675 22675 D wpa_supplicant: wlan0: Control interface command 'GET_NETWORK 5 phase2'
12-25 04:33:40.857 22675 22675 D wpa_supplicant: CTRL_IFACE: GET_NETWORK id=5 name='phase2'
12-25 04:33:40.857 22675 22675 D wpa_supplicant: CTRL_IFACE: Failed to get network variable 'phase2'
12-25 04:33:40.857 22675 22675 D wpa_supplicant: wlan0: Control interface command 'GET_NETWORK 5 identity'
12-25 04:33:40.857 22675 22675 D wpa_supplicant: CTRL_IFACE: GET_NETWORK id=5 name='identity'
12-25 04:33:40.857 22675 22675 D wpa_supplicant: CTRL_IFACE: Failed to get network variable 'identity'
12-25 04:33:40.857 22675 22675 D wpa_supplicant: wlan0: Control interface command 'GET_NETWORK 5 anonymous_identity'
12-25 04:33:40.857 22675 22675 D wpa_supplicant: CTRL_IFACE: GET_NETWORK id=5 name='anonymous_identity'
12-25 04:33:40.857 22675 22675 D wpa_supplicant: CTRL_IFACE: Failed to get network variable 'anonymous_identity'
12-25 04:33:40.857 22675 22675 D wpa_supplicant: wlan0: Control interface command 'GET_NETWORK 5 password'
12-25 04:33:40.857 22675 22675 D wpa_supplicant: CTRL_IFACE: GET_NETWORK id=5 name='password'
12-25 04:33:40.857 22675 22675 D wpa_supplicant: CTRL_IFACE: Failed to get network variable 'password'
12-25 04:33:40.857 22675 22675 D wpa_supplicant: wlan0: Control interface command 'GET_NETWORK 5 client_cert'
12-25 04:33:40.857 22675 22675 D wpa_supplicant: CTRL_IFACE: GET_NETWORK id=5 name='client_cert'
12-25 04:33:40.857 22675 22675 D wpa_supplicant: CTRL_IFACE: Failed to get network variable 'client_cert'
12-25 04:33:40.857 22675 22675 D wpa_supplicant: wlan0: Control interface command 'GET_NETWORK 5 ca_cert'
12-25 04:33:40.857 22675 22675 D wpa_supplicant: CTRL_IFACE: GET_NETWORK id=5 name='ca_cert'
12-25 04:33:40.857 22675 22675 D wpa_supplicant: CTRL_IFACE: Failed to get network variable 'ca_cert'
12-25 04:33:40.857 22675 22675 D wpa_supplicant: wlan0: Control interface command 'GET_NETWORK 5 subject_match'
12-25 04:33:40.857 22675 22675 D wpa_supplicant: CTRL_IFACE: GET_NETWORK id=5 name='subject_match'
12-25 04:33:40.857 22675 22675 D wpa_supplicant: CTRL_IFACE: Failed to get network variable 'subject_match'
12-25 04:33:40.857 22675 22675 D wpa_supplicant: wlan0: Control interface command 'GET_NETWORK 5 engine'
12-25 04:33:40.857 22675 22675 D wpa_supplicant: CTRL_IFACE: GET_NETWORK id=5 name='engine'
12-25 04:33:40.857 22675 22675 D wpa_supplicant: wlan0: Control interface command 'GET_NETWORK 5 engine_id'
12-25 04:33:40.857 22675 22675 D wpa_supplicant: CTRL_IFACE: GET_NETWORK id=5 name='engine_id'
12-25 04:33:40.857 22675 22675 D wpa_supplicant: CTRL_IFACE: Failed to get network variable 'engine_id'
12-25 04:33:40.857 22675 22675 D wpa_supplicant: wlan0: Control interface command 'GET_NETWORK 5 key_id'
12-25 04:33:40.857 22675 22675 D wpa_supplicant: CTRL_IFACE: GET_NETWORK id=5 name='key_id'
12-25 04:33:40.857 22675 22675 D wpa_supplicant: CTRL_IFACE: Failed to get network variable 'key_id'
12-25 04:33:40.857 22675 22675 D wpa_supplicant: wlan0: Control interface command 'GET_NETWORK 5 private_key'
12-25 04:33:40.857 22675 22675 D wpa_supplicant: CTRL_IFACE: GET_NETWORK id=5 name='private_key'
12-25 04:33:40.867 22675 22675 D wpa_supplicant: CTRL_IFACE: Failed to get network variable 'private_key'
12-25 04:33:40.867 22675 22675 D wpa_supplicant: wlan0: Control interface command 'SAVE_CONFIG'
12-25 04:33:40.867 22675 22675 D wpa_supplicant: Writing configuration file '/data/misc/wifi/wpa_supplicant.conf.tmp'
12-25 04:33:40.867 22675 22675 D wpa_supplicant: Configuration file '/data/misc/wifi/wpa_supplicant.conf' written successfully
12-25 04:33:40.867 22675 22675 D wpa_supplicant: CTRL_IFACE: SAVE_CONFIG - Configuration updated
12-25 04:33:40.867 22675 22675 D wpa_supplicant: wlan0: Control interface command 'SELECT_NETWORK 5'
12-25 04:33:40.867 22675 22675 D wpa_supplicant: CTRL_IFACE: SELECT_NETWORK id=5
12-25 04:33:40.867 22675 22675 E wpa_supplicant: eap_proxy: eap_proxy_notify_config
12-25 04:33:40.867 22675 22675 E wpa_supplicant: eap_proxy: is NULL
12-25 04:33:40.867 22675 22675 D wpa_supplicant: wlan0: Selecting BSS from priority group 37
12-25 04:33:40.867 22675 22675 D wpa_supplicant: wlan0: 0: 18:64:72:ea:10:15 ssid='lenovo-RD' wpa_ie_len=0 rsn_ie_len=20 caps=0x1111 level=-62
12-25 04:33:40.867 22675 22675 D wpa_supplicant: wlan0:    skip - SSID mismatch
12-25 04:33:40.867 22675 22675 D wpa_supplicant: wlan0: 1: 18:64:72:ea:10:10 ssid='lenovo' wpa_ie_len=0 rsn_ie_len=20 caps=0x1111 level=-62
12-25 04:33:40.867 22675 22675 D wpa_supplicant: wlan0:    skip - SSID mismatch
12-25 04:33:40.867 22675 22675 D wpa_supplicant: wlan0: 2: 18:64:72:ea:0f:c5 ssid='lenovo-RD' wpa_ie_len=0 rsn_ie_len=20 caps=0x1431 level=-60
12-25 04:33:40.867 22675 22675 D wpa_supplicant: wlan0:    skip - SSID mismatch
12-25 04:33:40.867 22675 22675 D wpa_supplicant: wlan0: 3: 18:64:72:ea:0f:c0 ssid='lenovo' wpa_ie_len=0 rsn_ie_len=20 caps=0x1431 level=-60
12-25 04:33:40.867 22675 22675 D wpa_supplicant: wlan0:    skip - SSID mismatch
12-25 04:33:40.867 22675 22675 D wpa_supplicant: wlan0: 4: 18:64:72:e9:75:15 ssid='lenovo-RD' wpa_ie_len=0 rsn_ie_len=20 caps=0x1111 level=-69
12-25 04:33:40.867 22675 22675 D wpa_supplicant: wlan0:    skip - SSID mismatch
12-25 04:33:40.867 22675 22675 D wpa_supplicant: wlan0: 5: 18:64:72:e9:75:10 ssid='lenovo' wpa_ie_len=0 rsn_ie_len=20 caps=0x1111 level=-69
12-25 04:33:40.867 22675 22675 D wpa_supplicant: wlan0:    skip - SSID mismatch
12-25 04:33:40.867 22675 22675 D wpa_supplicant: wlan0: 6: 60:d9:a0:9a:01:a4 ssid='dd' wpa_ie_len=0 rsn_ie_len=20 caps=0x8431 level=-69
12-25 04:33:40.867 22675 22675 D wpa_supplicant: wlan0:    skip - SSID mismatch
12-25 04:33:40.867 22675 22675 D wpa_supplicant: wlan0: 7: 18:64:72:ea:10:05 ssid='lenovo-RD' wpa_ie_len=0 rsn_ie_len=20 caps=0x1431 level=-71
12-25 04:33:40.867 22675 22675 D wpa_supplicant: wlan0:    skip - SSID mismatch
12-25 04:33:40.867 22675 22675 D wpa_supplicant: wlan0: 8: 18:64:72:ea:10:00 ssid='lenovo' wpa_ie_len=0 rsn_ie_len=20 caps=0x1431 level=-71
12-25 04:33:40.867 22675 22675 D wpa_supplicant: wlan0:    skip - SSID mismatch
12-25 04:33:40.867 22675 22675 D wpa_supplicant: wlan0: 9: a4:17:31:f7:b3:77 ssid='ccmm' wpa_ie_len=0 rsn_ie_len=20 caps=0x431 level=-73
12-25 04:33:40.867 22675 22675 D wpa_supplicant: wlan0:    skip - SSID mismatch
12-25 04:33:40.867 22675 22675 D wpa_supplicant: wlan0: 10: 18:64:72:ea:0f:90 ssid='lenovo' wpa_ie_len=0 rsn_ie_len=20 caps=0x1111 level=-79
12-25 04:33:40.867 22675 22675 D wpa_supplicant: wlan0:    skip - SSID mismatch
12-25 04:33:40.867 22675 22675 D wpa_supplicant: wlan0: 11: 18:64:72:ea:0f:95 ssid='lenovo-RD' wpa_ie_len=0 rsn_ie_len=20 caps=0x1111 level=-79
12-25 04:33:40.867 22675 22675 D wpa_supplicant: wlan0:    skip - SSID mismatch
12-25 04:33:40.867 22675 22675 D wpa_supplicant: wlan0: 12: d4:ee:07:0b:6d:20 ssid='star' wpa_ie_len=22 rsn_ie_len=20 caps=0x411 level=-78
12-25 04:33:40.867 22675 22675 D wpa_supplicant: wlan0:    skip - SSID mismatch
12-25 04:33:40.867 22675 22675 D wpa_supplicant: wlan0: 13: 00:27:1a:1a:00:25 ssid='CMCC' wpa_ie_len=0 rsn_ie_len=20 caps=0x31 level=-82
12-25 04:33:40.867 22675 22675 D wpa_supplicant: wlan0:    skip - SSID mismatch
12-25 04:33:40.867 22675 22675 D wpa_supplicant: wlan0: 14: 00:1b:11:fd:03:68 ssid='dlink' wpa_ie_len=0 rsn_ie_len=0 caps=0x431 level=-59
12-25 04:33:40.867 22675 22675 D wpa_supplicant: wlan0:    skip - SSID mismatch
12-25 04:33:40.867 22675 22675 D wpa_supplicant: wlan0: 15: 18:64:72:ea:10:11 ssid='lenovo-internet' wpa_ie_len=0 rsn_ie_len=0 caps=0x1101 level=-62
12-25 04:33:40.867 22675 22675 D wpa_supplicant: wlan0:    allow in non-WPA/WPA2
12-25 04:33:40.867 22675 22675 D wpa_supplicant: wlan0:    selected BSS 18:64:72:ea:10:11 ssid='lenovo-internet'
12-25 04:33:40.867 22675 22675 D wpa_supplicant: wlan0: Considering connect request: reassociate: 1  selected: 18:64:72:ea:10:11  bssid: 00:00:00:00:00:00  pending: 00:00:00:00:00:00  wpa_state: SCANNING  ssid=0x5585efa360  current_ssid=0x5585efa360
12-25 04:33:40.867 22675 22675 D wpa_supplicant: wlan0: Request association with 18:64:72:ea:10:11
12-25 04:33:40.867 22675 22675 D wpa_supplicant: WPA: Unrecognized EAPOL-Key Key Data IE - hexdump(len=17): 00 0f 6c 65 6e 6f 76 6f 2d 69 6e 74 65 72 6e 65 74
12-25 04:33:40.867 22675 22675 D wpa_supplicant: WPA: Unrecognized EAPOL-Key Key Data IE - hexdump(len=3): 03 01 a1
12-25 04:33:40.867 22675 22675 D wpa_supplicant: WPA: Unrecognized EAPOL-Key Key Data IE - hexdump(len=12): 07 0a 43 4e 20 24 08 17 95 05 21 00
12-25 04:33:40.867 22675 22675 D wpa_supplicant: WPA: Unrecognized EAPOL-Key Key Data IE - hexdump(len=3): 20 01 00
12-25 04:33:40.867 22675 22675 D wpa_supplicant: WPA: Unrecognized EAPOL-Key Key Data IE - hexdump(len=4): 23 02 0f 00
12-25 04:33:40.867 22675 22675 D wpa_supplicant: WPA: Unrecognized EAPOL-Key Key Data IE - hexdump(len=24): 3d 16 a1 0f 16 00 00 00 00 00 00 00 00 00 00 00 00 00 00 00 00 00 00 00
12-25 04:33:40.867 22675 22675 D wpa_supplicant: WPA: Unrecognized EAPOL-Key Key Data IE - hexdump(len=7): c0 05 01 9b 00 00 00
12-25 04:33:40.867 22675 22675 D wpa_supplicant: WPA: Unrecognized EAPOL-Key Key Data IE - hexdump(len=6): c3 04 02 24 24 24
12-25 04:33:40.867 22675 22675 D wpa_supplicant: WPA: WMM Parameter Element - hexdump(len=24): 00 50 f2 02 01 01 80 00 03 a4 00 00 27 a4 00 00 42 43 5e 00 62 32 2f 00
12-25 04:33:40.867 22675 22675 D wpa_supplicant: TDLS: TDLS is allowed in the target BSS
12-25 04:33:40.867 22675 22675 D wpa_supplicant: wlan0: Add radio work 'connect'@0x5585efa6e0
12-25 04:33:40.867 22675 22675 D wpa_supplicant: wlan0: First radio work item in the queue - schedule start immediately
12-25 04:33:40.867 22675 22675 D wpa_supplicant: wlan0: Starting radio work 'connect'@0x5585efa6e0 after 0.000071 second wait
12-25 04:33:40.867 22675 22675 D wpa_supplicant: dump_last_scan_result: bssid=18:64:72:ea:10:15 ssid=lenovo-RD freq=5805 level=-62 noise=0 qual=0 flags=0xb
12-25 04:33:40.867 22675 22675 D wpa_supplicant: dump_last_scan_result: bssid=18:64:72:ea:10:10 ssid=lenovo freq=5805 level=-62 noise=0 qual=0 flags=0xb
12-25 04:33:40.867 22675 22675 D wpa_supplicant: dump_last_scan_result: bssid=18:64:72:ea:0f:c5 ssid=lenovo-RD freq=2462 level=-60 noise=0 qual=0 flags=0xb
12-25 04:33:40.867 22675 22675 D wpa_supplicant: dump_last_scan_result: bssid=18:64:72:ea:0f:c0 ssid=lenovo freq=2462 level=-60 noise=0 qual=0 flags=0xb
12-25 04:33:40.867 22675 22675 D wpa_supplicant: dump_last_scan_result: bssid=18:64:72:e9:75:15 ssid=lenovo-RD freq=5240 level=-69 noise=0 qual=0 flags=0xb
12-25 04:33:40.867 22675 22675 D wpa_supplicant: dump_last_scan_result: bssid=18:64:72:e9:75:10 ssid=lenovo freq=5240 level=-69 noise=0 qual=0 flags=0xb
12-25 04:33:40.867 22675 22675 D wpa_supplicant: dump_last_scan_result: bssid=60:d9:a0:9a:01:a4 ssid=dd freq=2447 level=-69 noise=0 qual=0 flags=0xb
12-25 04:33:40.867 22675 22675 D wpa_supplicant: dump_last_scan_result: bssid=18:64:72:ea:10:05 ssid=lenovo-RD freq=2437 level=-71 noise=0 qual=0 flags=0xb
12-25 04:33:40.867 22675 22675 D wpa_supplicant: dump_last_scan_result: bssid=18:64:72:ea:10:00 ssid=lenovo freq=2437 level=-71 noise=0 qual=0 flags=0xb
12-25 04:33:40.867 22675 22675 D wpa_supplicant: dump_last_scan_result: bssid=a4:17:31:f7:b3:77 ssid=ccmm freq=2462 level=-73 noise=0 qual=0 flags=0xb
12-25 04:33:40.867 22675 22675 D wpa_supplicant: dump_last_scan_result: bssid=18:64:72:ea:0f:90 ssid=lenovo freq=5785 level=-79 noise=0 qual=0 flags=0xb
12-25 04:33:40.867 22675 22675 D wpa_supplicant: dump_last_scan_result: bssid=18:64:72:ea:0f:95 ssid=lenovo-RD freq=5785 level=-79 noise=0 qual=0 flags=0xb
12-25 04:33:40.867 22675 22675 D wpa_supplicant: dump_last_scan_result: bssid=d4:ee:07:0b:6d:20 ssid=star freq=2437 level=-78 noise=0 qual=0 flags=0xb
12-25 04:33:40.867 22675 22675 D wpa_supplicant: dump_last_scan_result: bssid=00:27:1a:1a:00:25 ssid=CMCC freq=2437 level=-82 noise=0 qual=0 flags=0xb
12-25 04:33:40.867 22675 22675 D wpa_supplicant: dump_last_scan_result: bssid=00:1b:11:fd:03:68 ssid=dlink freq=2437 level=-59 noise=0 qual=0 flags=0xb
12-25 04:33:40.867 22675 22675 D wpa_supplicant: dump_last_scan_result: bssid=18:64:72:ea:10:11 ssid=lenovo-internet freq=5805 level=-62 noise=0 qual=0 flags=0xb
12-25 04:33:40.867 22675 22675 D wpa_supplicant: dump_last_scan_result: bssid=18:64:72:ea:0f:c1 ssid=lenovo-internet freq=2462 level=-60 noise=0 qual=0 flags=0xb
12-25 04:33:40.867 22675 22675 D wpa_supplicant: dump_last_scan_result: bssid=18:64:72:e9:75:11 ssid=lenovo-internet freq=5240 level=-69 noise=0 qual=0 flags=0xb
12-25 04:33:40.867 22675 22675 D wpa_supplicant: dump_last_scan_result: bssid=18:64:72:ea:10:01 ssid=lenovo-internet freq=2437 level=-70 noise=0 qual=0 flags=0xb
12-25 04:33:40.867 22675 22675 D wpa_supplicant: dump_last_scan_result: bssid=18:64:72:ea:0f:91 ssid=lenovo-internet freq=5785 level=-79 noise=0 qual=0 flags=0xb
12-25 04:33:40.867 22675 22675 D wpa_supplicant: dump_last_scan_result over
12-25 04:33:40.867 22675 22675 I wpa_supplicant: wlan0: Trying to associate with SSID 'lenovo-internet'
12-25 04:33:40.867 22675 22675 D wpa_supplicant: CTRL_IFACE monitor sent successfully to /data/misc/wifi/sockets/wpa_ctrl_1161-72\x00, msg:[Trying to associate with SSID 'lenovo-internet']
12-25 04:33:40.867 22675 22675 D wpa_supplicant: wlan0: Cancelling scan request
12-25 04:33:40.867 22675 22675 D wpa_supplicant: wlan0: WPA: clearing own WPA/RSN IE
12-25 04:33:40.867 22675 22675 D wpa_supplicant: wlan0: Automatic auth_alg selection: 0x1
12-25 04:33:40.867 22675 22675 D wpa_supplicant: wlan0: WPA: clearing AP WPA IE
12-25 04:33:40.867 22675 22675 D wpa_supplicant: wlan0: WPA: clearing AP RSN IE
12-25 04:33:40.867 22675 22675 D wpa_supplicant: wlan0: WPA: clearing own WPA/RSN IE
12-25 04:33:40.867 22675 22675 D wpa_supplicant: wlan0: State: SCANNING -> ASSOCIATING
12-25 04:33:40.867 22675 22675 D wpa_supplicant: nl80211: Set wlan0 operstate 0->0 (DORMANT)
12-25 04:33:40.867 22675 22675 D wpa_supplicant: netlink: Operstate: ifindex=42 linkmode=-1 (no change), operstate=5 (IF_OPER_DORMANT)
12-25 04:33:40.867 22675 22675 D wpa_supplicant: CTRL_IFACE monitor sent successfully to /data/misc/wifi/sockets/wpa_ctrl_1161-72\x00, msg:[CTRL-EVENT-STATE-CHANGE id=5 state=5 BSSID=00:00:00:00:00:00 SSID=lenovo-internet]
12-25 04:33:40.867 22675 22675 D wpa_supplicant: nl80211: Set mode ifindex 42 iftype 2 (STATION)
12-25 04:33:40.867  1161 22679 D wifi_gbk2utf: constructEventSsid, SSID = lenovo-internet
12-25 04:33:40.867 22675 22675 D wpa_supplicant: nl80211: Unsubscribe mgmt frames handle 0x888888dd0d670ec9 (mode change)
12-25 04:33:40.867 22675 22675 D wpa_supplicant: nl80211: Subscribe to mgmt frames with non-AP handle 0x5585ef8640
12-25 04:33:40.867 22675 22675 D wpa_supplicant: nl80211: Register frame type=0xd0 (WLAN_FC_STYPE_ACTION) nl_handle=0x5585ef8640 match=0104
12-25 04:33:40.867 22675 22675 D wpa_supplicant: nl80211: Register frame type=0xd0 (WLAN_FC_STYPE_ACTION) nl_handle=0x5585ef8640 match=040a
12-25 04:33:40.867 22675 22675 D wpa_supplicant: nl80211: Register frame type=0xd0 (WLAN_FC_STYPE_ACTION) nl_handle=0x5585ef8640 match=040b
12-25 04:33:40.867 22675 22675 D wpa_supplicant: nl80211: Register frame type=0xd0 (WLAN_FC_STYPE_ACTION) nl_handle=0x5585ef8640 match=040c
12-25 04:33:40.867 22675 22675 D wpa_supplicant: nl80211: Register frame type=0xd0 (WLAN_FC_STYPE_ACTION) nl_handle=0x5585ef8640 match=040d
12-25 04:33:40.867 22675 22675 D wpa_supplicant: nl80211: Register frame type=0xd0 (WLAN_FC_STYPE_ACTION) nl_handle=0x5585ef8640 match=090a
12-25 04:33:40.867 22675 22675 D wpa_supplicant: nl80211: Register frame type=0xd0 (WLAN_FC_STYPE_ACTION) nl_handle=0x5585ef8640 match=090b
12-25 04:33:40.867  1161 22679 D WifiMonitor: didn't find BSSID Trying to associate with SSID 'lenovo-internet'
12-25 04:33:40.867 22675 22675 D wpa_supplicant: nl80211: Register frame type=0xd0 (WLAN_FC_STYPE_ACTION) nl_handle=0x5585ef8640 match=090c
12-25 04:33:40.867 22675 22675 D wpa_supplicant: nl80211: Register frame type=0xd0 (WLAN_FC_STYPE_ACTION) nl_handle=0x5585ef8640 match=090d
12-25 04:33:40.867 22675 22675 D wpa_supplicant: nl80211: Register frame type=0xd0 (WLAN_FC_STYPE_ACTION) nl_handle=0x5585ef8640 match=0409506f9a09
12-25 04:33:40.867 22675 22675 D wpa_supplicant: nl80211: Register frame type=0xd0 (WLAN_FC_STYPE_ACTION) nl_handle=0x5585ef8640 match=7f506f9a09
12-25 04:33:40.867  1161 22679 D wifi_gbk2utf: constructEventSsid, SSID = lenovo-internet
12-25 04:33:40.867 22675 22675 D wpa_supplicant: nl80211: Register frame type=0xd0 (WLAN_FC_STYPE_ACTION) nl_handle=0x5585ef8640 match=0801
12-25 04:33:40.867 22675 22675 D wpa_supplicant: nl80211: Register frame type=0xd0 (WLAN_FC_STYPE_ACTION) nl_handle=0x5585ef8640 match=040e
12-25 04:33:40.867 22675 22675 D wpa_supplicant: nl80211: Register frame type=0xd0 (WLAN_FC_STYPE_ACTION) nl_handle=0x5585ef8640 match=06
12-25 04:33:40.867 22675 22675 D wpa_supplicant: nl80211: Register frame type=0xd0 (WLAN_FC_STYPE_ACTION) nl_handle=0x5585ef8640 match=0a07
12-25 04:33:40.867 22675 22675 D wpa_supplicant: nl80211: Register frame type=0xd0 (WLAN_FC_STYPE_ACTION) nl_handle=0x5585ef8640 match=0a11
12-25 04:33:40.867 22675 22675 D wpa_supplicant: nl80211: Register frame type=0xd0 (WLAN_FC_STYPE_ACTION) nl_handle=0x5585ef8640 match=0a1a
12-25 04:33:40.867 22675 22675 D wpa_supplicant: nl80211: Connect (ifindex=42)
12-25 04:33:40.867 22675 22675 D wpa_supplicant:   * bssid_hint=18:64:72:ea:10:11
12-25 04:33:40.867 22675 22675 D wpa_supplicant:   * freq_hint=5805
12-25 04:33:40.867 22675 22675 D wpa_supplicant:   * SSID - hexdump(len=15): 6c 65 6e 6f 76 6f 2d 69 6e 74 65 72 6e 65 74
12-25 04:33:40.867 22675 22675 D wpa_supplicant:   * IEs - hexdump(len=6): 7f 04 00 00 0a 02
12-25 04:33:40.867 22675 22675 D wpa_supplicant:   * Auth Type 0
12-25 04:33:40.867 22675 22675 D wpa_supplicant: nl80211: set key mgmt offload, suite 4, support 0x0, psk 0x0x0
12-25 04:33:40.867 22675 22675 D wpa_supplicant: nl80211: Connect request send successfully
12-25 04:33:40.867 22675 22675 D wpa_supplicant: wlan0: Setting authentication timeout: 10 sec 0 usec
12-25 04:33:40.867 22675 22675 D wpa_supplicant: EAPOL: External notification - EAP success=0
12-25 04:33:40.867 22675 22675 D wpa_supplicant: EAPOL: External notification - EAP fail=0
12-25 04:33:40.867 22675 22675 D wpa_supplicant: EAPOL: External notification - portControl=ForceAuthorized
12-25 04:33:40.867 22675 22675 E wpa_supplicant: eap_proxy: eap_proxy_notify_config
12-25 04:33:40.867 22675 22675 E wpa_supplicant: eap_proxy: is NULL
12-25 04:33:40.877 22675 22675 D wpa_supplicant: wlan0: Control interface command 'RECONNECT'
12-25 04:33:40.877  1161  1738 E WifiConfigStore: setLastSelectedConfiguration -1
12-25 04:33:40.877  1161  1738 V AlarmManagerService: Set alarm type: 3 alarmSeconds: 94731 alarmNanoseconds: 279000000
12-25 04:33:40.887 22675 22675 D wpa_supplicant: wlan0: Control interface command 'ENABLE_NETWORK 4'
12-25 04:33:40.887 22675 22675 D wpa_supplicant: CTRL_IFACE: ENABLE_NETWORK id=4
12-25 04:33:40.887 22675 22675 D wpa_supplicant: wlan0: Control interface command 'ENABLE_NETWORK 1'
12-25 04:33:40.887 22675 22675 D wpa_supplicant: CTRL_IFACE: ENABLE_NETWORK id=1
12-25 04:33:40.887 22675 22675 D wpa_supplicant: wlan0: Control interface command 'ENABLE_NETWORK 0'
12-25 04:33:40.887 22675 22675 D wpa_supplicant: CTRL_IFACE: ENABLE_NETWORK id=0
12-25 04:33:40.897 22675 22675 D wpa_supplicant: wlan0: Control interface command 'ENABLE_NETWORK 3'
12-25 04:33:40.897 22675 22675 D wpa_supplicant: CTRL_IFACE: ENABLE_NETWORK id=3
12-25 04:33:40.897  1872  1872 D BatteryController: refresh battery with level 94, mCharging true, quick_chargefalse, mBatteryStyle0
12-25 04:33:40.897 22675 22675 D wpa_supplicant: wlan0: Control interface command 'ENABLE_NETWORK 2'
12-25 04:33:40.897 22675 22675 D wpa_supplicant: CTRL_IFACE: ENABLE_NETWORK id=2
12-25 04:33:40.897 22675 22675 D wpa_supplicant: wlan0: Control interface command 'SAVE_CONFIG'
12-25 04:33:40.897 22675 22675 D wpa_supplicant: Writing configuration file '/data/misc/wifi/wpa_supplicant.conf.tmp'
12-25 04:33:40.897 22675 22675 D wpa_supplicant: Configuration file '/data/misc/wifi/wpa_supplicant.conf' written successfully
12-25 04:33:40.897 22675 22675 D wpa_supplicant: CTRL_IFACE: SAVE_CONFIG - Configuration updated
12-25 04:33:40.907  2353  2353 I Reaper  : ***************ReaperReceiver.onReceiver(), action:android.net.conn.CONNECTIVITY_CHANGE
12-25 04:33:40.907  1161  1738 V ActivityManager: Broadcast: Intent { act=android.net.wifi.CONFIGURED_NETWORKS_CHANGE flg=0x4000010 (has extras) } ordered=false userid=-1
12-25 04:33:40.917  1161  1738 I AlarmManagerService: android in whitelist or system app not forece batched
12-25 04:33:40.917  1161  1738 I AlarmManagerService: HEURISTIC : maxElapsed=94719903
12-25 04:33:40.917  1161  1738 V AlarmManagerService: set(PendingIntent{169d63ab: PendingIntentRecord{16a3ba08 android broadcastIntent}}) : type=1 triggerAtTime=1419453221124 win=-1 tElapsed=94712403 maxElapsed=94719903 interval=10000 standalone=false intent=Intent { act=com.android.server.WifiManager.action.START_SCAN } this alarm will trigger at  heuristic time= 0 : 0 : 7 later
12-25 04:33:40.917  1161  1738 V AlarmManagerService: Set alarm type: 3 alarmSeconds: 94712 alarmNanoseconds: 403000000
12-25 04:33:40.917  2435  2435 D WifiSwitchManager: [ WifiSwitchManager ] :: getCurrentWifiSwitchState, currentState: 1
12-25 04:33:40.927 32602 32602 D ActionBroadcastReceiver: onReceive: android.net.conn.CONNECTIVITY_CHANGE
12-25 04:33:40.927 32602 32602 D LenovoOTA: [ActionClassHelper] invoke android.net.conn.CONNECTIVITY_CHANGE method.
12-25 04:33:40.927 32602 32602 D LenovoOTA: [ActionClassHelper] ActionClassHelper#onAction: android.net.conn.CONNECTIVITY_CHANGE, use method networkChanged
12-25 04:33:40.927  1161  1738 E WifiStateMachine:  DisconnectedState !CMD_GET_CONFIGURED_NETWORKS uid=1000 1000 0 num=6
12-25 04:33:40.927 32602 22720 D LenovoOTA: [WiFiAuto.State] onNetworkChangedEvent: NonWiFiAutoState
12-25 04:33:40.927 32602 22720 W LenovoOTA: [QueryPolicyImpl] isQueryOnNetworkChanged:NO-Network.
12-25 04:33:40.927 32602 32602 D LenovoOTA: [ActionClassHelper] ActionClassHelper.networkChanged [3 ms]
12-25 04:33:40.937 32602 22720 W LenovoOTA: [NotificationPolicyImpl] isShowNewUpdateNotificationOnNetworkChanged: NO-UPDATE.
12-25 04:33:40.937 32602 22720 W LenovoOTA: [NotificationPolicyImpl] isShowUpdateDownloadedNotificationOnNetworkChanged: NO-UPDATE.
12-25 04:33:40.937  1161  1738 E WifiStateMachine:  ConnectModeState !CMD_GET_CONFIGURED_NETWORKS uid=1000 1000 0 num=6
12-25 04:33:40.937  2573  2573 D ConnectChangedReceiver: netmonitor----action = android.net.conn.CONNECTIVITY_CHANGE
12-25 04:33:40.947  1161  1738 E WifiStateMachine:  DisconnectedState !CMD_TARGET_BSSID 18772 0 Target=any roam=0 rt=94712238
12-25 04:33:40.947 22632 22632 D FirstNotifyBroadcastReceiver: 
12-25 04:33:40.947 22632 22632 D BackgroundDataTools: ALLOW_SYNCit_BACKGROUND_DATA: false | [null]
12-25 04:33:40.947 22632 22632 D butnet  : FirstNotifyBroadcastReceiver BackgroundDataTools.isEnable false
12-25 04:33:40.947 22632 22632 D ApplicationUtil: KillBackgroudProcess false false false 0
12-25 04:33:40.947 22632 22632 D ApplicationUtil: KillBackgroudProcess lazy 2000ms...
12-25 04:33:40.947  1161  1925 I WifiStateMachine: Wlan: scanResultsList...
12-25 04:33:40.947 22632 22632 D ApplicationUtil: KillBackgroudProcess false false false 0
12-25 04:33:40.947 22632 22632 D ApplicationUtil: KillBackgroudProcess lazy 2000ms...
12-25 04:33:40.957  1161  1738 E WifiStateMachine:  ConnectModeState !CMD_TARGET_BSSID 18772 0 Target=any roam=0 rt=94712247
12-25 04:33:40.967  1161  1738 E WifiStateMachine:  DriverStartedState !CMD_TARGET_BSSID 18772 0 Target=any roam=0 rt=94712256
12-25 04:33:40.967 19146 19146 D WifiSettings: handleEvent(), action = android.net.wifi.CONFIGURED_NETWORKS_CHANGE
12-25 04:33:40.967 19146 19146 D WifiSettings: handleEvent(), action = android.net.wifi.CONFIGURED_NETWORKS_CHANGE
12-25 04:33:40.977  1161  1738 E WifiStateMachine:  SupplicantStartedState !CMD_TARGET_BSSID 18772 0 Target=any roam=0 rt=94712265
12-25 04:33:40.987   639   639 D CalendarAutoSyncTask: sdk:
12-25 04:33:40.987   639   639 D CalendarAutoSyncTask: sdk:
12-25 04:33:40.987  1161  1738 E WifiStateMachine:  DisconnectedState !SUPPLICANT_STATE_CHANGE_EVENT 18773 0 rt=94712274  SSID: lenovo-internet BSSID: 00:00:00:00:00:00 nid: 5 state: ASSOCIATING
12-25 04:33:40.987  1161  1738 E WifiStateMachine: SUPPLICANT_STATE_CHANGE_EVENT state=ASSOCIATING -> state= CONNECTING debouncing=false
12-25 04:33:40.987  1161  1738 E WifiStateMachine: setDetailed state, old =SCANNING and new state=CONNECTING hidden=false
12-25 04:33:40.987  1161  1738 V ActivityManager: Broadcast sticky: Intent { act=android.net.wifi.STATE_CHANGE flg=0x4000010 (has extras) } ordered=false userid=-1
12-25 04:33:40.997  1872  1872 D StatusBar.NetworkControllerQualImpl: onReceive action : android.net.wifi.STATE_CHANGE
12-25 04:33:40.997  1872  1872 D StatusBar.NetworkControllerQualImpl: updateWifiState, mWifiEnabled: true, mWifiConnected: false
12-25 04:33:40.997  1161  2081 I WifiHAL : Poll result = 1
12-25 04:33:40.997  1161  2081 I WifiHAL : Found some events!!!
12-25 04:33:40.997  1161  2081 D WifiHAL : no_seq_check received
12-25 04:33:40.997  1161  2081 I WifiHAL : event received NL80211_CMD_CONNECT
12-25 04:33:40.997  1161  2081 I WifiHAL : event received NL80211_CMD_CONNECT, vendor_id = 0x0
12-25 04:33:40.997  1161  2081 I WifiHAL : event ignored!!
12-25 04:33:40.997  1872  1872 D StatusBar.NetworkControllerQualImpl: refreshViews getMobileLabelIndex return : 0
12-25 04:33:40.997 22675 22675 D wpa_supplicant: RTM_NEWLINK: ifi_index=42 ifname=wlan0 wext ifi_family=0 ifi_flags=0x1003 ([UP])
12-25 04:33:40.997 22675 22675 D wpa_supplicant: RTM_NEWLINK: ifi_index=42 ifname=wlan0 wext ifi_family=0 ifi_flags=0x1003 ([UP])
12-25 04:33:40.997 22675 22675 D wpa_supplicant: RTM_NEWLINK: ifi_index=42 ifname=wlan0 operstate=5 linkmode=1 ifi_family=0 ifi_flags=0x11003 ([UP][LOWER_UP])
12-25 04:33:40.997 22675 22675 D wpa_supplicant: nl80211: Event message available
12-25 04:33:40.997 22675 22675 D wpa_supplicant: nl80211: Drv Event 46 (NL80211_CMD_CONNECT) received for wlan0
12-25 04:33:40.997 22675 22675 D wpa_supplicant: nl80211: Connect event (status=0 ignore_next_local_disconnect=0)
12-25 04:33:40.997 22675 22675 D wpa_supplicant: nl80211: Associated on 2462 MHz
12-25 04:33:40.997 22675 22675 D wpa_supplicant: nl80211: Associated with 18:64:72:ea:0f:c1
12-25 04:33:40.997 22675 22675 D wpa_supplicant: nl80211: Operating frequency for the associated BSS from scan results: 2462 MHz
12-25 04:33:40.997 22675 22675 D wpa_supplicant: wlan0: Event ASSOC (0) received
12-25 04:33:41.007 22675 22675 D wpa_supplicant: wlan0: Association info event
12-25 04:33:41.007 22675 22675 D wpa_supplicant: wlan0: freq=2462 MHz
12-25 04:33:41.007 22675 22675 D wpa_supplicant: FT: Stored MDIE and FTIE from (Re)Association Response - hexdump(len=0):
12-25 04:33:41.007 22675 22675 D wpa_supplicant: wlan0: State: ASSOCIATING -> ASSOCIATED
12-25 04:33:41.007 22675 22675 D wpa_supplicant: nl80211: Set wlan0 operstate 0->0 (DORMANT)
12-25 04:33:41.007 22675 22675 D wpa_supplicant: netlink: Operstate: ifindex=42 linkmode=-1 (no change), operstate=5 (IF_OPER_DORMANT)
12-25 04:33:41.007  1161  1738 E WifiStateMachine:  ConnectModeState !SUPPLICANT_STATE_CHANGE_EVENT 18773 0 rt=94712292  SSID: lenovo-internet BSSID: 00:00:00:00:00:00 nid: 5 state: ASSOCIATING
12-25 04:33:41.007 22675 22675 D wpa_supplicant: CTRL_IFACE monitor sent successfully to /data/misc/wifi/sockets/wpa_ctrl_1161-72\x00, msg:[CTRL-EVENT-STATE-CHANGE id=5 state=6 BSSID=00:00:00:00:00:00 SSID=lenovo-internet]
12-25 04:33:41.007 22675 22675 D wpa_supplicant: wlan0: Associated to a new BSS: BSSID=18:64:72:ea:0f:c1
12-25 04:33:41.007 22675 22675 I wpa_supplicant: wlan0: Associated with 18:64:72:ea:0f:c1
12-25 04:33:41.007 22675 22675 D wpa_supplicant: CTRL_IFACE monitor sent successfully to /data/misc/wifi/sockets/wpa_ctrl_1161-72\x00, msg:[Associated with 18:64:72:ea:0f:c1]
12-25 04:33:41.007 22675 22675 D wpa_supplicant: wlan0: WPA: Association event - clear replay counter
12-25 04:33:41.007 22675 22675 D wpa_supplicant: wlan0: WPA: Clear old PTK
12-25 04:33:41.007 22675 22675 D wpa_supplicant: TDLS: Remove peers on association
12-25 04:33:41.007 22675 22675 D wpa_supplicant: EAPOL: External notification - portEnabled=0
12-25 04:33:41.007 22675 22675 D wpa_supplicant: EAPOL: External notification - portValid=0
12-25 04:33:41.007 22675 22675 D wpa_supplicant: EAPOL: External notification - portEnabled=1
12-25 04:33:41.007 22675 22675 D wpa_supplicant: EAPOL: SUPP_PAE entering state S_FORCE_AUTH
12-25 04:33:41.007 22675 22675 D wpa_supplicant: EAPOL: Supplicant port status: Authorized
12-25 04:33:41.007 22675 22675 D wpa_supplicant: nl80211: Set supplicant port authorized for 18:64:72:ea:0f:c1
12-25 04:33:41.007  1161 22679 D wifi_gbk2utf: constructEventSsid, SSID = lenovo-internet
12-25 04:33:41.007 22675 22675 D wpa_supplicant: EAPOL: SUPP_BE entering state IDLE
12-25 04:33:41.007 22675 22675 D wpa_supplicant: wlan0: Cancelling authentication timeout
12-25 04:33:41.007 22675 22675 D wpa_supplicant: wlan0: State: ASSOCIATED -> COMPLETED
12-25 04:33:41.007 22675 22675 D wpa_supplicant: wlan0: Radio work 'connect'@0x5585efa6e0 done in 0.133371 seconds
12-25 04:33:41.007 22675 22675 I wpa_supplicant: wlan0: CTRL-EVENT-CONNECTED - Connection to 18:64:72:ea:0f:c1 completed [id=5 id_str=]
12-25 04:33:41.007 22675 22675 D wpa_supplicant: CTRL_IFACE monitor sent successfully to /data/misc/wifi/sockets/wpa_ctrl_1161-72\x00, msg:[CTRL-EVENT-CONNECTED - Connection to 18:64:72:ea:0f:c1 completed [id=5 id_str=]]
12-25 04:33:41.007 22675 22675 D wpa_supplicant: nl80211: Set wlan0 operstate 0->1 (UP)
12-25 04:33:41.007 22675 22675 D wpa_supplicant: netlink: Operstate: ifindex=42 linkmode=-1 (no change), operstate=6 (IF_OPER_UP)
12-25 04:33:41.007 22675 22675 D wpa_supplicant: CTRL_IFACE monitor sent successfully to /data/misc/wifi/sockets/wpa_ctrl_1161-72\x00, msg:[CTRL-EVENT-STATE-CHANGE id=5 state=9 BSSID=18:64:72:ea:0f:c1 SSID=lenovo-internet]
12-25 04:33:41.007 22675 22675 D wpa_supplicant: wlan0: Cancelling scan request
12-25 04:33:41.007 22675 22675 D wpa_supplicant: RTM_NEWLINK: ifi_index=42 ifname=wlan0 operstate=6 linkmode=1 ifi_family=0 ifi_flags=0x11043 ([UP][RUNNING][LOWER_UP])
12-25 04:33:41.007  1161 22679 D wifi_gbk2utf: constructEventSsid, SSID = lenovo-internet
12-25 04:33:41.007  2101  2101 I LenovoDM: CommBroadcastReceiver  actionandroid.net.conn.CONNECTIVITY_CHANGE
12-25 04:33:41.007  2435  2435 D WifiSwitchManager: [ WifiSwitchManager ] :: getCurrentWifiSwitchState, currentState: 1
12-25 04:33:41.007  2435  2435 D WifiSwitchService: [ WifiSwitchService ] :: Handle NETWORK_STATE_CHANGED_ACTION, State: CONNECTING
12-25 04:33:41.007  2435  2435 D WifiSwitchService: [ WifiSwitchService ] :: getWifiState, WifiState: 3
12-25 04:33:41.007  2435  2435 D WifiSwitchService: [ WifiSwitchService ] :: handleNetworkStateChangeAction, state: CONNECTING, WiFiState: 3
12-25 04:33:41.007  1161  1244 V ActivityManager: Broadcast sticky: Intent { act=android.net.conn.TETHER_STATE_CHANGED flg=0x24000010 (has extras) } ordered=false userid=-1
12-25 04:33:41.007  1775  1775 D PhoneApp: getPhone phoneId:0
12-25 04:33:41.007  2435  2435 D WifiSwitchService: [ WifiSwitchService ] :: handleNetworkStateChangeAction, WiFi connection is CONNECTED, AP: lenovo-internet, State: CONNECTING
12-25 04:33:41.007  1161  1244 D Tethering: sendTetherStateChangedBroadcast 1, 0, 0
12-25 04:33:41.007  1161  1735 D NtpTrustedTime: forceRefresh() from cache miss
12-25 04:33:41.017  2101  2101 I LenovoDM: CommBroadcastReceiver  network is not connect!!
12-25 04:33:41.017  1161  1738 E WifiStateMachine:  DisconnectedState !CMD_GET_CONFIGURED_NETWORKS uid=1000 1000 0 num=6
12-25 04:33:41.017  1161  1735 D NtpTrustedTime: client.requestTime mServer is false
12-25 04:33:41.017  1161  1735 D NtpTrustedTime: can not getNtpTime
12-25 04:33:41.017  1775  1775 D PhoneApp: getPhone phoneId:0
12-25 04:33:41.017  1161  1738 E WifiStateMachine:  ConnectModeState !CMD_GET_CONFIGURED_NETWORKS uid=1000 1000 0 num=6
12-25 04:33:41.027  2101  2101 D LenovoWeatherSDK: CommonReceiver action=android.net.conn.CONNECTIVITY_CHANGE
12-25 04:33:41.027  1775  1775 D PhoneApp: getPhone phoneId:0
12-25 04:33:41.027  1161  1738 V ActivityManager: Broadcast sticky: Intent { act=android.net.wifi.supplicant.STATE_CHANGE flg=0x24000010 (has extras) } ordered=false userid=-1
12-25 04:33:41.027  1775  1775 D PhoneApp: getPhone phoneId:0
12-25 04:33:41.037  1161  1738 E WifiStateMachine:  DisconnectedState !SUPPLICANT_STATE_CHANGE_EVENT 18774 0 rt=94712325  SSID: lenovo-internet BSSID: 00:00:00:00:00:00 nid: 5 state: ASSOCIATED
12-25 04:33:41.037  1161  1738 E WifiStateMachine: SUPPLICANT_STATE_CHANGE_EVENT state=ASSOCIATED -> state= CONNECTING debouncing=false
12-25 04:33:41.037  1161  1738 E WifiStateMachine: setDetailed state, old =CONNECTING and new state=CONNECTING hidden=false
12-25 04:33:41.037  2101  2101 I Info    : receive message
12-25 04:33:41.037  1161  1738 E WifiStateMachine: setDetailed state send new extra info"lenovo-internet"
12-25 04:33:41.037  1161  1735 V ActivityManager: Broadcast: Intent { act=com.android.server.action.NETWORK_STATS_UPDATED flg=0x40000010 } ordered=false userid=-1
12-25 04:33:41.037  1775  1775 D PhoneApp: getPhone phoneId:0
12-25 04:33:41.037  1161  1926 D Security_AppPcService: checkAutoStart packageName=com.lenovo.anyshare;callerApp=android;action=android.net.conn.CONNECTIVITY_CHANGE
12-25 04:33:41.037  1161  1926 D Security_PermControlService: inWhiteList(int code, int uid, int pid)
12-25 04:33:41.037  1161  1926 D Security_PermControlService: handleCheckCase(int code, int uid, int pid)
12-25 04:33:41.037  1161  1926 D Security_PermControlService: handleCheckCase notifyType=-1
12-25 04:33:41.037  1161  1926 D Security_PermControlService: refuse auto boot = com.lenovo.anyshare
12-25 04:33:41.037  1161  1926 W BroadcastQueue: Unable to launch app com.lenovo.anyshare/10087 for broadcast Intent { act=android.net.conn.CONNECTIVITY_CHANGE flg=0x4000010 (has extras) }: process is bad
12-25 04:33:41.047  1161  1738 V ActivityManager: Broadcast sticky: Intent { act=android.net.wifi.STATE_CHANGE flg=0x4000010 (has extras) } ordered=false userid=-1
12-25 04:33:41.047  1775  1775 D PhoneApp: getPhone phoneId:0
12-25 04:33:41.047  1161  1747 I WifiStateMachine: Wlan: scanResultsList...
12-25 04:33:41.047  1872  1872 D StatusBar.NetworkControllerQualImpl: onReceive action : android.net.wifi.STATE_CHANGE
12-25 04:33:41.047  2435  2435 D WifiSwitchManager: [ WifiSwitchManager ] :: getCurrentWifiSwitchState, currentState: 1
12-25 04:33:41.047  1872  1872 D StatusBar.NetworkControllerQualImpl: updateWifiState, mWifiEnabled: true, mWifiConnected: false
12-25 04:33:41.047  2435  2435 D WifiSwitchService: [ WifiSwitchService ] :: Handle NETWORK_STATE_CHANGED_ACTION, State: CONNECTING
12-25 04:33:41.057  1872  1872 D StatusBar.NetworkControllerQualImpl: refreshViews getMobileLabelIndex return : 0
12-25 04:33:41.057  2435  2435 D WifiSwitchService: [ WifiSwitchService ] :: getWifiState, WifiState: 3
12-25 04:33:41.057  2435  2435 D WifiSwitchService: [ WifiSwitchService ] :: handleNetworkStateChangeAction, state: CONNECTING, WiFiState: 3
12-25 04:33:41.057  1161  1738 E WifiStateMachine:  ConnectModeState !SUPPLICANT_STATE_CHANGE_EVENT 18774 0 rt=94712345  SSID: lenovo-internet BSSID: 00:00:00:00:00:00 nid: 5 state: ASSOCIATED
12-25 04:33:41.057  2435  2435 D WifiSwitchService: [ WifiSwitchService ] :: handleNetworkStateChangeAction, WiFi connection is CONNECTED, AP: lenovo-internet, State: CONNECTING
12-25 04:33:41.057   343   343 D LenovoOnlineRadio: Umeng TimerReceiver onReceive actionandroid.net.wifi.WIFI_STATE_CHANGED
12-25 04:33:41.057  1775  1775 D PhoneApp: getPhone phoneId:0
12-25 04:33:41.067  1161  1738 E WifiStateMachine:  DisconnectedState !CMD_ASSOCIATED_BSSID 18775 0 BSSID=18:64:72:ea:0f:c1 Target=any roam=0 rt=94712356
12-25 04:33:41.067  1775  1775 D PhoneApp: getPhone phoneId:0
12-25 04:33:41.067  3551  3551 I SettingsAppWidgetProvider: onReceive: android.net.wifi.WIFI_STATE_CHANGED
12-25 04:33:41.067  3551  3551 I SettingsAppWidgetProvider: setCurrentState 
12-25 04:33:41.067  3551  3551 I SettingsAppWidgetProvider: updateWidget
12-25 04:33:41.077  1161  1738 E WifiStateMachine:  ConnectModeState !CMD_ASSOCIATED_BSSID 18775 0 BSSID=18:64:72:ea:0f:c1 Target=any roam=0 rt=94712364
12-25 04:33:41.077  3551  3551 I SettingsAppWidgetProvider: buildUpdate
12-25 04:33:41.077  3551  3551 I SettingsAppWidgetProvider: updateButtons
12-25 04:33:41.077  3551  3551 D BluetoothAdapter: 779482929: getState() :  mService = null. Returning STATE_OFF
12-25 04:33:41.087  1775  1775 D PhoneApp: getPhone phoneId:1
12-25 04:33:41.087  1161  1738 E WifiStateMachine:  DriverStartedState !CMD_ASSOCIATED_BSSID 18775 0 BSSID=18:64:72:ea:0f:c1 Target=any roam=0 rt=94712373
12-25 04:33:41.087  1775  1775 D PhoneApp: getPhone phoneId:1
12-25 04:33:41.087  1161  1738 E WifiStateMachine:  SupplicantStartedState !CMD_ASSOCIATED_BSSID 18775 0 BSSID=18:64:72:ea:0f:c1 Target=any roam=0 rt=94712382
12-25 04:33:41.097  1775  1775 D PhoneApp: getPhone phoneId:1
12-25 04:33:41.097  1161  1738 E WifiStateMachine:  DefaultState !CMD_ASSOCIATED_BSSID 18775 0 BSSID=18:64:72:ea:0f:c1 Target=any roam=0 rt=94712391
12-25 04:33:41.097  1775  1775 D PhoneApp: getPhone phoneId:1
12-25 04:33:41.107  1775  1775 D PhoneApp: getPhone phoneId:1
12-25 04:33:41.107  1161  1738 E WifiStateMachine:  DisconnectedState !NETWORK_CONNECTION_EVENT 5 0 null nid=-1 rt=94712400
12-25 04:33:41.107  1775  1775 D PhoneApp: getPhone phoneId:1
12-25 04:33:41.117  1161  1723 V AlarmManagerService: AlarmThread::waitForAlarm, ioctl notify... 
12-25 04:33:41.117  1161  1723 V AlarmManagerService: result & TIME_CHANGED_MASK = 0 ,result & IS_WAKEUP_MASK = 0
12-25 04:33:41.117  1161  1723 I AlarmManagerService: triggerAlarmsLocked::mAlarmBatches.size() = 12
12-25 04:33:41.117  1161  1723 I AlarmManagerService: triggerAlarmsLocked: head of list: 94712403 nowELAPSED: 94712403 will sending alarm Batch size=1
12-25 04:33:41.117  1161  1723 V AlarmManagerService: Set alarm type: 3 alarmSeconds: 94722 alarmNanoseconds: 403000000
12-25 04:33:41.117  1161  1723 W AlarmManagerService: triggerAlarmsLocked: head of list: 94722403 nowELAPSED: 94712403 => not fire alarm in the future
12-25 04:33:41.117  1161  1723 I AlarmManagerService: AlarmThread::deliverAlarmsLocked::triggerList size=1
12-25 04:33:41.117  1161  1723 V AlarmManagerService: sending alarm Alarm{2c9ba214 type 1 when 1419453221124 android}intent: Intent { act=com.android.server.WifiManager.action.START_SCAN }
12-25 04:33:41.117  1161  1723 V ActivityManager: Broadcast: Intent { act=com.android.server.WifiManager.action.START_SCAN flg=0x14 (has extras) } ordered=true userid=0
12-25 04:33:41.117  1161  1723 V AlarmManagerService: AlarmThread::waitForAlarm, ioctl wait... 
12-25 04:33:41.117  1775  1775 D PhoneApp: getPhone phoneId:1
12-25 04:33:41.117  1161  1738 E WifiStateMachine:  ConnectModeState !NETWORK_CONNECTION_EVENT 5 0 null nid=-1 rt=94712409
12-25 04:33:41.117  1161  1738 E WifiStateMachine: Network connection established
12-25 04:33:41.117  1161  1738 E WifiStateMachine: setDetailed state, old =CONNECTING and new state=OBTAINING_IPADDR hidden=false
12-25 04:33:41.117  1161  1738 V ActivityManager: Broadcast sticky: Intent { act=android.net.wifi.STATE_CHANGE flg=0x4000010 (has extras) } ordered=false userid=-1
12-25 04:33:41.127  1775  1775 D PhoneApp: getPhone phoneId:1
12-25 04:33:41.127  2435  2435 D WifiSwitchManager: [ WifiSwitchManager ] :: getCurrentWifiSwitchState, currentState: 1
12-25 04:33:41.127  1872  1872 D StatusBar.NetworkControllerQualImpl: onReceive action : android.net.wifi.STATE_CHANGE
12-25 04:33:41.127  2435  2435 D WifiSwitchService: [ WifiSwitchService ] :: Handle NETWORK_STATE_CHANGED_ACTION, State: OBTAINING_IPADDR
12-25 04:33:41.127  1872  1872 D StatusBar.NetworkControllerQualImpl: updateWifiState, mWifiEnabled: true, mWifiConnected: false
12-25 04:33:41.127  1872  1872 D StatusBar.NetworkControllerQualImpl: refreshViews getMobileLabelIndex return : 0
12-25 04:33:41.127  2435  2435 D WifiSwitchService: [ WifiSwitchService ] :: getWifiState, WifiState: 3
12-25 04:33:41.127  2435  2435 D WifiSwitchService: [ WifiSwitchService ] :: handleNetworkStateChangeAction, state: OBTAINING_IPADDR, WiFiState: 3
12-25 04:33:41.127  1161  1738 V ActivityManager: Broadcast sticky: Intent { act=android.net.wifi.STATE_CHANGE flg=0x4000010 (has extras) } ordered=false userid=-1
12-25 04:33:41.127  2435  2435 D WifiSwitchService: [ WifiSwitchService ] :: handleNetworkStateChangeAction, WiFi connection is CONNECTED, AP: lenovo-internet, State: OBTAINING_IPADDR
12-25 04:33:41.127  1161  1738 V AlarmManagerService: Set alarm type: 3 alarmSeconds: 94731 alarmNanoseconds: 279000000
12-25 04:33:41.137  2435  2435 D WifiSwitchManager: [ WifiSwitchManager ] :: getCurrentWifiSwitchState, currentState: 1
12-25 04:33:41.137  1872  1872 D StatusBar.NetworkControllerQualImpl: onReceive action : android.net.wifi.STATE_CHANGE
12-25 04:33:41.137  2435  2435 D WifiSwitchService: [ WifiSwitchService ] :: Handle NETWORK_STATE_CHANGED_ACTION, State: OBTAINING_IPADDR
12-25 04:33:41.137  1161  1738 E WifiStateMachine: L2ConnectedState
12-25 04:33:41.137  1872  1872 D StatusBar.NetworkControllerQualImpl: updateWifiState, mWifiEnabled: true, mWifiConnected: false
12-25 04:33:41.137  1161  1738 E WifiStateMachine: setDetailed state, old =OBTAINING_IPADDR and new state=CONNECTING hidden=false
12-25 04:33:41.137  1872  1872 D StatusBar.NetworkControllerQualImpl: refreshViews getMobileLabelIndex return : 0
12-25 04:33:41.137  2435  2435 D WifiSwitchService: [ WifiSwitchService ] :: getWifiState, WifiState: 3
12-25 04:33:41.137  2435  2435 D WifiSwitchService: [ WifiSwitchService ] :: handleNetworkStateChangeAction, state: OBTAINING_IPADDR, WiFiState: 3
12-25 04:33:41.137  1161  1738 V ActivityManager: Broadcast sticky: Intent { act=android.net.wifi.STATE_CHANGE flg=0x4000010 (has extras) } ordered=false userid=-1
12-25 04:33:41.137  1775  1775 D PhoneApp: getPhone phoneId:0
12-25 04:33:41.137  2435  2435 D WifiSwitchService: [ WifiSwitchService ] :: handleNetworkStateChangeAction, WiFi connection is CONNECTED, AP: lenovo-internet, State: OBTAINING_IPADDR
12-25 04:33:41.147  2435  2435 D WifiSwitchManager: [ WifiSwitchManager ] :: getCurrentWifiSwitchState, currentState: 1
