12-25 04:33:42.667  1872  1872 D SignalClusterView: setMobileDataIndicators: sim =1, showMult = false, mNoSimSlotId =com.android.systemui:drawable/stat_sys_no_sim, mMobileDataStrengthId =(null), mMobileTypeId =(null), mNetworkTypeId =(null), mMobileDataActivityId =(null)
12-25 04:33:42.667  1872  1872 D SignalClusterView: vpn: GONE
12-25 04:33:42.667  1161  1740 D ConnectivityService: Setting Dns servers for network 114 to [/10.96.170.56, /10.128.245.46]
12-25 04:33:42.667  1872  1872 D SignalClusterView: SignalClusterView ~ mIsAirplaneMode : false
12-25 04:33:42.667  1872  1872 D SignalClusterView: vpn: GONE
12-25 04:33:42.667  1872  1872 D SignalClusterView: SignalClusterView ~ mIsAirplaneMode : false
12-25 04:33:42.667  1872  1872 D SignalClusterView: updateNoSimState begin mNoSimSlotVisible[0] = true, mNoSimSlotVisible[1] = true, mMobileGroupVisible[0] = true, mMobileGroupVisible[1] = false
12-25 04:33:42.677  1872  1872 D SignalClusterView: setMobileDataIndicators: sim =0, showMult = false, mNoSimSlotId =com.android.systemui:drawable/stat_sys_no_sim, mMobileDataStrengthId =(null), mMobileTypeId =(null), mNetworkTypeId =(null), mMobileDataActivityId =(null)
12-25 04:33:42.677  1872  1872 D SignalClusterView: vpn: GONE
12-25 04:33:42.677  1872  1872 D SignalClusterView: SignalClusterView ~ mIsAirplaneMode : false
12-25 04:33:42.677  1872  1872 D SignalClusterView: updateNoSimState begin mNoSimSlotVisible[0] = true, mNoSimSlotVisible[1] = true, mMobileGroupVisible[0] = true, mMobileGroupVisible[1] = false
12-25 04:33:42.677  1872  1872 D SignalClusterView: setMobileDataIndicators: sim =1, showMult = false, mNoSimSlotId =com.android.systemui:drawable/stat_sys_no_sim, mMobileDataStrengthId =(null), mMobileTypeId =(null), mNetworkTypeId =(null), mMobileDataActivityId =(null)
12-25 04:33:42.677  1872  1872 D SignalClusterView: vpn: GONE
12-25 04:33:42.677  1872  1872 D SignalClusterView: SignalClusterView ~ mIsAirplaneMode : false
12-25 04:33:42.677  1872  1872 D SignalClusterView: vpn: GONE
12-25 04:33:42.677  1872  1872 D SignalClusterView: SignalClusterView ~ mIsAirplaneMode : false
12-25 04:33:42.677  1872  1872 D WifiSignalClusterView: WifiSignalClusterView ~ wifi : VISIBLE, sig = 2130838314, act = 2130838298
12-25 04:33:42.677  1775  1775 D PhoneApp: getPhone phoneId:0
12-25 04:33:42.687  1872  1872 D WifiSignalClusterView: WifiSignalClusterView ~ wifi : VISIBLE, sig = 2130838314, act = 2130838298
12-25 04:33:42.687  1872  1872 D WifiSignalClusterView: WifiSignalClusterView ~ wifi : VISIBLE, sig = 2130838314, act = 2130838298
12-25 04:33:42.687  1872  1872 D StatusBar.NetworkControllerQualImpl: refreshViews getMobileLabelIndex return : 0
12-25 04:33:42.687  2435 22767 D WifiSwitchService: [ WifiSwitchService ] :: isMultiSimSupported, bSupport: true
12-25 04:33:42.687  1872  1872 D SignalClusterView: updateNoSimState begin mNoSimSlotVisible[0] = true, mNoSimSlotVisible[1] = true, mMobileGroupVisible[0] = true, mMobileGroupVisible[1] = false
12-25 04:33:42.687  1161  1740 V ActivityManager: Broadcast: Intent { act=android.intent.action.CLEAR_DNS_CACHE flg=0x24000010 } ordered=false userid=-1
12-25 04:33:42.687  1161  1740 D Nat464Xlat: requiresClat: netType=1, connected=true, hasIPv4Address=true
12-25 04:33:42.687  1872  1872 D SignalClusterView: setMobileDataIndicators: sim =0, showMult = false, mNoSimSlotId =com.android.systemui:drawable/stat_sys_no_sim, mMobileDataStrengthId =(null), mMobileTypeId =(null), mNetworkTypeId =(null), mMobileDataActivityId =(null)
12-25 04:33:42.687  1161  1740 D ConnectivityService: notifyType IP_CHANGED for NetworkAgentInfo [WIFI () - 114]
12-25 04:33:42.687  1872  1872 D SignalClusterView: vpn: GONE
12-25 04:33:42.687  1161  1740 D ConnectivityService: notifyType PRECHECK for NetworkAgentInfo [WIFI () - 114]
12-25 04:33:42.687  2283  2283 D WifiApcService: iwpriv wlan0 setTxMaxPower 19 status = 255
12-25 04:33:42.687  1872  1872 D SignalClusterView: SignalClusterView ~ mIsAirplaneMode : false
12-25 04:33:42.687  1161  1740 D ConnectivityService: rematching NetworkAgentInfo [WIFI () - 114]
12-25 04:33:42.687  1872  1872 D SignalClusterView: updateNoSimState begin mNoSimSlotVisible[0] = true, mNoSimSlotVisible[1] = true, mMobileGroupVisible[0] = true, mMobileGroupVisible[1] = false
12-25 04:33:42.687  1161  1740 D ConnectivityService:  network has: [ Transports: WIFI Capabilities: INTERNET&NOT_RESTRICTED&TRUSTED&NOT_VPN LinkUpBandwidth>=1048576Kbps LinkDnBandwidth>=1048576Kbps]
12-25 04:33:42.687  1161 22724 D NetworkMonitorNetworkAgentInfo [WIFI () - null]: DefaultState{ when=-1ms what=532481 target=com.android.internal.util.StateMachine$SmHandler }
12-25 04:33:42.687  1161  1740 D ConnectivityService:   checking if request is satisfied: NetworkRequest [ id=2, legacyType=-1, [] ]
12-25 04:33:42.687  1161 22724 D NetworkMonitorNetworkAgentInfo [WIFI () - null]: Connected
12-25 04:33:42.687  1872  1872 D SignalClusterView: setMobileDataIndicators: sim =1, showMult = false, mNoSimSlotId =com.android.systemui:drawable/stat_sys_no_sim, mMobileDataStrengthId =(null), mMobileTypeId =(null), mNetworkTypeId =(null), mMobileDataActivityId =(null)
12-25 04:33:42.687  1872  1872 D SignalClusterView: vpn: GONE
12-25 04:33:42.687  1872  1872 D SignalClusterView: SignalClusterView ~ mIsAirplaneMode : false
12-25 04:33:42.687  1161  1740 D ConnectivityService:   checking if request is satisfied: NetworkRequest [ id=1, legacyType=-1, [ Capabilities: INTERNET&NOT_RESTRICTED&TRUSTED&NOT_VPN] ]
12-25 04:33:42.687  1161  1740 D ConnectivityService: currentScore = 0, newScore = 20
12-25 04:33:42.687  1872  1872 D SignalClusterView: vpn: GONE
12-25 04:33:42.687  1161  1740 D ConnectivityService: currentNetworkName = null newNetworkName = WIFI
12-25 04:33:42.687  1872  1872 D SignalClusterView: SignalClusterView ~ mIsAirplaneMode : false
12-25 04:33:42.687  1161  1740 D ConnectivityService:    accepting network in place of null
12-25 04:33:42.697  1161  1740 D ConnectivityService: sending new Min Network Score(20): NetworkRequest [ id=1, legacyType=-1, [ Capabilities: INTERNET&NOT_RESTRICTED&TRUSTED&NOT_VPN] ]
12-25 04:33:42.697  1872  1872 D SignalClusterView: updateNoSimState begin mNoSimSlotVisible[0] = true, mNoSimSlotVisible[1] = true, mMobileGroupVisible[0] = true, mMobileGroupVisible[1] = false
12-25 04:33:42.697  1161  2145 V ActivityManager: Broadcast: Intent { act=com.LenovoWIFIApc.wifi_TxPwr flg=0x40000010 (has extras) } ordered=false userid=0
12-25 04:33:42.697  1775  1775 D PhoneApp: getPhone phoneId:0
12-25 04:33:42.697  1872  1872 D SignalClusterView: setMobileDataIndicators: sim =0, showMult = false, mNoSimSlotId =com.android.systemui:drawable/stat_sys_no_sim, mMobileDataStrengthId =(null), mMobileTypeId =(null), mNetworkTypeId =(null), mMobileDataActivityId =(null)
12-25 04:33:42.697  1161 22724 D NetworkMonitorNetworkAgentInfo [WIFI () - null]: EvaluatingState enter, NetworkAgentInfo: NetworkAgentInfo{ ni{[type: WIFI[], state: CONNECTED/CONNECTED, reason: (unspecified), extra: "lenovo-internet", roaming: false, failover: false, isAvailable: true, isConnectedToProvisioningNetwork: false]}  network{114}  lp{{InterfaceName: wlan0 LinkAddresses: [10.117.212.247/23,fe80::ae38:70ff:fef7:69/64,]  Routes: [fe80::/64 -> :: wlan0,10.117.212.0/23 -> 0.0.0.0 wlan0,0.0.0.0/0 -> 10.117.213.254 wlan0,] DnsAddresses: [10.96.170.56,10.128.245.46,] Domains: null MTU: 0 TcpBufferSizes: 524288,1048576,2097152,262144,524288,1048576}}  nc{[ Transports: WIFI Capabilities: INTERNET&NOT_RESTRICTED&TRUSTED&NOT_VPN LinkUpBandwidth>=1048576Kbps LinkDnBandwidth>=1048576Kbps]}  Score{20} validated{false} created{true} explicitlySelected{false} }
12-25 04:33:42.697  2283  2283 I WifiApcService: send sendBroadcast: wifi_TxPwr = true
12-25 04:33:42.697  1872  1872 D SignalClusterView: vpn: GONE
12-25 04:33:42.697  1161 22724 D NetworkMonitorNetworkAgentInfo [WIFI () - null]: EvaluatingState{ when=0 what=532486 arg1=1 target=com.android.internal.util.StateMachine$SmHandler }
12-25 04:33:42.697  1872  1872 D SignalClusterView: SignalClusterView ~ mIsAirplaneMode : false
12-25 04:33:42.697  1872  1872 D SignalClusterView: updateNoSimState begin mNoSimSlotVisible[0] = true, mNoSimSlotVisible[1] = true, mMobileGroupVisible[0] = true, mMobileGroupVisible[1] = false
12-25 04:33:42.697  1872  1872 D SignalClusterView: setMobileDataIndicators: sim =1, showMult = false, mNoSimSlotId =com.android.systemui:drawable/stat_sys_no_sim, mMobileDataStrengthId =(null), mMobileTypeId =(null), mNetworkTypeId =(null), mMobileDataActivityId =(null)
12-25 04:33:42.697  1872  1872 D SignalClusterView: vpn: GONE
12-25 04:33:42.697  1872  1872 D SignalClusterView: SignalClusterView ~ mIsAirplaneMode : false
12-25 04:33:42.697  1872  1872 D SignalClusterView: vpn: GONE
12-25 04:33:42.697  1161  1740 D CSLegacyTypeTracker: Sending connected broadcast for type 1 NetworkAgentInfo [WIFI () - 114] isDefaultNetwork=true
12-25 04:33:42.697  1161 22724 D NetworkMonitorNetworkAgentInfo [WIFI () - null]: handle CMD_REEVALUATE, NetworkAgentInfo: NetworkAgentInfo{ ni{[type: WIFI[], state: CONNECTED/CONNECTED, reason: (unspecified), extra: "lenovo-internet", roaming: false, failover: false, isAvailable: true, isConnectedToProvisioningNetwork: false]}  network{114}  lp{{InterfaceName: wlan0 LinkAddresses: [10.117.212.247/23,fe80::ae38:70ff:fef7:69/64,]  Routes: [fe80::/64 -> :: wlan0,10.117.212.0/23 -> 0.0.0.0 wlan0,0.0.0.0/0 -> 10.117.213.254 wlan0,] DnsAddresses: [10.96.170.56,10.128.245.46,] Domains: null MTU: 0 TcpBufferSizes: 524288,1048576,2097152,262144,524288,1048576}}  nc{[ Transports: WIFI Capabilities: INTERNET&NOT_RESTRICTED&TRUSTED&NOT_VPN LinkUpBandwidth>=1048576Kbps LinkDnBandwidth>=1048576Kbps]}  Score{20} validated{false} created{true} explicitlySelected{false} }
12-25 04:33:42.697  1872  1872 D SignalClusterView: SignalClusterView ~ mIsAirplaneMode : false
12-25 04:33:42.697  1161 22724 D NetworkMonitorNetworkAgentInfo [WIFI () - null]: Checking http://clients3.google.com/generate_204 on "lenovo-internet"
12-25 04:33:42.697  1872  1872 D WifiSignalClusterView: WifiSignalClusterView ~ wifi : VISIBLE, sig = 2130838314, act = 0
12-25 04:33:42.697  1161  1740 D ConnectivityService: sendStickyBroadcast: action=android.net.conn.CONNECTIVITY_CHANGE_IMMEDIATE
12-25 04:33:42.697  1872  1872 D WifiSignalClusterView: WifiSignalClusterView ~ wifi : VISIBLE, sig = 2130838314, act = 0
12-25 04:33:42.697  1161  1740 V ActivityManager: Broadcast sticky: Intent { act=android.net.conn.CONNECTIVITY_CHANGE_IMMEDIATE flg=0x4000010 (has extras) } ordered=false userid=-1
12-25 04:33:42.697  1872  1872 D WifiSignalClusterView: WifiSignalClusterView ~ wifi : VISIBLE, sig = 2130838314, act = 0
12-25 04:33:42.697  1872  1872 D StatusBar.NetworkControllerQualImpl: onReceive action : android.net.wifi.STATE_CHANGE
12-25 04:33:42.707  1161  1740 D ConnectivityService: sendStickyBroadcastDelayed: delayMs=3000, action=android.net.conn.CONNECTIVITY_CHANGE
12-25 04:33:42.707  1775  1775 D PhoneApp: getPhone phoneId:0
12-25 04:33:42.707  1872  1872 I StatusBar.NetworkControllerQualImpl: mCurApName: "lenovo-internet" mFlag: 0
12-25 04:33:42.707  1872  1872 I StatusBar.NetworkControllerQualImpl: isShowTopMessage= false, mOldSignalLevel : 3 mCurApName : "lenovo-internet" , mOldApName1 : <unknown ssid> ,mOldApName2 : <unknown ssid> , true===1419453222718
12-25 04:33:42.707  1161  1740 D ConnectivityService: Switching to new default network: NetworkAgentInfo{ ni{[type: WIFI[], state: CONNECTED/CONNECTED, reason: (unspecified), extra: "lenovo-internet", roaming: false, failover: false, isAvailable: true, isConnectedToProvisioningNetwork: false]}  network{114}  lp{{InterfaceName: wlan0 LinkAddresses: [10.117.212.247/23,fe80::ae38:70ff:fef7:69/64,]  Routes: [fe80::/64 -> :: wlan0,10.117.212.0/23 -> 0.0.0.0 wlan0,0.0.0.0/0 -> 10.117.213.254 wlan0,] DnsAddresses: [10.96.170.56,10.128.245.46,] Domains: null MTU: 0 TcpBufferSizes: 524288,1048576,2097152,262144,524288,1048576}}  nc{[ Transports: WIFI Capabilities: INTERNET&NOT_RESTRICTED&TRUSTED&NOT_VPN LinkUpBandwidth>=1048576Kbps LinkDnBandwidth>=1048576Kbps]}  Score{20} validated{false} created{true} explicitlySelected{false} }
12-25 04:33:42.707  1872  1872 D StatusBar.NetworkControllerQualImpl: updateWifiState, mWifiEnabled: true, mWifiConnected: true
12-25 04:33:42.707  1872  1872 D StatusBar.NetworkControllerQualImpl: refreshViews getMobileLabelIndex return : 0
12-25 04:33:42.707  2283 22769 I System.out: Error :Interface doesn't accept private ioctl...
12-25 04:33:42.707  2283 22769 I System.out: Error :setTxMaxPower (8BE0): Operation not permitted
12-25 04:33:42.707  1161  1244 D Tethering: MasterInitialState.processMessage what=3
12-25 04:33:42.717  1161  1740 D ConnectivityService: notifyType AVAILABLE for NetworkAgentInfo [WIFI () - 114]
12-25 04:33:42.717 22771 22771 E QCOMSysDaemon: Can't find/open bootselect node: (No such file or directory)
12-25 04:33:42.717 22771 22771 I QCOMSysDaemon: Starting qcom system daemon
12-25 04:33:42.717 22771 22771 E Diag_Lib:  Diag_LSM_Init: Failed to open handle to diag driver, error = 2
12-25 04:33:42.717 22771 22771 E QCOMSysDaemon:  Diag_LSM_Init failed : 0
12-25 04:33:42.717  1161  1740 D ConnectivityService:  sending notification for NetworkRequest [ id=1, legacyType=-1, [ Capabilities: INTERNET&NOT_RESTRICTED&TRUSTED&NOT_VPN] ]
12-25 04:33:42.717  1775  1775 D PhoneApp: getPhone phoneId:1
12-25 04:33:42.717  1161  1740 D ConnectivityService:  sending notification for NetworkRequest [ id=2, legacyType=-1, [] ]
12-25 04:33:42.717  1161  1740 D ConnectivityService: sending notification AVAILABLE for NetworkRequest [ id=2, legacyType=-1, [] ]
12-25 04:33:42.717  1161  1735 V ActivityManager: Broadcast: Intent { act=com.android.server.action.NETWORK_STATS_UPDATED flg=0x40000010 } ordered=false userid=-1
12-25 04:33:42.727  1872  2727 D ConnectivityManager.CallbackHandler: CM callback handler got msg 524290
12-25 04:33:42.727  1872  1872 D StatusBar.NetworkControllerQualImpl: onReceive action : com.LenovoWIFIApc.wifi_TxPwr
12-25 04:33:42.727  1872  1872 I StatusBar.NetworkControllerQualImpl: action : com.LenovoWIFIApc.wifi_TxPwr , isWifiStrong : true
12-25 04:33:42.727  1872  1872 D StatusBar.NetworkControllerQualImpl: onReceive action : android.net.conn.CONNECTIVITY_CHANGE_IMMEDIATE
12-25 04:33:42.727  1872  1872 D StatusBar.NetworkControllerQualImpl: updateConnectivity: intent=Intent { act=android.net.conn.CONNECTIVITY_CHANGE_IMMEDIATE flg=0x4000010 (has extras) }
12-25 04:33:42.727  2101  2101 I lenovopush: LPScreenMonitor  2101valid net change:CONNECTED--true
12-25 04:33:42.727  1872  1872 D StatusBar.NetworkControllerQualImpl: updateConnectivity: networkInfo=[type: WIFI[], state: CONNECTED/CONNECTED, reason: (unspecified), extra: "lenovo-internet", roaming: false, failover: false, isAvailable: true, isConnectedToProvisioningNetwork: false]
12-25 04:33:42.727  1872  1872 D StatusBar.NetworkControllerQualImpl: updateConnectivity: connectionStatus=0
12-25 04:33:42.727  1872  1872 D StatusBar.NetworkControllerQualImpl: updateDataNetType: sub =0, mAnalyzedDataState =0, mDataType =0, mLastShowRoaming =false
12-25 04:33:42.727  1775  1775 D PhoneApp: getPhone phoneId:1
12-25 04:33:42.737  2283 22776 I System.out: Error :Interface doesn't accept private ioctl...
12-25 04:33:42.737  1872  1872 D StatusBar.NetworkControllerQualImpl: updateTelephonySignalStrength: phoneId =0 isSimActive : true
12-25 04:33:42.737  1872  1872 D StatusBar.NetworkControllerQualImpl: mCsTypeId : (null) , mCsStrengthId : (null)
12-25 04:33:42.737  2283 22776 I System.out: Error :setTxMaxPower (8BE0): Operation not permitted
12-25 04:33:42.737  1872  1872 D StatusBar.NetworkControllerQualImpl: updateDataNetType: sub =1, mAnalyzedDataState =0, mDataType =0, mLastShowRoaming =false
12-25 04:33:42.737  1775  1775 D PhoneApp: getPhone phoneId:1
12-25 04:33:42.737  2283  2283 D WifiApcService: iwpriv wlan0 setTxMaxPower 19 status = 255
12-25 04:33:42.747  2101  2101 I lenovopush: LPServiceMessenger  2101takeEffectStrategy:Trigger restart and binding!
12-25 04:33:42.747  1872  1872 D StatusBar.NetworkControllerQualImpl: updateTelephonySignalStrength: phoneId =1 isSimActive : true
12-25 04:33:42.747  1872  1872 D StatusBar.NetworkControllerQualImpl: mCsTypeId : (null) , mCsStrengthId : (null)
12-25 04:33:42.747  1161  2343 V ActivityManager: Broadcast: Intent { act=com.LenovoWIFIApc.wifi_TxPwr flg=0x40000010 (has extras) } ordered=false userid=0
12-25 04:33:42.747  1872  1872 D StatusBar.NetworkControllerQualImpl: refreshViews getMobileLabelIndex return : 0
12-25 04:33:42.747  2283  2283 I WifiApcService: send sendBroadcast: wifi_TxPwr = true
12-25 04:33:42.747  1872  1872 D StatusBar.NetworkControllerQualImpl: onReceive action : com.LenovoWIFIApc.wifi_TxPwr
12-25 04:33:42.747  1872  1872 I StatusBar.NetworkControllerQualImpl: action : com.LenovoWIFIApc.wifi_TxPwr , isWifiStrong : true
12-25 04:33:42.747  1775  1775 D PhoneApp: getPhone phoneId:1
12-25 04:33:42.757  2101  2101 I lenovopush: LPServiceMessenger  2101Anon_Token
12-25 04:33:42.757  1775  1775 D PhoneApp: getPhone phoneId:1
12-25 04:33:42.757  1775  1775 D PhoneApp: getPhone phoneId:1
12-25 04:33:42.767  2101  2101 V lenovopush: LPAnonTokenHandler  2101stopWork
12-25 04:33:42.767  1775  1775 D PhoneApp: getPhone phoneId:1
12-25 04:33:42.767  2101  2101 V lenovopush: LPAnonTokenHandler  2101getToken
12-25 04:33:42.777  1775  1775 D PhoneApp: getPhone phoneId:1
12-25 04:33:42.797  1775  1775 D PhoneApp: getPhone phoneId:0
12-25 04:33:42.797  1775  1775 D PhoneApp: getPhone phoneId:0
12-25 04:33:42.807  1775  1775 D PhoneApp: getPhone phoneId:0
12-25 04:33:42.817  1161 22724 D NetworkMonitorNetworkAgentInfo [WIFI () - null]: isCaptivePortal: ret=200 headers={null=[HTTP/1.1 200 Ok], Connection=[close], Content-Length=[159], Content-Type=[text/html], Date=[Wed, 27 May 2015 08:55:42 GMT], Expires=[0], Server=[Apache], X-Android-Received-Millis=[1419453222823], X-Android-Response-Source=[NETWORK 200], X-Android-Sent-Millis=[1419453222752], X-Frame-Options=[SAMEORIGIN], X-UA-Compatible=[IE=edge;IE=11;IE=10;IE=9]}
12-25 04:33:42.817  1161 22724 D NetworkMonitorNetworkAgentInfo [WIFI () - null]: Don't send network conditions - lacking user consent.
12-25 04:33:42.817  1161 22724 D NetworkMonitorNetworkAgentInfo [WIFI () - null]: isCaptivePortal, httpResponseCode: 200
12-25 04:33:42.817  1161 22724 D NetworkMonitorNetworkAgentInfo [WIFI () - null]: lookupHost, hostName: clients3.google.com
12-25 04:33:42.817  1161 22724 D NetworkMonitorNetworkAgentInfo [WIFI () - null]: lookupHost success
12-25 04:33:42.817  1161 22724 D NetworkMonitor: [ Auto Authorize ] :: autoAuthorize Begin
12-25 04:33:42.827  1775  1775 D PhoneApp: getPhone phoneId:0
12-25 04:33:42.827  1161 22724 D NetworkMonitorNetworkAgentInfo [WIFI () - null]: lookupHost, hostName: clients3.google.com
12-25 04:33:42.827  2101 21919 I lenovopush: LPPostHttpClient  2101post req:https://login.lenovomm.com/login/noaccount/token
12-25 04:33:42.827  1161 22724 D NetworkMonitorNetworkAgentInfo [WIFI () - null]: lookupHost success
12-25 04:33:42.837  1161 22724 D NetworkMonitor: [ Auto Authorize ] :: autoAuthorize, Step 1, uri: http://74.125.23.138/generate_204
12-25 04:33:42.837  1775  1775 D PhoneApp: getPhone phoneId:0
12-25 04:33:42.847  1775  1775 D PhoneApp: getPhone phoneId:0
12-25 04:33:42.847  2101 21919 I lenovopush: LPPostHttpClient  2101post params:[deviceid=a6efd62143a4821d1c26838f99e24de1, imei=865807020001055, model=Lenovo X2Pt5, system=Android SDK21, sign=99dfe2771c5ee3747e2d5acc15f472ec]
12-25 04:33:42.857  1775  1775 D PhoneApp: getPhone phoneId:0
12-25 04:33:42.867  1775  1775 D PhoneApp: getPhone phoneId:0
12-25 04:33:42.887  1775  1775 D PhoneApp: getPhone phoneId:1
12-25 04:33:42.897  1775  1775 D PhoneApp: getPhone phoneId:1
12-25 04:33:42.897  1775  1775 D PhoneApp: getPhone phoneId:1
12-25 04:33:42.907  1775  1775 D PhoneApp: getPhone phoneId:1
12-25 04:33:42.917  1775  1775 D PhoneApp: getPhone phoneId:1
12-25 04:33:42.917  1775  1775 D PhoneApp: getPhone phoneId:1
12-25 04:33:42.927  1775  1775 D PhoneApp: getPhone phoneId:1
12-25 04:33:42.927  1775  1775 D PhoneApp: getPhone phoneId:1
12-25 04:33:42.947  1775  1775 D TelephonyNetworkFactory-1: new score 20 for exisiting request NetworkRequest [ id=1, legacyType=-1, [ Capabilities: INTERNET&NOT_RESTRICTED&TRUSTED&NOT_VPN] ]
12-25 04:33:42.947  1775  1775 D TelephonyNetworkFactory-1:   my score=50, my filter=[ Transports: CELLULAR Capabilities: MMS&SUPL&DUN&FOTA&IMS&CBS&IA&RCS&XCAP&EIMS&NOT_RESTRICTED&TRUSTED&NOT_VPN Specifier: <-1>]
12-25 04:33:42.947  1775  1775 D TelephonyNetworkFactory-2: new score 20 for exisiting request NetworkRequest [ id=1, legacyType=-1, [ Capabilities: INTERNET&NOT_RESTRICTED&TRUSTED&NOT_VPN] ]
12-25 04:33:42.947  1775  1775 D TelephonyNetworkFactory-2:   my score=50, my filter=[ Transports: CELLULAR Capabilities: MMS&SUPL&DUN&FOTA&IMS&CBS&IA&RCS&XCAP&EIMS&NOT_RESTRICTED&TRUSTED&NOT_VPN Specifier: <-2>]
12-25 04:33:43.127  1161 22724 D NetworkMonitor: [ Auto Authorize ] :: autoAuthorize, Step 1, responseCode: 200
12-25 04:33:43.127  1161 22724 E NetworkMonitor: [ Auto Authorize ] :: autoAuthorize, Step 1, Unexpected HTTP ResponseCode: 200
12-25 04:33:43.127  1161 22724 D NetworkMonitorNetworkAgentInfo [WIFI () - null]: Checking http://clients3.google.com/generate_204 on "lenovo-internet"
12-25 04:33:43.177  1161 22724 D NetworkMonitorNetworkAgentInfo [WIFI () - null]: isCaptivePortal: ret=200 headers={null=[HTTP/1.1 200 Ok], Connection=[close], Content-Length=[159], Content-Type=[text/html], Date=[Wed, 27 May 2015 08:55:42 GMT], Expires=[0], Server=[Apache], X-Android-Received-Millis=[1419453223180], X-Android-Response-Source=[NETWORK 200], X-Android-Sent-Millis=[1419453223156], X-Frame-Options=[SAMEORIGIN], X-UA-Compatible=[IE=edge;IE=11;IE=10;IE=9]}
12-25 04:33:43.177  1161 22724 D NetworkMonitorNetworkAgentInfo [WIFI () - null]: Don't send network conditions - lacking user consent.
12-25 04:33:43.177  1161 22724 D NetworkMonitorNetworkAgentInfo [WIFI () - null]: EvaluatingState exit, NetworkAgentInfo: NetworkAgentInfo{ ni{[type: WIFI[], state: CONNECTED/CONNECTED, reason: (unspecified), extra: "lenovo-internet", roaming: false, failover: false, isAvailable: true, isConnectedToProvisioningNetwork: false]}  network{114}  lp{{InterfaceName: wlan0 LinkAddresses: [10.117.212.247/23,fe80::ae38:70ff:fef7:69/64,]  Routes: [fe80::/64 -> :: wlan0,10.117.212.0/23 -> 0.0.0.0 wlan0,0.0.0.0/0 -> 10.117.213.254 wlan0,] DnsAddresses: [10.96.170.56,10.128.245.46,] Domains: null MTU: 0 TcpBufferSizes: 524288,1048576,2097152,262144,524288,1048576}}  nc{[ Transports: WIFI Capabilities: INTERNET&NOT_RESTRICTED&TRUSTED&NOT_VPN LinkUpBandwidth>=1048576Kbps LinkDnBandwidth>=1048576Kbps]}  Score{20} validated{false} created{true} explicitlySelected{false} }
12-25 04:33:43.187  1161 22724 D NetworkMonitorNetworkAgentInfo [WIFI () - null]: UserPromptedState enter, NetworkAgentInfo: NetworkAgentInfo{ ni{[type: WIFI[], state: CONNECTED/CONNECTED, reason: (unspecified), extra: "lenovo-internet", roaming: false, failover: false, isAvailable: true, isConnectedToProvisioningNetwork: false]}  network{114}  lp{{InterfaceName: wlan0 LinkAddresses: [10.117.212.247/23,fe80::ae38:70ff:fef7:69/64,]  Routes: [fe80::/64 -> :: wlan0,10.117.212.0/23 -> 0.0.0.0 wlan0,0.0.0.0/0 -> 10.117.213.254 wlan0,] DnsAddresses: [10.96.170.56,10.128.245.46,] Domains: null MTU: 0 TcpBufferSizes: 524288,1048576,2097152,262144,524288,1048576}}  nc{[ Transports: WIFI Capabilities: INTERNET&NOT_RESTRICTED&TRUSTED&NOT_VPN LinkUpBandwidth>=1048576Kbps LinkDnBandwidth>=1048576Kbps]}  Score{20} validated{false} created{true} explicitlySelected{false} }
12-25 04:33:43.197  1161  1161 D ZenModeHelper: shouldIntercept 1 
12-25 04:33:43.217  1872  1872 D StatusBar: onNotificationPosted: StatusBarNotification(pkg=android user=UserHandle{0} id=114 tag=CaptivePortal.Notification score=20 key=0|android|114|CaptivePortal.Notification|1000: Notification(pri=2 contentView=android/0x1090079 vibrate=null sound=default defaults=0x1 flags=0x10 color=0x00000000 category=sys vis=PUBLIC)), isUpdatefalse
12-25 04:33:43.217  1872  1872 D PhoneStatusBar: addNotification key=0|android|114|CaptivePortal.Notification|1000
12-25 04:33:43.287  1872  1872 I StatusBar: applyThemeNotificationItemOrigElements
12-25 04:33:43.297  1872  1872 D LenovoRoSystemReflect: getReflectID fieldNameinfo; fieldId:16909129
12-25 04:33:43.307  1872  1872 I Configuration: Configuration getConfigurationFromSysProp name= persist.sys.font_scale value=
12-25 04:33:43.317  1872  1872 D LenovoNotificationUtils: packageName android can't be controlled
12-25 04:33:43.317  1872  1872 I HeadsUpNotificationView: showNotification ........
12-25 04:33:43.327  1872  1872 D FontThemeManager: FontThemeManager createThemeFont typefacetype=2, curfontpath=/system/fonts/LenovoFont.ttf
12-25 04:33:43.327  1872  1872 D FontThemeManager: FontThemeManager createThemeFont typefacetype=2, curfontpath=/system/fonts/LenovoFont.ttf
12-25 04:33:43.327  1872  1872 D FontThemeManager: FontThemeManager createThemeFont typefacetype=2, curfontpath=/system/fonts/LenovoFont.ttf
12-25 04:33:43.327  1872  1872 D FontThemeManager: FontThemeManager createThemeFont typefacetype=2, curfontpath=/system/fonts/LenovoFont.ttf
12-25 04:33:43.327  1872  1872 D FontThemeManager: FontThemeManager createThemeFont typefacetype=2, curfontpath=/system/fonts/LenovoFont.ttf
12-25 04:33:43.327  1872  1872 D FontThemeManager: FontThemeManager createThemeFont typefacetype=2, curfontpath=/system/fonts/LenovoFont.ttf
12-25 04:33:43.327  1872  1872 D FontThemeManager: FontThemeManager createThemeFont typefacetype=2, curfontpath=/system/fonts/LenovoFont.ttf
12-25 04:33:43.327  1872  1872 D FontThemeManager: FontThemeManager createThemeFont typefacetype=2, curfontpath=/system/fonts/LenovoFont.ttf
12-25 04:33:43.327  1872  1872 D FontThemeManager: FontThemeManager createThemeFont typefacetype=2, curfontpath=/system/fonts/LenovoFont.ttf
12-25 04:33:43.337  1872  1872 D FontThemeManager: FontThemeManager createThemeFont typefacetype=2, curfontpath=/system/fonts/LenovoFont.ttf
12-25 04:33:43.337  1872  1872 D FontThemeManager: FontThemeManager createThemeFont typefacetype=2, curfontpath=/system/fonts/LenovoFont.ttf
12-25 04:33:43.367  1161  2301 D wangcy9 : isStatusBarOpaqueMode,return false
12-25 04:33:43.367  1161  2301 I wuxu2   : PhoneWindowManager : updateSystemUiVisibilityLw : vis old = 34368
12-25 04:33:43.367  1161  2301 I wuxu2   : PhoneWindowManager : updateSystemUiVisibilityLw : vis new = 34368
12-25 04:33:43.367  1161  2301 D WindowManager: in isSystemInSingleHandMode : false
12-25 04:33:43.367  1872  1872 I PhoneStatusBar: H handleMessage what : 1028
12-25 04:33:43.367  1872  1872 V PhoneStatusBar: showing heads up window
12-25 04:33:43.367  1161  2146 I Configuration: Configuration getConfigurationFromSysProp name= persist.sys.font_scale value=
12-25 04:33:43.377  1161  2146 D wangcy9 : isStatusBarOpaqueMode,return false
12-25 04:33:43.377  1161  2146 I wuxu2   : PhoneWindowManager : updateSystemUiVisibilityLw : vis old = 34368
12-25 04:33:43.377  1161  2146 I wuxu2   : PhoneWindowManager : updateSystemUiVisibilityLw : vis new = 34368
12-25 04:33:43.377  1161  2146 D WindowManager: in isSystemInSingleHandMode : false
12-25 04:33:43.387  1161  2146 D WindowManager: in isSystemInSingleHandMode : false
12-25 04:33:43.407  1161  1926 D wangcy9 : isStatusBarOpaqueMode,return false
12-25 04:33:43.407  1161  1926 I wuxu2   : PhoneWindowManager : updateSystemUiVisibilityLw : vis old = 34368
12-25 04:33:43.407  1161  1926 I wuxu2   : PhoneWindowManager : updateSystemUiVisibilityLw : vis new = 34368
12-25 04:33:43.407  1161  1926 D WindowManager: in isSystemInSingleHandMode : false
12-25 04:33:43.427  1161  2343 D wangcy9 : isStatusBarOpaqueMode,return false
12-25 04:33:43.427  1161  2343 I wuxu2   : PhoneWindowManager : updateSystemUiVisibilityLw : vis old = 34368
12-25 04:33:43.427  1161  2343 I wuxu2   : PhoneWindowManager : updateSystemUiVisibilityLw : vis new = 34368
12-25 04:33:43.427  1161  2343 D WindowManager: in isSystemInSingleHandMode : false
12-25 04:33:43.457  1161  1245 D wangcy9 : isStatusBarOpaqueMode,return false
12-25 04:33:43.457  1161  1245 I wuxu2   : PhoneWindowManager : updateSystemUiVisibilityLw : vis old = 34368
12-25 04:33:43.457  1161  1245 I wuxu2   : PhoneWindowManager : updateSystemUiVisibilityLw : vis new = 34368
12-25 04:33:43.467  1161  1245 D WindowManager: in isSystemInSingleHandMode : false
12-25 04:33:43.477  1161  2345 D wangcy9 : isStatusBarOpaqueMode,return false
12-25 04:33:43.477  1161  2345 I wuxu2   : PhoneWindowManager : updateSystemUiVisibilityLw : vis old = 34368
12-25 04:33:43.477  1161  2345 I wuxu2   : PhoneWindowManager : updateSystemUiVisibilityLw : vis new = 34368
12-25 04:33:43.477  1161  2345 D WindowManager: in isSystemInSingleHandMode : false
12-25 04:33:43.497  1161  1245 D wangcy9 : isStatusBarOpaqueMode,return false
12-25 04:33:43.497  1161  1245 I wuxu2   : PhoneWindowManager : updateSystemUiVisibilityLw : vis old = 34368
12-25 04:33:43.497  1161  1245 I wuxu2   : PhoneWindowManager : updateSystemUiVisibilityLw : vis new = 34368
12-25 04:33:43.497  1161  1245 D WindowManager: in isSystemInSingleHandMode : false
12-25 04:33:43.507  1161  2209 D wangcy9 : isStatusBarOpaqueMode,return false
12-25 04:33:43.507  1161  2209 I wuxu2   : PhoneWindowManager : updateSystemUiVisibilityLw : vis old = 34368
12-25 04:33:43.507  1161  2209 I wuxu2   : PhoneWindowManager : updateSystemUiVisibilityLw : vis new = 34368
12-25 04:33:43.507  1161  2209 D WindowManager: in isSystemInSingleHandMode : false
12-25 04:33:43.657  1872  1872 D StatusBar.NetworkControllerQualImpl: refreshViews getMobileLabelIndex return : 0
12-25 04:33:43.657  1161  1738 E WifiStateMachine: ConnectedState Enter  mScreenOn=true scanperiod=20000
12-25 04:33:43.667  1872  1872 D SignalClusterView: updateNoSimState begin mNoSimSlotVisible[0] = true, mNoSimSlotVisible[1] = true, mMobileGroupVisible[0] = true, mMobileGroupVisible[1] = false
12-25 04:33:43.667  1161  1738 I AlarmManagerService: android in whitelist or system app not forece batched
12-25 04:33:43.667  1161  1738 I AlarmManagerService: HEURISTIC : maxElapsed=94730156
12-25 04:33:43.667  1872  1872 D SignalClusterView: setMobileDataIndicators: sim =0, showMult = false, mNoSimSlotId =com.android.systemui:drawable/stat_sys_no_sim, mMobileDataStrengthId =(null), mMobileTypeId =(null), mNetworkTypeId =(null), mMobileDataActivityId =(null)
12-25 04:33:43.667  1161  1738 V AlarmManagerService: set(PendingIntent{169d63ab: PendingIntentRecord{16a3ba08 android broadcastIntent}}) : type=1 triggerAtTime=1419453223877 win=-1 tElapsed=94715156 maxElapsed=94730156 interval=20000 standalone=false intent=Intent { act=com.android.server.WifiManager.action.START_SCAN } this alarm will trigger at  heuristic time= 0 : 0 : 15 later
12-25 04:33:43.667  1872  1872 D SignalClusterView: vpn: GONE
12-25 04:33:43.667  1872  1872 D SignalClusterView: SignalClusterView ~ mIsAirplaneMode : false
12-25 04:33:43.667  1161  1738 V AlarmManagerService: Set alarm type: 3 alarmSeconds: 94715 alarmNanoseconds: 156000000
12-25 04:33:43.667  1872  1872 D SignalClusterView: updateNoSimState begin mNoSimSlotVisible[0] = true, mNoSimSlotVisible[1] = true, mMobileGroupVisible[0] = true, mMobileGroupVisible[1] = false
12-25 04:33:43.667  1872  1872 D SignalClusterView: setMobileDataIndicators: sim =1, showMult = false, mNoSimSlotId =com.android.systemui:drawable/stat_sys_no_sim, mMobileDataStrengthId =(null), mMobileTypeId =(null), mNetworkTypeId =(null), mMobileDataActivityId =(null)
12-25 04:33:43.667  1872  1872 D SignalClusterView: vpn: GONE
12-25 04:33:43.667  1872  1872 D SignalClusterView: SignalClusterView ~ mIsAirplaneMode : false
12-25 04:33:43.667  1872  1872 D SignalClusterView: vpn: GONE
12-25 04:33:43.667  1872  1872 D SignalClusterView: SignalClusterView ~ mIsAirplaneMode : false
12-25 04:33:43.677  1872  1872 D SignalClusterView: updateNoSimState begin mNoSimSlotVisible[0] = true, mNoSimSlotVisible[1] = true, mMobileGroupVisible[0] = true, mMobileGroupVisible[1] = false
12-25 04:33:43.677  1872  1872 D SignalClusterView: setMobileDataIndicators: sim =0, showMult = false, mNoSimSlotId =com.android.systemui:drawable/stat_sys_no_sim, mMobileDataStrengthId =(null), mMobileTypeId =(null), mNetworkTypeId =(null), mMobileDataActivityId =(null)
12-25 04:33:43.677  1872  1872 D SignalClusterView: vpn: GONE
12-25 04:33:43.677  1872  1872 D SignalClusterView: SignalClusterView ~ mIsAirplaneMode : false
12-25 04:33:43.677  1872  1872 D SignalClusterView: updateNoSimState begin mNoSimSlotVisible[0] = true, mNoSimSlotVisible[1] = true, mMobileGroupVisible[0] = true, mMobileGroupVisible[1] = false
12-25 04:33:43.677  1872  1872 D SignalClusterView: setMobileDataIndicators: sim =1, showMult = false, mNoSimSlotId =com.android.systemui:drawable/stat_sys_no_sim, mMobileDataStrengthId =(null), mMobileTypeId =(null), mNetworkTypeId =(null), mMobileDataActivityId =(null)
12-25 04:33:43.677  1872  1872 D SignalClusterView: vpn: GONE
12-25 04:33:43.677  1872  1872 D SignalClusterView: SignalClusterView ~ mIsAirplaneMode : false
12-25 04:33:43.677  1872  1872 D SignalClusterView: vpn: GONE
12-25 04:33:43.677  1872  1872 D SignalClusterView: SignalClusterView ~ mIsAirplaneMode : false
12-25 04:33:43.687  1872  1872 D WifiSignalClusterView: WifiSignalClusterView ~ wifi : VISIBLE, sig = 2130838314, act = 2130838298
12-25 04:33:43.687  1161  1738 E WifiStateMachine:  ConnectedState !CMD_START_SCAN 1000 987 ic=862 proc(ms):1724 dur:665 rssi=-60 f=2462 sc=60 link=72 tx=928.5, 0.0, 0.0  rx=449.0 fiv=20000 [on:0 tx:0 rx:0 period:1688] from screen [on:0 period:2114016014]
12-25 04:33:43.687  1872  1872 D WifiSignalClusterView: WifiSignalClusterView ~ wifi : VISIBLE, sig = 2130838314, act = 2130838298
12-25 04:33:43.687  1872  1872 D WifiSignalClusterView: WifiSignalClusterView ~ wifi : VISIBLE, sig = 2130838314, act = 2130838298
12-25 04:33:43.697  1161  1738 E WifiStateMachine:  L2ConnectedState !CMD_START_SCAN 1000 987 ic=862 proc(ms):1738 dur:665 rssi=-60 f=2462 sc=60 link=72 tx=928.5, 0.0, 0.0  rx=449.0 fiv=20000 [on:0 tx:0 rx:0 period:13] from screen [on:0 period:2114016027]
12-25 04:33:43.697  1161  1738 E WifiStateMachine: WifiStateMachine CMD_START_SCAN source 1000 txSuccessRate=928.50 rxSuccessRate=449.00 targetRoamBSSID=any RSSI=-60
12-25 04:33:43.697 22675 22675 D wpa_supplicant: wlan0: Control interface command 'SCAN TYPE=ONLY'
12-25 04:33:43.697 22675 22675 D wpa_supplicant: wlan0: Setting scan request: 0.000000 sec
12-25 04:33:43.697 22675 22675 D wpa_supplicant: wlan0: Starting AP scan for wildcard SSID
12-25 04:33:43.697 22675 22675 D wpa_supplicant: wlan0: Add radio work 'scan'@0x5585ed76c0
12-25 04:33:43.697 22675 22675 D wpa_supplicant: wlan0: First radio work item in the queue - schedule start immediately
12-25 04:33:43.697 22675 22675 D wpa_supplicant: wlan0: Starting radio work 'scan'@0x5585ed76c0 after 0.000039 second wait
12-25 04:33:43.697 22675 22675 D wpa_supplicant: wlan0: nl80211: scan request
12-25 04:33:43.697 22675 22675 D wpa_supplicant: nl80211: Scan SSID - hexdump(len=0): [NULL]
12-25 04:33:43.697 22675 22675 D wpa_supplicant: nl80211: Add NL80211_SCAN_FLAG_FLUSH
12-25 04:33:43.697 22675 22675 D wpa_supplicant: Scan requested (ret=0) - scan timeout 30 seconds
12-25 04:33:43.697 22675 22675 D wpa_supplicant: nl80211: Event message available
12-25 04:33:43.697 22675 22675 D wpa_supplicant: nl80211: Drv Event 33 (NL80211_CMD_TRIGGER_SCAN) received for wlan0
12-25 04:33:43.697 22675 22675 D wpa_supplicant: wlan0: nl80211: Scan trigger
12-25 04:33:43.697 22675 22675 D wpa_supplicant: wlan0: Event SCAN_STARTED (49) received
12-25 04:33:43.697 22675 22675 D wpa_supplicant: wlan0: Own scan request started a scan in 0.000100 seconds
12-25 04:33:43.697 22675 22675 D wpa_supplicant: CTRL_IFACE monitor sent successfully to /data/misc/wifi/sockets/wpa_ctrl_1161-72\x00, msg:[CTRL-EVENT-SCAN-STARTED ]
12-25 04:33:43.697  1161  2081 I WifiHAL : Poll result = 1
12-25 04:33:43.697  1161  2081 I WifiHAL : Found some events!!!
12-25 04:33:43.697  1161  2081 D WifiHAL : no_seq_check received
12-25 04:33:43.697  1161  2081 I WifiHAL : event received NL80211_CMD_TRIGGER_SCAN
12-25 04:33:43.697  1161  2081 I WifiHAL : event received NL80211_CMD_TRIGGER_SCAN, vendor_id = 0x0
12-25 04:33:43.697  1161  2081 I WifiHAL : event ignored!!
12-25 04:33:43.697  1161  1738 E WifiStateMachine: [1,419,453,223,713 ms] noteScanstart no scan source
12-25 04:33:43.717  1161  1245 D wangcy9 : isStatusBarOpaqueMode,return false
12-25 04:33:43.717  1161  1245 I wuxu2   : PhoneWindowManager : updateSystemUiVisibilityLw : vis old = 34368
12-25 04:33:43.717  1161  1245 I wuxu2   : PhoneWindowManager : updateSystemUiVisibilityLw : vis new = 34368
12-25 04:33:43.717  1161  1740 D ConnectivityService: NetTransition Wakelock (NetworkAgentInfo [WIFI () - 113] cleared because we found a replacement network
12-25 04:33:43.717  1161  1245 D WindowManager: in isSystemInSingleHandMode : false
12-25 04:33:43.717  1161  1738 E WifiStateMachine:  ConnectedState !CMD_START_SCAN -2 -2 ic=862 proc(ms):1760 onGoing full started:1419453223713,14 rssi=-60 f=2462 sc=60 link=72 tx=928.5, 0.0, 0.0  rx=449.0 fiv=20000 [on:0 tx:0 rx:0 period:13] from screen [on:0 period:2114016049]
12-25 04:33:43.727  1161  1738 E WifiStateMachine:  L2ConnectedState !CMD_START_SCAN -2 -2 ic=862 proc(ms):1773 onGoing full started:1419453223713,27 rssi=-60 f=2462 sc=60 link=72 tx=928.5, 0.0, 0.0  rx=449.0 fiv=20000 [on:0 tx:0 rx:0 period:13] from screen [on:0 period:2114016062]
12-25 04:33:43.737  1161  1738 E WifiStateMachine: WifiStateMachine CMD_START_SCAN source -2 txSuccessRate=928.50 rxSuccessRate=449.00 targetRoamBSSID=any RSSI=-60
12-25 04:33:43.737  1161  1738 E WifiStateMachine: WifiStateMachine CMD_START_SCAN with age=31523 interval=20000 maxinterval=300000
12-25 04:33:43.737  1161  1738 E WifiStateMachine: WifiStateMachine CMD_START_SCAN try full band scan age=31523 interval=20000 maxinterval=300000
12-25 04:33:43.737  1161  1738 E WifiStateMachine: WifiStateMachine CMD_START_SCAN prevent full band scan due to pkt rate
12-25 04:33:43.737  1161  1738 E WifiStateMachine: WifiStateMachine CMD_START_SCAN source -2 ...and ignore scans tx=928.50 rx=449.00
12-25 04:33:43.747  1161  1738 E WifiStateMachine:  ConnectedState !CMD_START_SCAN -2 -2 ic=862 proc(ms):1446 onGoing full started:1419453223713,46 rssi=-60 f=2462 sc=60 link=72 tx=928.5, 0.0, 0.0  rx=449.0 fiv=20000 [on:0 tx:0 rx:0 period:13] from screen [on:0 period:2114016081]
12-25 04:33:43.757  1161  1738 E WifiStateMachine:  L2ConnectedState !CMD_START_SCAN -2 -2 ic=862 proc(ms):1456 onGoing full started:1419453223713,56 rssi=-60 f=2462 sc=60 link=72 tx=928.5, 0.0, 0.0  rx=449.0 fiv=20000 [on:0 tx:0 rx:0 period:10] from screen [on:0 period:2114016091]
12-25 04:33:43.757  1161  1738 E WifiStateMachine: WifiStateMachine CMD_START_SCAN source -2 txSuccessRate=928.50 rxSuccessRate=449.00 targetRoamBSSID=any RSSI=-60
12-25 04:33:43.757  1161  1738 E WifiStateMachine: WifiStateMachine CMD_START_SCAN with age=31552 interval=20000 maxinterval=300000
12-25 04:33:43.757  1161  1738 E WifiStateMachine: WifiStateMachine CMD_START_SCAN try full band scan age=31552 interval=20000 maxinterval=300000
12-25 04:33:43.757  1161  1738 E WifiStateMachine: WifiStateMachine CMD_START_SCAN prevent full band scan due to pkt rate
12-25 04:33:43.767  1161  1738 E WifiStateMachine: WifiStateMachine CMD_START_SCAN source -2 ...and ignore scans tx=928.50 rx=449.00
12-25 04:33:43.777  1161  1738 E WifiStateMachine:  ConnectedState !CMD_GET_CONFIGURED_NETWORKS uid=1000 1000 0 num=6
12-25 04:33:43.777  1161  1738 E WifiStateMachine:  L2ConnectedState !CMD_GET_CONFIGURED_NETWORKS uid=1000 1000 0 num=6
12-25 04:33:43.787  1161  1738 E WifiStateMachine:  ConnectModeState !CMD_GET_CONFIGURED_NETWORKS uid=1000 1000 0 num=6
12-25 04:33:43.797  1161  1738 D WIFI    : new score 20 for exisiting request NetworkRequest [ id=1, legacyType=-1, [ Capabilities: INTERNET&NOT_RESTRICTED&TRUSTED&NOT_VPN] ]
12-25 04:33:43.797  1161  1738 D WIFI    :   my score=60, my filter=[ Transports: WIFI Capabilities: INTERNET&NOT_RESTRICTED&TRUSTED&NOT_VPN LinkUpBandwidth>=1048576Kbps LinkDnBandwidth>=1048576Kbps]
12-25 04:33:43.797  1161  1738 D WifiNetworkAgent: NetworkAgent: WifiNetworkAgent -> Wifi networkStatus invalid score 60
12-25 04:33:43.807  1161  1738 E WifiStateMachine:  ConnectedState !CMD_UNWANTED_NETWORK 1 0 "lenovo-internet" 18:64:72:ea:0f:c1 rssi=-60 f=2462 sc=60 link=72 tx=928.5, 0.0, 0.0  rx=449.0 bcn=0 [on:0 tx:0 rx:0 period:40] from screen [on:0 period:2114016136] gl u24 rssi=-60 ag=0 hr ticks 0,0,0 ls-=0 [56,56,60,60,65] brc=0 lrc=0
12-25 04:33:43.807  1161  2208 I WifiStateMachine: Wlan: scanResultsList...
12-25 04:33:43.847 19146 19146 D WifiSettings: handleEvent(), action = android.net.wifi.STATE_CHANGE
12-25 04:33:43.857  1161  1738 E WifiStateMachine:  ConnectedState !CMD_GET_CONFIGURED_NETWORKS uid=1000 1000 0 num=6
12-25 04:33:43.867  1161  1723 V AlarmManagerService: AlarmThread::waitForAlarm, ioctl notify... 
12-25 04:33:43.867  1161  1723 V AlarmManagerService: result & TIME_CHANGED_MASK = 0 ,result & IS_WAKEUP_MASK = 0
12-25 04:33:43.867  1161  1723 I AlarmManagerService: triggerAlarmsLocked::mAlarmBatches.size() = 13
12-25 04:33:43.867  1161  1723 I AlarmManagerService: triggerAlarmsLocked: head of list: 94715156 nowELAPSED: 94715156 will sending alarm Batch size=1
12-25 04:33:43.867  1161  1723 V AlarmManagerService: Set alarm type: 3 alarmSeconds: 94731 alarmNanoseconds: 279000000
12-25 04:33:43.867  1161  1723 W AlarmManagerService: triggerAlarmsLocked: head of list: 94731279 nowELAPSED: 94715156 => not fire alarm in the future
12-25 04:33:43.867  1161  1723 I AlarmManagerService: AlarmThread::deliverAlarmsLocked::triggerList size=1
12-25 04:33:43.867  1161  1723 V AlarmManagerService: sending alarm Alarm{1a862be3 type 1 when 1419453223877 android}intent: Intent { act=com.android.server.WifiManager.action.START_SCAN }
12-25 04:33:43.867  1161  1723 V ActivityManager: Broadcast: Intent { act=com.android.server.WifiManager.action.START_SCAN flg=0x14 (has extras) } ordered=true userid=0
12-25 04:33:43.867  1161  1723 V AlarmManagerService: AlarmThread::waitForAlarm, ioctl wait... 
12-25 04:33:43.877  1161  1738 E WifiStateMachine:  L2ConnectedState !CMD_GET_CONFIGURED_NETWORKS uid=1000 1000 0 num=6
12-25 04:33:43.887  1161  1738 E WifiStateMachine:  ConnectModeState !CMD_GET_CONFIGURED_NETWORKS uid=1000 1000 0 num=6
12-25 04:33:43.897  1872  1872 D BatteryController: refresh battery with level 95, mCharging true, quick_chargefalse, mBatteryStyle0
12-25 04:33:43.907  1161  1748 I WifiStateMachine: Wlan: scanResultsList...
12-25 04:33:43.907 22695 22695 I Process : Sending signal. PID: 22695 SIG: 9
12-25 04:33:43.947 19146 19146 D WifiSettings: handleEvent(), action = android.net.wifi.STATE_CHANGE
12-25 04:33:43.967  1161  1738 E WifiStateMachine:  ConnectedState !CMD_GET_CONFIGURED_NETWORKS uid=1000 1000 0 num=6
12-25 04:33:43.977  1161  1738 E WifiStateMachine:  L2ConnectedState !CMD_GET_CONFIGURED_NETWORKS uid=1000 1000 0 num=6
12-25 04:33:43.987  1161  1738 E WifiStateMachine:  ConnectModeState !CMD_GET_CONFIGURED_NETWORKS uid=1000 1000 0 num=6
12-25 04:33:43.987  1161  2208 I ActivityManager: Process com.lenovo.browser (pid 22695) has died
12-25 04:33:43.987  1161  2208 W ActivityManager: notify app switch quit packageName=com.lenovo.browser
12-25 04:33:43.987  1161  2208 D ActivityManager: resumeTopActivityLocked: Top activity resumed ActivityRecord{4f1fb35 u0 com.android.wifi/.Settings$WifiSettingsActivity t47}
12-25 04:33:43.987  1161 22784 D ActivityManager: notifyAppSwitch resumed: false; pkg:com.lenovo.browser
12-25 04:33:43.987  1161 22784 D ActivityManager: com.lenovo.browser: paused or crashed, notify app
12-25 04:33:43.987  2191  2214 D AnalyticsTrackerLog0: [call] trackEvent: category=NOSEvent
12-25 04:33:43.987  2191  2214 V AnalyticsTrackerLog0: [status] network is offline
12-25 04:33:43.997  2191  3433 W AnalyticsTrackerLog0: [warning] event not save when sdk disabled
12-25 04:33:43.997  1161  2146 I WifiStateMachine: Wlan: scanResultsList...
12-25 04:33:44.017  1161  1725 D WindowManager: Poll up!
12-25 04:33:44.017  1161  1725 D WindowManager: interceptKeyTq keycode=3 interactive=true keyguardActive=false policyFlags=22000000
12-25 04:33:44.027  1161  1724 D WindowManager: interceptKeyTi keyCode=3 down=true repeatCount=0 keyguardOn=false mHomePressed=false canceled=false
12-25 04:33:44.027  1161  1724 D WindowManager.UnpinEventDetector: interceptKeyBeforeDispatching(KeyEvent { action=ACTION_DOWN, keyCode=KEYCODE_HOME, scanCode=102, metaState=0, flags=0x8, repeatCount=0, eventTime=21416763, downTime=21416763, deviceId=0, source=0x101 }, 1644167168)
12-25 04:33:44.027  1161  1724 D WindowManager.UnpinEventDetector: current unpin state is 0
12-25 04:33:44.027  1161  1724 D InputDispatcher: Dropped event because policy consumed it.
12-25 04:33:44.027  1161  2343 V ActivityManager: Broadcast: Intent { act=com.android.systemui.recent.action.PRELOAD flg=0x10 cmp=com.android.systemui/.recent.RecentsPreloadReceiver } ordered=false userid=-2
12-25 04:33:44.027 19146 19146 D WifiSettings: handleEvent(), action = android.net.wifi.STATE_CHANGE
12-25 04:33:44.027  1872  1872 I PhoneStatusBar: H handleMessage what : 1022
12-25 04:33:44.047  1161  1738 E WifiStateMachine:  ConnectedState !CMD_GET_CONFIGURED_NETWORKS uid=1000 1000 0 num=6
12-25 04:33:44.047  1872 22787 I Configuration: Configuration getConfigurationFromSysProp name= persist.sys.font_scale value=
12-25 04:33:44.057  1872 22787 I Configuration: Configuration getConfigurationFromSysProp name= persist.sys.font_scale value=
12-25 04:33:44.057  1872 22787 I Configuration: Configuration getConfigurationFromSysProp name= persist.sys.font_scale value=
12-25 04:33:44.057  1161  1738 E WifiStateMachine:  L2ConnectedState !CMD_GET_CONFIGURED_NETWORKS uid=1000 1000 0 num=6
12-25 04:33:44.057  1872 22787 V RecentTasksLoader: creating activity desc for id=47, label= , package=com.android.settings
12-25 04:33:44.057  1161  2253 I ActivityManager: ScreenShot:getTaskThumbnailLocked()
12-25 04:33:44.057  1161  2253 I ActivityManager: screenshotActivities.screenshotApplications() is run here 
12-25 04:33:44.057  1161  2253 I WindowManager: top is 75,bottom is 1920,height is 1920
12-25 04:33:44.067  1161  1738 E WifiStateMachine:  ConnectModeState !CMD_GET_CONFIGURED_NETWORKS uid=1000 1000 0 num=6
12-25 04:33:44.097  1161  1925 I WifiStateMachine: Wlan: scanResultsList...
12-25 04:33:44.117  1872 22787 D LenovoAppIconTheme: PackageItemInfo;loadIcon;packageName = com.android.settings
12-25 04:33:44.117  1872 22787 D LenovoAppIconTheme: ApplicationPackageManager;getLenovoDrawable;packageName = com.android.settings
12-25 04:33:44.117  1872 22787 I Configuration: Configuration getConfigurationFromSysProp name= persist.sys.font_scale value=
12-25 04:33:44.117  1872 22787 D LenovoAppIconTheme: ExtraResources;getLenovoDrawable;packageName = com.android.settings
12-25 04:33:44.117  1872 22787 D LenovoAppIconTheme: ExtraResources;getCachedIcon;sIconCache.size() = 1
12-25 04:33:44.117  1872 22787 W ResourceType: No package identifier when getting value for resource number 0x00000000
12-25 04:33:44.117  1872 22787 W PackageManager: getLenovoDrawable Failure retrieving resources forcom.android.settings: Resource ID #0x0
12-25 04:33:44.117  1872 22787 I Configuration: Configuration getConfigurationFromSysProp name= persist.sys.font_scale value=
12-25 04:33:44.117  1872 22787 W ResourceType: No package identifier when getting value for resource number 0x00000000
12-25 04:33:44.117  1872 22787 W PackageManager: Failure retrieving resources for com.android.settings: Resource ID #0x0
12-25 04:33:44.117  1161  1725 D WindowManager: Poll up!
12-25 04:33:44.117  1872 22787 D LenovoAppIconTheme: PackageItemInfo;loadIcon;packageName = com.android.settings
12-25 04:33:44.117  1872 22787 D LenovoAppIconTheme: ApplicationPackageManager;getLenovoDrawable;packageName = com.android.settings
12-25 04:33:44.117  1872 22787 I Configuration: Configuration getConfigurationFromSysProp name= persist.sys.font_scale value=
12-25 04:33:44.117  1872 22787 D LenovoAppIconTheme: ExtraResources;getLenovoDrawable;packageName = com.android.settings
12-25 04:33:44.117  1161  1725 D WindowManager: interceptKeyTq keycode=3 interactive=true keyguardActive=false policyFlags=22000000
12-25 04:33:44.117  1161  1725 I WindowManager: Play key click sound for home and back.
12-25 04:33:44.117  1872 22787 D LenovoAppIconTheme: ExtraResources;getCachedIcon;sIconCache.size() = 1
12-25 04:33:44.117  1872 22787 D LenovoAppIconTheme: ExtraResources;getCachedIcon;wr != null
12-25 04:33:44.117  1161  2146 D LenovoAppIconTheme: AppIconThemeServices;getThemeIconInfo;inPackageName = com.android.settings
12-25 04:33:44.117  1161  1724 D WindowManager: interceptKeyTi keyCode=3 down=false repeatCount=0 keyguardOn=false mHomePressed=true canceled=false
12-25 04:33:44.127  1161  1724 D WindowManager.UnpinEventDetector: interceptKeyBeforeDispatching(KeyEvent { action=ACTION_UP, keyCode=KEYCODE_HOME, scanCode=102, metaState=0, flags=0x8, repeatCount=0, eventTime=21416862, downTime=21416763, deviceId=0, source=0x101 }, 1644167168)
12-25 04:33:44.127  1161  1724 D WindowManager.UnpinEventDetector: current unpin state is 0
12-25 04:33:44.127  1161  1194 V ActivityManager: Broadcast: Intent { act=com.android.systemui.recent.CANCEL_PRELOAD flg=0x10 cmp=com.android.systemui/.recent.RecentsPreloadReceiver } ordered=false userid=-2
